[0.056s] DEBUG:colcon:Command line arguments: ['/usr/bin/colcon', 'build']
[0.056s] DEBUG:colcon:Parsed command line arguments: Namespace(log_base=None, log_level=None, verb_name='build', build_base='build', install_base='install', merge_install=False, symlink_install=False, test_result_base=None, continue_on_error=False, executor='parallel', parallel_workers=4, event_handlers=None, ignore_user_meta=False, metas=['./colcon.meta'], base_paths=['.'], packages_ignore=None, packages_ignore_regex=None, paths=None, packages_up_to=None, packages_up_to_regex=None, packages_above=None, packages_above_and_dependencies=None, packages_above_depth=None, packages_select_by_dep=None, packages_skip_by_dep=None, packages_skip_up_to=None, packages_select_build_failed=False, packages_skip_build_finished=False, packages_select_test_failures=False, packages_skip_test_passed=False, packages_select=None, packages_skip=None, packages_select_regex=None, packages_skip_regex=None, packages_start=None, packages_end=None, allow_overriding=[], cmake_args=None, cmake_target=None, cmake_target_skip_unavailable=False, cmake_clean_cache=False, cmake_clean_first=False, cmake_force_configure=False, ament_cmake_args=None, catkin_cmake_args=None, catkin_skip_building_tests=False, mixin_files=None, mixin=None, verb_parser=<colcon_mixin.mixin.mixin_argument.MixinArgumentDecorator object at 0x7838c11499c0>, verb_extension=<colcon_core.verb.build.BuildVerb object at 0x7838c1149390>, main=<bound method BuildVerb.main of <colcon_core.verb.build.BuildVerb object at 0x7838c1149390>>, mixin_verb=('build',))
[0.133s] Level 1:colcon.colcon_core.package_discovery:discover_packages(colcon_meta) check parameters
[0.133s] Level 1:colcon.colcon_core.package_discovery:discover_packages(recursive) check parameters
[0.133s] Level 1:colcon.colcon_core.package_discovery:discover_packages(ignore) check parameters
[0.133s] Level 1:colcon.colcon_core.package_discovery:discover_packages(path) check parameters
[0.133s] Level 1:colcon.colcon_core.package_discovery:discover_packages(colcon_meta) discover
[0.133s] Level 1:colcon.colcon_core.package_discovery:discover_packages(recursive) discover
[0.133s] INFO:colcon.colcon_core.package_discovery:Crawling recursively for packages in '/home/zsy/sy_git/ROS2/CHAPT3_WS'
[0.133s] Level 1:colcon.colcon_core.package_identification:_identify(.) by extensions ['ignore', 'ignore_ament_install']
[0.133s] Level 1:colcon.colcon_core.package_identification:_identify(.) by extension 'ignore'
[0.133s] Level 1:colcon.colcon_core.package_identification:_identify(.) by extension 'ignore_ament_install'
[0.133s] Level 1:colcon.colcon_core.package_identification:_identify(.) by extensions ['colcon_pkg']
[0.133s] Level 1:colcon.colcon_core.package_identification:_identify(.) by extension 'colcon_pkg'
[0.133s] Level 1:colcon.colcon_core.package_identification:_identify(.) by extensions ['colcon_meta']
[0.133s] Level 1:colcon.colcon_core.package_identification:_identify(.) by extension 'colcon_meta'
[0.134s] Level 1:colcon.colcon_core.package_identification:_identify(.) by extensions ['ros']
[0.134s] Level 1:colcon.colcon_core.package_identification:_identify(.) by extension 'ros'
[0.140s] Level 1:colcon.colcon_core.package_identification:_identify(.) by extensions ['cmake', 'python']
[0.140s] Level 1:colcon.colcon_core.package_identification:_identify(.) by extension 'cmake'
[0.140s] Level 1:colcon.colcon_core.package_identification:_identify(.) by extension 'python'
[0.141s] Level 1:colcon.colcon_core.package_identification:_identify(.) by extensions ['python_setup_py']
[0.141s] Level 1:colcon.colcon_core.package_identification:_identify(.) by extension 'python_setup_py'
[0.141s] Level 1:colcon.colcon_core.package_identification:_identify(build) by extensions ['ignore', 'ignore_ament_install']
[0.141s] Level 1:colcon.colcon_core.package_identification:_identify(build) by extension 'ignore'
[0.141s] Level 1:colcon.colcon_core.package_identification:_identify(build) ignored
[0.141s] Level 1:colcon.colcon_core.package_identification:_identify(install) by extensions ['ignore', 'ignore_ament_install']
[0.141s] Level 1:colcon.colcon_core.package_identification:_identify(install) by extension 'ignore'
[0.141s] Level 1:colcon.colcon_core.package_identification:_identify(install) ignored
[0.141s] Level 1:colcon.colcon_core.package_identification:_identify(log) by extensions ['ignore', 'ignore_ament_install']
[0.141s] Level 1:colcon.colcon_core.package_identification:_identify(log) by extension 'ignore'
[0.141s] Level 1:colcon.colcon_core.package_identification:_identify(log) ignored
[0.141s] Level 1:colcon.colcon_core.package_identification:_identify(topic_ws) by extensions ['ignore', 'ignore_ament_install']
[0.141s] Level 1:colcon.colcon_core.package_identification:_identify(topic_ws) by extension 'ignore'
[0.141s] Level 1:colcon.colcon_core.package_identification:_identify(topic_ws) by extension 'ignore_ament_install'
[0.141s] Level 1:colcon.colcon_core.package_identification:_identify(topic_ws) by extensions ['colcon_pkg']
[0.141s] Level 1:colcon.colcon_core.package_identification:_identify(topic_ws) by extension 'colcon_pkg'
[0.141s] Level 1:colcon.colcon_core.package_identification:_identify(topic_ws) by extensions ['colcon_meta']
[0.141s] Level 1:colcon.colcon_core.package_identification:_identify(topic_ws) by extension 'colcon_meta'
[0.141s] Level 1:colcon.colcon_core.package_identification:_identify(topic_ws) by extensions ['ros']
[0.141s] Level 1:colcon.colcon_core.package_identification:_identify(topic_ws) by extension 'ros'
[0.141s] Level 1:colcon.colcon_core.package_identification:_identify(topic_ws) by extensions ['cmake', 'python']
[0.141s] Level 1:colcon.colcon_core.package_identification:_identify(topic_ws) by extension 'cmake'
[0.141s] Level 1:colcon.colcon_core.package_identification:_identify(topic_ws) by extension 'python'
[0.141s] Level 1:colcon.colcon_core.package_identification:_identify(topic_ws) by extensions ['python_setup_py']
[0.141s] Level 1:colcon.colcon_core.package_identification:_identify(topic_ws) by extension 'python_setup_py'
[0.141s] Level 1:colcon.colcon_core.package_identification:_identify(topic_ws/build) by extensions ['ignore', 'ignore_ament_install']
[0.141s] Level 1:colcon.colcon_core.package_identification:_identify(topic_ws/build) by extension 'ignore'
[0.141s] Level 1:colcon.colcon_core.package_identification:_identify(topic_ws/build) ignored
[0.141s] Level 1:colcon.colcon_core.package_identification:_identify(topic_ws/install) by extensions ['ignore', 'ignore_ament_install']
[0.141s] Level 1:colcon.colcon_core.package_identification:_identify(topic_ws/install) by extension 'ignore'
[0.142s] Level 1:colcon.colcon_core.package_identification:_identify(topic_ws/install) ignored
[0.142s] Level 1:colcon.colcon_core.package_identification:_identify(topic_ws/log) by extensions ['ignore', 'ignore_ament_install']
[0.142s] Level 1:colcon.colcon_core.package_identification:_identify(topic_ws/log) by extension 'ignore'
[0.142s] Level 1:colcon.colcon_core.package_identification:_identify(topic_ws/log) ignored
[0.142s] Level 1:colcon.colcon_core.package_identification:_identify(topic_ws/src) by extensions ['ignore', 'ignore_ament_install']
[0.142s] Level 1:colcon.colcon_core.package_identification:_identify(topic_ws/src) by extension 'ignore'
[0.142s] Level 1:colcon.colcon_core.package_identification:_identify(topic_ws/src) by extension 'ignore_ament_install'
[0.142s] Level 1:colcon.colcon_core.package_identification:_identify(topic_ws/src) by extensions ['colcon_pkg']
[0.142s] Level 1:colcon.colcon_core.package_identification:_identify(topic_ws/src) by extension 'colcon_pkg'
[0.142s] Level 1:colcon.colcon_core.package_identification:_identify(topic_ws/src) by extensions ['colcon_meta']
[0.142s] Level 1:colcon.colcon_core.package_identification:_identify(topic_ws/src) by extension 'colcon_meta'
[0.142s] Level 1:colcon.colcon_core.package_identification:_identify(topic_ws/src) by extensions ['ros']
[0.142s] Level 1:colcon.colcon_core.package_identification:_identify(topic_ws/src) by extension 'ros'
[0.142s] Level 1:colcon.colcon_core.package_identification:_identify(topic_ws/src) by extensions ['cmake', 'python']
[0.142s] Level 1:colcon.colcon_core.package_identification:_identify(topic_ws/src) by extension 'cmake'
[0.142s] Level 1:colcon.colcon_core.package_identification:_identify(topic_ws/src) by extension 'python'
[0.142s] Level 1:colcon.colcon_core.package_identification:_identify(topic_ws/src) by extensions ['python_setup_py']
[0.142s] Level 1:colcon.colcon_core.package_identification:_identify(topic_ws/src) by extension 'python_setup_py'
[0.142s] Level 1:colcon.colcon_core.package_identification:_identify(topic_ws/src/demo_python_topic) by extensions ['ignore', 'ignore_ament_install']
[0.142s] Level 1:colcon.colcon_core.package_identification:_identify(topic_ws/src/demo_python_topic) by extension 'ignore'
[0.142s] Level 1:colcon.colcon_core.package_identification:_identify(topic_ws/src/demo_python_topic) by extension 'ignore_ament_install'
[0.142s] Level 1:colcon.colcon_core.package_identification:_identify(topic_ws/src/demo_python_topic) by extensions ['colcon_pkg']
[0.142s] Level 1:colcon.colcon_core.package_identification:_identify(topic_ws/src/demo_python_topic) by extension 'colcon_pkg'
[0.142s] Level 1:colcon.colcon_core.package_identification:_identify(topic_ws/src/demo_python_topic) by extensions ['colcon_meta']
[0.142s] Level 1:colcon.colcon_core.package_identification:_identify(topic_ws/src/demo_python_topic) by extension 'colcon_meta'
[0.142s] Level 1:colcon.colcon_core.package_identification:_identify(topic_ws/src/demo_python_topic) by extensions ['ros']
[0.142s] Level 1:colcon.colcon_core.package_identification:_identify(topic_ws/src/demo_python_topic) by extension 'ros'
[0.143s] DEBUG:colcon.colcon_core.package_identification:Package 'topic_ws/src/demo_python_topic' with type 'ros.ament_python' and name 'demo_python_topic'
[0.143s] Level 1:colcon.colcon_core.package_discovery:discover_packages(recursive) using defaults
[0.143s] Level 1:colcon.colcon_core.package_discovery:discover_packages(ignore) discover
[0.143s] Level 1:colcon.colcon_core.package_discovery:discover_packages(ignore) using defaults
[0.143s] Level 1:colcon.colcon_core.package_discovery:discover_packages(path) discover
[0.144s] Level 1:colcon.colcon_core.package_discovery:discover_packages(path) using defaults
[0.153s] Level 1:colcon.colcon_core.package_discovery:discover_packages(prefix_path) check parameters
[0.153s] Level 1:colcon.colcon_core.package_discovery:discover_packages(prefix_path) discover
[0.154s] DEBUG:colcon.colcon_installed_package_information.package_discovery:Found 1 installed packages in /home/zsy/sy_git/ROS2/CHAPT3_WS/install
[0.155s] DEBUG:colcon.colcon_installed_package_information.package_discovery:Found 270 installed packages in /opt/ros/humble
[0.156s] Level 1:colcon.colcon_core.package_discovery:discover_packages(prefix_path) using defaults
[0.179s] Level 5:colcon.colcon_core.verb:set package 'demo_python_topic' build argument 'cmake_args' from command line to 'None'
[0.179s] Level 5:colcon.colcon_core.verb:set package 'demo_python_topic' build argument 'cmake_target' from command line to 'None'
[0.179s] Level 5:colcon.colcon_core.verb:set package 'demo_python_topic' build argument 'cmake_target_skip_unavailable' from command line to 'False'
[0.179s] Level 5:colcon.colcon_core.verb:set package 'demo_python_topic' build argument 'cmake_clean_cache' from command line to 'False'
[0.179s] Level 5:colcon.colcon_core.verb:set package 'demo_python_topic' build argument 'cmake_clean_first' from command line to 'False'
[0.179s] Level 5:colcon.colcon_core.verb:set package 'demo_python_topic' build argument 'cmake_force_configure' from command line to 'False'
[0.180s] Level 5:colcon.colcon_core.verb:set package 'demo_python_topic' build argument 'ament_cmake_args' from command line to 'None'
[0.180s] Level 5:colcon.colcon_core.verb:set package 'demo_python_topic' build argument 'catkin_cmake_args' from command line to 'None'
[0.180s] Level 5:colcon.colcon_core.verb:set package 'demo_python_topic' build argument 'catkin_skip_building_tests' from command line to 'False'
[0.180s] DEBUG:colcon.colcon_core.verb:Building package 'demo_python_topic' with the following arguments: {'ament_cmake_args': None, 'build_base': '/home/zsy/sy_git/ROS2/CHAPT3_WS/build/demo_python_topic', 'catkin_cmake_args': None, 'catkin_skip_building_tests': False, 'cmake_args': None, 'cmake_clean_cache': False, 'cmake_clean_first': False, 'cmake_force_configure': False, 'cmake_target': None, 'cmake_target_skip_unavailable': False, 'install_base': '/home/zsy/sy_git/ROS2/CHAPT3_WS/install/demo_python_topic', 'merge_install': False, 'path': '/home/zsy/sy_git/ROS2/CHAPT3_WS/topic_ws/src/demo_python_topic', 'symlink_install': False, 'test_result_base': None}
[0.180s] INFO:colcon.colcon_core.executor:Executing jobs using 'parallel' executor
[0.180s] DEBUG:colcon.colcon_parallel_executor.executor.parallel:run_until_complete
[0.181s] INFO:colcon.colcon_ros.task.ament_python.build:Building ROS package in '/home/zsy/sy_git/ROS2/CHAPT3_WS/topic_ws/src/demo_python_topic' with build type 'ament_python'
[0.181s] Level 1:colcon.colcon_core.shell:create_environment_hook('demo_python_topic', 'ament_prefix_path')
[0.182s] INFO:colcon.colcon_core.plugin_system:Skipping extension 'colcon_core.shell.bat': Not used on non-Windows systems
[0.182s] INFO:colcon.colcon_core.shell:Creating environment hook '/home/zsy/sy_git/ROS2/CHAPT3_WS/install/demo_python_topic/share/demo_python_topic/hook/ament_prefix_path.ps1'
[0.183s] INFO:colcon.colcon_core.shell:Creating environment descriptor '/home/zsy/sy_git/ROS2/CHAPT3_WS/install/demo_python_topic/share/demo_python_topic/hook/ament_prefix_path.dsv'
[0.183s] INFO:colcon.colcon_core.shell:Creating environment hook '/home/zsy/sy_git/ROS2/CHAPT3_WS/install/demo_python_topic/share/demo_python_topic/hook/ament_prefix_path.sh'
[0.183s] INFO:colcon.colcon_core.shell:Skip shell extension 'powershell' for command environment: Not usable outside of PowerShell
[0.183s] DEBUG:colcon.colcon_core.shell:Skip shell extension 'dsv' for command environment
[0.309s] INFO:colcon.colcon_core.task.python.build:Building Python package in '/home/zsy/sy_git/ROS2/CHAPT3_WS/topic_ws/src/demo_python_topic'
[0.310s] INFO:colcon.colcon_core.shell:Skip shell extension 'powershell' for command environment: Not usable outside of PowerShell
[0.310s] DEBUG:colcon.colcon_core.shell:Skip shell extension 'dsv' for command environment
[0.479s] DEBUG:colcon.colcon_core.event_handler.log_command:Invoking command in '/home/zsy/sy_git/ROS2/CHAPT3_WS/topic_ws/src/demo_python_topic': PYTHONPATH=/home/zsy/sy_git/ROS2/CHAPT3_WS/build/demo_python_topic/prefix_override:/usr/lib/python3/dist-packages/colcon_core/task/python/colcon_distutils_commands:/home/zsy/sy_git/ROS2/CHAPT3_WS/install/demo_python_topic/lib/python3.10/site-packages:${PYTHONPATH} /usr/bin/python3 -W ignore:setup.py install is deprecated setup.py egg_info --egg-base ../../../build/demo_python_topic build --build-base /home/zsy/sy_git/ROS2/CHAPT3_WS/build/demo_python_topic/build install --record /home/zsy/sy_git/ROS2/CHAPT3_WS/build/demo_python_topic/install.log --single-version-externally-managed install_data
[0.624s] DEBUG:colcon.colcon_core.event_handler.log_command:Invoked command in '/home/zsy/sy_git/ROS2/CHAPT3_WS/topic_ws/src/demo_python_topic' returned '0': PYTHONPATH=/home/zsy/sy_git/ROS2/CHAPT3_WS/build/demo_python_topic/prefix_override:/usr/lib/python3/dist-packages/colcon_core/task/python/colcon_distutils_commands:/home/zsy/sy_git/ROS2/CHAPT3_WS/install/demo_python_topic/lib/python3.10/site-packages:${PYTHONPATH} /usr/bin/python3 -W ignore:setup.py install is deprecated setup.py egg_info --egg-base ../../../build/demo_python_topic build --build-base /home/zsy/sy_git/ROS2/CHAPT3_WS/build/demo_python_topic/build install --record /home/zsy/sy_git/ROS2/CHAPT3_WS/build/demo_python_topic/install.log --single-version-externally-managed install_data
[0.625s] Level 1:colcon.colcon_core.environment:checking '/home/zsy/sy_git/ROS2/CHAPT3_WS/install/demo_python_topic' for CMake module files
[0.625s] Level 1:colcon.colcon_core.environment:checking '/home/zsy/sy_git/ROS2/CHAPT3_WS/install/demo_python_topic' for CMake config files
[0.626s] Level 1:colcon.colcon_core.environment:checking '/home/zsy/sy_git/ROS2/CHAPT3_WS/install/demo_python_topic/lib'
[0.626s] Level 1:colcon.colcon_core.environment:checking '/home/zsy/sy_git/ROS2/CHAPT3_WS/install/demo_python_topic/bin'
[0.626s] Level 1:colcon.colcon_core.environment:checking '/home/zsy/sy_git/ROS2/CHAPT3_WS/install/demo_python_topic/lib/pkgconfig/demo_python_topic.pc'
[0.626s] Level 1:colcon.colcon_core.environment:checking '/home/zsy/sy_git/ROS2/CHAPT3_WS/install/demo_python_topic/lib/python3.10/site-packages'
[0.626s] Level 1:colcon.colcon_core.shell:create_environment_hook('demo_python_topic', 'pythonpath')
[0.626s] INFO:colcon.colcon_core.shell:Creating environment hook '/home/zsy/sy_git/ROS2/CHAPT3_WS/install/demo_python_topic/share/demo_python_topic/hook/pythonpath.ps1'
[0.626s] INFO:colcon.colcon_core.shell:Creating environment descriptor '/home/zsy/sy_git/ROS2/CHAPT3_WS/install/demo_python_topic/share/demo_python_topic/hook/pythonpath.dsv'
[0.627s] INFO:colcon.colcon_core.shell:Creating environment hook '/home/zsy/sy_git/ROS2/CHAPT3_WS/install/demo_python_topic/share/demo_python_topic/hook/pythonpath.sh'
[0.627s] Level 1:colcon.colcon_core.environment:checking '/home/zsy/sy_git/ROS2/CHAPT3_WS/install/demo_python_topic/bin'
[0.627s] Level 1:colcon.colcon_core.environment:create_environment_scripts_only(demo_python_topic)
[0.627s] INFO:colcon.colcon_core.shell:Creating package script '/home/zsy/sy_git/ROS2/CHAPT3_WS/install/demo_python_topic/share/demo_python_topic/package.ps1'
[0.628s] INFO:colcon.colcon_core.shell:Creating package descriptor '/home/zsy/sy_git/ROS2/CHAPT3_WS/install/demo_python_topic/share/demo_python_topic/package.dsv'
[0.628s] INFO:colcon.colcon_core.shell:Creating package script '/home/zsy/sy_git/ROS2/CHAPT3_WS/install/demo_python_topic/share/demo_python_topic/package.sh'
[0.629s] INFO:colcon.colcon_core.shell:Creating package script '/home/zsy/sy_git/ROS2/CHAPT3_WS/install/demo_python_topic/share/demo_python_topic/package.bash'
[0.629s] INFO:colcon.colcon_core.shell:Creating package script '/home/zsy/sy_git/ROS2/CHAPT3_WS/install/demo_python_topic/share/demo_python_topic/package.zsh'
[0.630s] Level 1:colcon.colcon_core.environment:create_file_with_runtime_dependencies(/home/zsy/sy_git/ROS2/CHAPT3_WS/install/demo_python_topic/share/colcon-core/packages/demo_python_topic)
[0.630s] DEBUG:colcon.colcon_parallel_executor.executor.parallel:closing loop
[0.630s] DEBUG:colcon.colcon_parallel_executor.executor.parallel:loop closed
[0.631s] DEBUG:colcon.colcon_parallel_executor.executor.parallel:run_until_complete finished with '0'
[0.631s] DEBUG:colcon.colcon_core.event_reactor:joining thread
[0.634s] INFO:colcon.colcon_core.plugin_system:Skipping extension 'colcon_notification.desktop_notification.terminal_notifier': Not used on non-Darwin systems
[0.634s] INFO:colcon.colcon_core.plugin_system:Skipping extension 'colcon_notification.desktop_notification.win32': Not used on non-Windows systems
[0.634s] INFO:colcon.colcon_notification.desktop_notification:Sending desktop notification using 'notify2'
[0.641s] DEBUG:colcon.colcon_core.event_reactor:joined thread
[0.641s] INFO:colcon.colcon_core.shell:Creating prefix script '/home/zsy/sy_git/ROS2/CHAPT3_WS/install/local_setup.ps1'
[0.642s] INFO:colcon.colcon_core.shell:Creating prefix util module '/home/zsy/sy_git/ROS2/CHAPT3_WS/install/_local_setup_util_ps1.py'
[0.643s] INFO:colcon.colcon_core.shell:Creating prefix chain script '/home/zsy/sy_git/ROS2/CHAPT3_WS/install/setup.ps1'
[0.643s] INFO:colcon.colcon_core.shell:Creating prefix script '/home/zsy/sy_git/ROS2/CHAPT3_WS/install/local_setup.sh'
[0.644s] INFO:colcon.colcon_core.shell:Creating prefix util module '/home/zsy/sy_git/ROS2/CHAPT3_WS/install/_local_setup_util_sh.py'
[0.644s] INFO:colcon.colcon_core.shell:Creating prefix chain script '/home/zsy/sy_git/ROS2/CHAPT3_WS/install/setup.sh'
[0.644s] INFO:colcon.colcon_core.shell:Creating prefix script '/home/zsy/sy_git/ROS2/CHAPT3_WS/install/local_setup.bash'
[0.645s] INFO:colcon.colcon_core.shell:Creating prefix chain script '/home/zsy/sy_git/ROS2/CHAPT3_WS/install/setup.bash'
[0.645s] INFO:colcon.colcon_core.shell:Creating prefix script '/home/zsy/sy_git/ROS2/CHAPT3_WS/install/local_setup.zsh'
[0.646s] INFO:colcon.colcon_core.shell:Creating prefix chain script '/home/zsy/sy_git/ROS2/CHAPT3_WS/install/setup.zsh'
