[0.008s] Invoking command in '/home/zsy/sy_git/ROS2/CHAPT3_WS/topic_practice_ws/build/status_display': CMAKE_PREFIX_PATH=/home/zsy/sy_git/ROS2/CHAPT3_WS/topic_practice_ws/install/status_interfaces:/home/zsy/sy_git/ROS2/CHAPT3_WS/topic_practice_ws/install/status_display:/home/zsy/sy_git/ROS2/CHAPT3_WS/topic_practice_ws/install/status_publisher:/opt/ros/humble /usr/bin/cmake /home/zsy/sy_git/ROS2/CHAPT3_WS/topic_practice_ws/src/status_display -DCMAKE_INSTALL_PREFIX=/home/zsy/sy_git/ROS2/CHAPT3_WS/topic_practice_ws/install/status_display
[0.047s] -- The C compiler identification is GNU 11.4.0
[0.095s] -- The CXX compiler identification is GNU 11.4.0
[0.101s] -- Detecting C compiler ABI info
[0.158s] -- Detecting C compiler ABI info - done
[0.162s] -- Check for working C compiler: /usr/bin/cc - skipped
[0.162s] -- Detecting C compile features
[0.163s] -- Detecting C compile features - done
[0.164s] -- Detecting CXX compiler ABI info
[0.229s] -- Detecting CXX compiler ABI info - done
[0.239s] -- Check for working CXX compiler: /usr/bin/c++ - skipped
[0.239s] -- Detecting CXX compile features
[0.239s] -- Detecting CXX compile features - done
[0.239s] -- Found ament_cmake: 1.3.10 (/opt/ros/humble/share/ament_cmake/cmake)
[0.334s] -- Found Python3: /usr/bin/python3 (found version "3.10.12") found components: Interpreter 
[0.393s] -- Found rclcpp: 16.0.10 (/opt/ros/humble/share/rclcpp/cmake)
[0.419s] -- Found rosidl_generator_c: 3.1.5 (/opt/ros/humble/share/rosidl_generator_c/cmake)
[0.422s] -- Found rosidl_adapter: 3.1.5 (/opt/ros/humble/share/rosidl_adapter/cmake)
[0.428s] -- Found rosidl_generator_cpp: 3.1.5 (/opt/ros/humble/share/rosidl_generator_cpp/cmake)
[0.435s] -- Using all available rosidl_typesupport_c: rosidl_typesupport_fastrtps_c;rosidl_typesupport_introspection_c
[0.446s] -- Using all available rosidl_typesupport_cpp: rosidl_typesupport_fastrtps_cpp;rosidl_typesupport_introspection_cpp
[0.474s] -- Found rmw_implementation_cmake: 6.1.2 (/opt/ros/humble/share/rmw_implementation_cmake/cmake)
[0.475s] -- Found rmw_fastrtps_cpp: 6.2.7 (/opt/ros/humble/share/rmw_fastrtps_cpp/cmake)
[0.542s] -- Found OpenSSL: /usr/lib/x86_64-linux-gnu/libcrypto.so (found version "3.0.2")  
[0.558s] -- Found FastRTPS: /opt/ros/humble/include  
[0.583s] -- Using RMW implementation 'rmw_fastrtps_cpp' as default
[0.589s] -- Looking for pthread.h
[0.646s] -- Looking for pthread.h - found
[0.646s] -- Performing Test CMAKE_HAVE_LIBC_PTHREAD
[0.705s] -- Performing Test CMAKE_HAVE_LIBC_PTHREAD - Success
[0.705s] -- Found Threads: TRUE  
[0.733s] -- Found status_interfaces: 0.0.0 (/home/zsy/sy_git/ROS2/CHAPT3_WS/topic_practice_ws/install/status_interfaces/share/status_interfaces/cmake)
[0.747s] -- Found ament_lint_auto: 0.12.11 (/opt/ros/humble/share/ament_lint_auto/cmake)
[0.796s] -- Added test 'cppcheck' to perform static code analysis on C / C++ code
[0.796s] -- Configured cppcheck include dirs: 
[0.797s] -- Configured cppcheck exclude dirs and/or files: 
[0.797s] -- Added test 'lint_cmake' to check CMake code style
[0.798s] -- Added test 'uncrustify' to check C / C++ code style
[0.798s] -- Configured uncrustify additional arguments: 
[0.798s] -- Added test 'xmllint' to check XML markup files
[0.800s] -- Configuring done
[0.805s] -- Generating done
[0.806s] -- Build files have been written to: /home/zsy/sy_git/ROS2/CHAPT3_WS/topic_practice_ws/build/status_display
[0.814s] Invoked command in '/home/zsy/sy_git/ROS2/CHAPT3_WS/topic_practice_ws/build/status_display' returned '0': CMAKE_PREFIX_PATH=/home/zsy/sy_git/ROS2/CHAPT3_WS/topic_practice_ws/install/status_interfaces:/home/zsy/sy_git/ROS2/CHAPT3_WS/topic_practice_ws/install/status_display:/home/zsy/sy_git/ROS2/CHAPT3_WS/topic_practice_ws/install/status_publisher:/opt/ros/humble /usr/bin/cmake /home/zsy/sy_git/ROS2/CHAPT3_WS/topic_practice_ws/src/status_display -DCMAKE_INSTALL_PREFIX=/home/zsy/sy_git/ROS2/CHAPT3_WS/topic_practice_ws/install/status_display
[0.815s] Invoking command in '/home/zsy/sy_git/ROS2/CHAPT3_WS/topic_practice_ws/build/status_display': CMAKE_PREFIX_PATH=/home/zsy/sy_git/ROS2/CHAPT3_WS/topic_practice_ws/install/status_interfaces:/home/zsy/sy_git/ROS2/CHAPT3_WS/topic_practice_ws/install/status_display:/home/zsy/sy_git/ROS2/CHAPT3_WS/topic_practice_ws/install/status_publisher:/opt/ros/humble /usr/bin/cmake --build /home/zsy/sy_git/ROS2/CHAPT3_WS/topic_practice_ws/build/status_display -- -j4 -l4
[0.857s] [ 50%] [32mBuilding CXX object CMakeFiles/hello_qt.dir/src/hello_qt.cpp.o[0m
[1.402s] [100%] [32m[1mLinking CXX executable hello_qt[0m
[1.568s] [100%] Built target hello_qt
[1.576s] Invoked command in '/home/zsy/sy_git/ROS2/CHAPT3_WS/topic_practice_ws/build/status_display' returned '0': CMAKE_PREFIX_PATH=/home/zsy/sy_git/ROS2/CHAPT3_WS/topic_practice_ws/install/status_interfaces:/home/zsy/sy_git/ROS2/CHAPT3_WS/topic_practice_ws/install/status_display:/home/zsy/sy_git/ROS2/CHAPT3_WS/topic_practice_ws/install/status_publisher:/opt/ros/humble /usr/bin/cmake --build /home/zsy/sy_git/ROS2/CHAPT3_WS/topic_practice_ws/build/status_display -- -j4 -l4
[1.594s] Invoking command in '/home/zsy/sy_git/ROS2/CHAPT3_WS/topic_practice_ws/build/status_display': CMAKE_PREFIX_PATH=/home/zsy/sy_git/ROS2/CHAPT3_WS/topic_practice_ws/install/status_interfaces:/home/zsy/sy_git/ROS2/CHAPT3_WS/topic_practice_ws/install/status_display:/home/zsy/sy_git/ROS2/CHAPT3_WS/topic_practice_ws/install/status_publisher:/opt/ros/humble /usr/bin/cmake --install /home/zsy/sy_git/ROS2/CHAPT3_WS/topic_practice_ws/build/status_display
[1.601s] -- Install configuration: ""
[1.601s] -- Installing: /home/zsy/sy_git/ROS2/CHAPT3_WS/topic_practice_ws/install/status_display/lib/status_display/hello_qt
[1.601s] -- Installing: /home/zsy/sy_git/ROS2/CHAPT3_WS/topic_practice_ws/install/status_display/share/ament_index/resource_index/package_run_dependencies/status_display
[1.604s] -- Installing: /home/zsy/sy_git/ROS2/CHAPT3_WS/topic_practice_ws/install/status_display/share/ament_index/resource_index/parent_prefix_path/status_display
[1.604s] -- Installing: /home/zsy/sy_git/ROS2/CHAPT3_WS/topic_practice_ws/install/status_display/share/status_display/environment/ament_prefix_path.sh
[1.604s] -- Installing: /home/zsy/sy_git/ROS2/CHAPT3_WS/topic_practice_ws/install/status_display/share/status_display/environment/ament_prefix_path.dsv
[1.604s] -- Installing: /home/zsy/sy_git/ROS2/CHAPT3_WS/topic_practice_ws/install/status_display/share/status_display/environment/path.sh
[1.604s] -- Installing: /home/zsy/sy_git/ROS2/CHAPT3_WS/topic_practice_ws/install/status_display/share/status_display/environment/path.dsv
[1.604s] -- Installing: /home/zsy/sy_git/ROS2/CHAPT3_WS/topic_practice_ws/install/status_display/share/status_display/local_setup.bash
[1.604s] -- Installing: /home/zsy/sy_git/ROS2/CHAPT3_WS/topic_practice_ws/install/status_display/share/status_display/local_setup.sh
[1.604s] -- Installing: /home/zsy/sy_git/ROS2/CHAPT3_WS/topic_practice_ws/install/status_display/share/status_display/local_setup.zsh
[1.604s] -- Installing: /home/zsy/sy_git/ROS2/CHAPT3_WS/topic_practice_ws/install/status_display/share/status_display/local_setup.dsv
[1.604s] -- Installing: /home/zsy/sy_git/ROS2/CHAPT3_WS/topic_practice_ws/install/status_display/share/status_display/package.dsv
[1.604s] -- Installing: /home/zsy/sy_git/ROS2/CHAPT3_WS/topic_practice_ws/install/status_display/share/ament_index/resource_index/packages/status_display
[1.605s] -- Installing: /home/zsy/sy_git/ROS2/CHAPT3_WS/topic_practice_ws/install/status_display/share/status_display/cmake/status_displayConfig.cmake
[1.605s] -- Installing: /home/zsy/sy_git/ROS2/CHAPT3_WS/topic_practice_ws/install/status_display/share/status_display/cmake/status_displayConfig-version.cmake
[1.605s] -- Installing: /home/zsy/sy_git/ROS2/CHAPT3_WS/topic_practice_ws/install/status_display/share/status_display/package.xml
[1.605s] Invoked command in '/home/zsy/sy_git/ROS2/CHAPT3_WS/topic_practice_ws/build/status_display' returned '0': CMAKE_PREFIX_PATH=/home/zsy/sy_git/ROS2/CHAPT3_WS/topic_practice_ws/install/status_interfaces:/home/zsy/sy_git/ROS2/CHAPT3_WS/topic_practice_ws/install/status_display:/home/zsy/sy_git/ROS2/CHAPT3_WS/topic_practice_ws/install/status_publisher:/opt/ros/humble /usr/bin/cmake --install /home/zsy/sy_git/ROS2/CHAPT3_WS/topic_practice_ws/build/status_display
