[0.337s] Invoking command in '/home/zsy/sy_git/ROS2/CHAPT3_WS/topic_ws/src/demo_python_topic': PYTHONPATH=/home/zsy/sy_git/ROS2/CHAPT3_WS/topic_ws/build/demo_python_topic/prefix_override:/usr/lib/python3/dist-packages/colcon_core/task/python/colcon_distutils_commands:/home/zsy/sy_git/ROS2/CHAPT3_WS/topic_ws/install/demo_python_topic/lib/python3.10/site-packages:${PYTHONPATH} /usr/bin/python3 -W ignore:setup.py install is deprecated setup.py egg_info --egg-base ../../build/demo_python_topic build --build-base /home/zsy/sy_git/ROS2/CHAPT3_WS/topic_ws/build/demo_python_topic/build install --record /home/zsy/sy_git/ROS2/CHAPT3_WS/topic_ws/build/demo_python_topic/install.log --single-version-externally-managed install_data
[0.452s] running egg_info
[0.452s] writing ../../build/demo_python_topic/demo_python_topic.egg-info/PKG-INFO
[0.452s] writing dependency_links to ../../build/demo_python_topic/demo_python_topic.egg-info/dependency_links.txt
[0.452s] writing entry points to ../../build/demo_python_topic/demo_python_topic.egg-info/entry_points.txt
[0.452s] writing requirements to ../../build/demo_python_topic/demo_python_topic.egg-info/requires.txt
[0.452s] writing top-level names to ../../build/demo_python_topic/demo_python_topic.egg-info/top_level.txt
[0.454s] reading manifest file '../../build/demo_python_topic/demo_python_topic.egg-info/SOURCES.txt'
[0.454s] adding license file 'LICENSE'
[0.454s] writing manifest file '../../build/demo_python_topic/demo_python_topic.egg-info/SOURCES.txt'
[0.454s] running build
[0.454s] running build_py
[0.455s] running install
[0.455s] running install_lib
[0.455s] running install_data
[0.455s] running install_egg_info
[0.457s] removing '/home/zsy/sy_git/ROS2/CHAPT3_WS/topic_ws/install/demo_python_topic/lib/python3.10/site-packages/demo_python_topic-0.0.0-py3.10.egg-info' (and everything under it)
[0.457s] Copying ../../build/demo_python_topic/demo_python_topic.egg-info to /home/zsy/sy_git/ROS2/CHAPT3_WS/topic_ws/install/demo_python_topic/lib/python3.10/site-packages/demo_python_topic-0.0.0-py3.10.egg-info
[0.457s] running install_scripts
[0.469s] Installing novel_pub_node script to /home/zsy/sy_git/ROS2/CHAPT3_WS/topic_ws/install/demo_python_topic/lib/demo_python_topic
[0.469s] Installing novel_sub_node script to /home/zsy/sy_git/ROS2/CHAPT3_WS/topic_ws/install/demo_python_topic/lib/demo_python_topic
[0.469s] writing list of installed files to '/home/zsy/sy_git/ROS2/CHAPT3_WS/topic_ws/build/demo_python_topic/install.log'
[0.481s] Invoked command in '/home/zsy/sy_git/ROS2/CHAPT3_WS/topic_ws/src/demo_python_topic' returned '0': PYTHONPATH=/home/zsy/sy_git/ROS2/CHAPT3_WS/topic_ws/build/demo_python_topic/prefix_override:/usr/lib/python3/dist-packages/colcon_core/task/python/colcon_distutils_commands:/home/zsy/sy_git/ROS2/CHAPT3_WS/topic_ws/install/demo_python_topic/lib/python3.10/site-packages:${PYTHONPATH} /usr/bin/python3 -W ignore:setup.py install is deprecated setup.py egg_info --egg-base ../../build/demo_python_topic build --build-base /home/zsy/sy_git/ROS2/CHAPT3_WS/topic_ws/build/demo_python_topic/build install --record /home/zsy/sy_git/ROS2/CHAPT3_WS/topic_ws/build/demo_python_topic/install.log --single-version-externally-managed install_data
