[0.298s] Invoking command in '/home/zsy/sy_git/ROS2/CHAPT3_WS/topic_ws/src/demo_python_topic': PYTHONPATH=/home/zsy/sy_git/ROS2/CHAPT3_WS/build/demo_python_topic/prefix_override:/usr/lib/python3/dist-packages/colcon_core/task/python/colcon_distutils_commands:/home/zsy/sy_git/ROS2/CHAPT3_WS/install/demo_python_topic/lib/python3.10/site-packages:${PYTHONPATH} /usr/bin/python3 -W ignore:setup.py install is deprecated setup.py egg_info --egg-base ../../../build/demo_python_topic build --build-base /home/zsy/sy_git/ROS2/CHAPT3_WS/build/demo_python_topic/build install --record /home/zsy/sy_git/ROS2/CHAPT3_WS/build/demo_python_topic/install.log --single-version-externally-managed install_data
[0.411s] running egg_info
[0.411s] writing ../../../build/demo_python_topic/demo_python_topic.egg-info/PKG-INFO
[0.411s] writing dependency_links to ../../../build/demo_python_topic/demo_python_topic.egg-info/dependency_links.txt
[0.412s] writing entry points to ../../../build/demo_python_topic/demo_python_topic.egg-info/entry_points.txt
[0.412s] writing requirements to ../../../build/demo_python_topic/demo_python_topic.egg-info/requires.txt
[0.412s] writing top-level names to ../../../build/demo_python_topic/demo_python_topic.egg-info/top_level.txt
[0.413s] reading manifest file '../../../build/demo_python_topic/demo_python_topic.egg-info/SOURCES.txt'
[0.414s] adding license file 'LICENSE'
[0.414s] writing manifest file '../../../build/demo_python_topic/demo_python_topic.egg-info/SOURCES.txt'
[0.414s] running build
[0.414s] running build_py
[0.414s] copying demo_python_topic/novel_pub_node.py -> /home/zsy/sy_git/ROS2/CHAPT3_WS/build/demo_python_topic/build/lib/demo_python_topic
[0.415s] running install
[0.415s] running install_lib
[0.415s] copying /home/zsy/sy_git/ROS2/CHAPT3_WS/build/demo_python_topic/build/lib/demo_python_topic/novel_pub_node.py -> /home/zsy/sy_git/ROS2/CHAPT3_WS/install/demo_python_topic/lib/python3.10/site-packages/demo_python_topic
[0.416s] byte-compiling /home/zsy/sy_git/ROS2/CHAPT3_WS/install/demo_python_topic/lib/python3.10/site-packages/demo_python_topic/novel_pub_node.py to novel_pub_node.cpython-310.pyc
[0.416s] running install_data
[0.416s] running install_egg_info
[0.418s] removing '/home/zsy/sy_git/ROS2/CHAPT3_WS/install/demo_python_topic/lib/python3.10/site-packages/demo_python_topic-0.0.0-py3.10.egg-info' (and everything under it)
[0.418s] Copying ../../../build/demo_python_topic/demo_python_topic.egg-info to /home/zsy/sy_git/ROS2/CHAPT3_WS/install/demo_python_topic/lib/python3.10/site-packages/demo_python_topic-0.0.0-py3.10.egg-info
[0.419s] running install_scripts
[0.430s] Installing novel_pub_node script to /home/zsy/sy_git/ROS2/CHAPT3_WS/install/demo_python_topic/lib/demo_python_topic
[0.431s] writing list of installed files to '/home/zsy/sy_git/ROS2/CHAPT3_WS/build/demo_python_topic/install.log'
[0.445s] Invoked command in '/home/zsy/sy_git/ROS2/CHAPT3_WS/topic_ws/src/demo_python_topic' returned '0': PYTHONPATH=/home/zsy/sy_git/ROS2/CHAPT3_WS/build/demo_python_topic/prefix_override:/usr/lib/python3/dist-packages/colcon_core/task/python/colcon_distutils_commands:/home/zsy/sy_git/ROS2/CHAPT3_WS/install/demo_python_topic/lib/python3.10/site-packages:${PYTHONPATH} /usr/bin/python3 -W ignore:setup.py install is deprecated setup.py egg_info --egg-base ../../../build/demo_python_topic build --build-base /home/zsy/sy_git/ROS2/CHAPT3_WS/build/demo_python_topic/build install --record /home/zsy/sy_git/ROS2/CHAPT3_WS/build/demo_python_topic/install.log --single-version-externally-managed install_data
