[0.059s] DEBUG:colcon:Command line arguments: ['/usr/bin/colcon', 'build']
[0.059s] DEBUG:colcon:Parsed command line arguments: Namespace(log_base=None, log_level=None, verb_name='build', build_base='build', install_base='install', merge_install=False, symlink_install=False, test_result_base=None, continue_on_error=False, executor='parallel', parallel_workers=4, event_handlers=None, ignore_user_meta=False, metas=['./colcon.meta'], base_paths=['.'], packages_ignore=None, packages_ignore_regex=None, paths=None, packages_up_to=None, packages_up_to_regex=None, packages_above=None, packages_above_and_dependencies=None, packages_above_depth=None, packages_select_by_dep=None, packages_skip_by_dep=None, packages_skip_up_to=None, packages_select_build_failed=False, packages_skip_build_finished=False, packages_select_test_failures=False, packages_skip_test_passed=False, packages_select=None, packages_skip=None, packages_select_regex=None, packages_skip_regex=None, packages_start=None, packages_end=None, allow_overriding=[], cmake_args=None, cmake_target=None, cmake_target_skip_unavailable=False, cmake_clean_cache=False, cmake_clean_first=False, cmake_force_configure=False, ament_cmake_args=None, catkin_cmake_args=None, catkin_skip_building_tests=False, mixin_files=None, mixin=None, verb_parser=<colcon_mixin.mixin.mixin_argument.MixinArgumentDecorator object at 0x7393c6b42950>, verb_extension=<colcon_core.verb.build.BuildVerb object at 0x7393c6b423b0>, main=<bound method BuildVerb.main of <colcon_core.verb.build.BuildVerb object at 0x7393c6b423b0>>, mixin_verb=('build',))
[0.140s] Level 1:colcon.colcon_core.package_discovery:discover_packages(colcon_meta) check parameters
[0.140s] Level 1:colcon.colcon_core.package_discovery:discover_packages(recursive) check parameters
[0.140s] Level 1:colcon.colcon_core.package_discovery:discover_packages(ignore) check parameters
[0.140s] Level 1:colcon.colcon_core.package_discovery:discover_packages(path) check parameters
[0.140s] Level 1:colcon.colcon_core.package_discovery:discover_packages(colcon_meta) discover
[0.140s] Level 1:colcon.colcon_core.package_discovery:discover_packages(recursive) discover
[0.140s] INFO:colcon.colcon_core.package_discovery:Crawling recursively for packages in '/home/zsy/sy_git/ROS2/CHAPT3_WS/topic_practice_ws'
[0.140s] Level 1:colcon.colcon_core.package_identification:_identify(.) by extensions ['ignore', 'ignore_ament_install']
[0.140s] Level 1:colcon.colcon_core.package_identification:_identify(.) by extension 'ignore'
[0.140s] Level 1:colcon.colcon_core.package_identification:_identify(.) by extension 'ignore_ament_install'
[0.140s] Level 1:colcon.colcon_core.package_identification:_identify(.) by extensions ['colcon_pkg']
[0.140s] Level 1:colcon.colcon_core.package_identification:_identify(.) by extension 'colcon_pkg'
[0.140s] Level 1:colcon.colcon_core.package_identification:_identify(.) by extensions ['colcon_meta']
[0.140s] Level 1:colcon.colcon_core.package_identification:_identify(.) by extension 'colcon_meta'
[0.140s] Level 1:colcon.colcon_core.package_identification:_identify(.) by extensions ['ros']
[0.140s] Level 1:colcon.colcon_core.package_identification:_identify(.) by extension 'ros'
[0.146s] Level 1:colcon.colcon_core.package_identification:_identify(.) by extensions ['cmake', 'python']
[0.146s] Level 1:colcon.colcon_core.package_identification:_identify(.) by extension 'cmake'
[0.146s] Level 1:colcon.colcon_core.package_identification:_identify(.) by extension 'python'
[0.146s] Level 1:colcon.colcon_core.package_identification:_identify(.) by extensions ['python_setup_py']
[0.146s] Level 1:colcon.colcon_core.package_identification:_identify(.) by extension 'python_setup_py'
[0.146s] Level 1:colcon.colcon_core.package_identification:_identify(build) by extensions ['ignore', 'ignore_ament_install']
[0.146s] Level 1:colcon.colcon_core.package_identification:_identify(build) by extension 'ignore'
[0.146s] Level 1:colcon.colcon_core.package_identification:_identify(build) ignored
[0.146s] Level 1:colcon.colcon_core.package_identification:_identify(install) by extensions ['ignore', 'ignore_ament_install']
[0.146s] Level 1:colcon.colcon_core.package_identification:_identify(install) by extension 'ignore'
[0.146s] Level 1:colcon.colcon_core.package_identification:_identify(install) ignored
[0.146s] Level 1:colcon.colcon_core.package_identification:_identify(log) by extensions ['ignore', 'ignore_ament_install']
[0.146s] Level 1:colcon.colcon_core.package_identification:_identify(log) by extension 'ignore'
[0.146s] Level 1:colcon.colcon_core.package_identification:_identify(log) ignored
[0.146s] Level 1:colcon.colcon_core.package_identification:_identify(src) by extensions ['ignore', 'ignore_ament_install']
[0.146s] Level 1:colcon.colcon_core.package_identification:_identify(src) by extension 'ignore'
[0.146s] Level 1:colcon.colcon_core.package_identification:_identify(src) by extension 'ignore_ament_install'
[0.146s] Level 1:colcon.colcon_core.package_identification:_identify(src) by extensions ['colcon_pkg']
[0.146s] Level 1:colcon.colcon_core.package_identification:_identify(src) by extension 'colcon_pkg'
[0.146s] Level 1:colcon.colcon_core.package_identification:_identify(src) by extensions ['colcon_meta']
[0.146s] Level 1:colcon.colcon_core.package_identification:_identify(src) by extension 'colcon_meta'
[0.146s] Level 1:colcon.colcon_core.package_identification:_identify(src) by extensions ['ros']
[0.146s] Level 1:colcon.colcon_core.package_identification:_identify(src) by extension 'ros'
[0.147s] Level 1:colcon.colcon_core.package_identification:_identify(src) by extensions ['cmake', 'python']
[0.147s] Level 1:colcon.colcon_core.package_identification:_identify(src) by extension 'cmake'
[0.147s] Level 1:colcon.colcon_core.package_identification:_identify(src) by extension 'python'
[0.147s] Level 1:colcon.colcon_core.package_identification:_identify(src) by extensions ['python_setup_py']
[0.147s] Level 1:colcon.colcon_core.package_identification:_identify(src) by extension 'python_setup_py'
[0.147s] Level 1:colcon.colcon_core.package_identification:_identify(src/status_display) by extensions ['ignore', 'ignore_ament_install']
[0.147s] Level 1:colcon.colcon_core.package_identification:_identify(src/status_display) by extension 'ignore'
[0.147s] Level 1:colcon.colcon_core.package_identification:_identify(src/status_display) by extension 'ignore_ament_install'
[0.147s] Level 1:colcon.colcon_core.package_identification:_identify(src/status_display) by extensions ['colcon_pkg']
[0.147s] Level 1:colcon.colcon_core.package_identification:_identify(src/status_display) by extension 'colcon_pkg'
[0.147s] Level 1:colcon.colcon_core.package_identification:_identify(src/status_display) by extensions ['colcon_meta']
[0.147s] Level 1:colcon.colcon_core.package_identification:_identify(src/status_display) by extension 'colcon_meta'
[0.147s] Level 1:colcon.colcon_core.package_identification:_identify(src/status_display) by extensions ['ros']
[0.147s] Level 1:colcon.colcon_core.package_identification:_identify(src/status_display) by extension 'ros'
[0.148s] DEBUG:colcon.colcon_core.package_identification:Package 'src/status_display' with type 'ros.ament_cmake' and name 'status_display'
[0.148s] Level 1:colcon.colcon_core.package_identification:_identify(src/status_interfaces) by extensions ['ignore', 'ignore_ament_install']
[0.148s] Level 1:colcon.colcon_core.package_identification:_identify(src/status_interfaces) by extension 'ignore'
[0.148s] Level 1:colcon.colcon_core.package_identification:_identify(src/status_interfaces) by extension 'ignore_ament_install'
[0.148s] Level 1:colcon.colcon_core.package_identification:_identify(src/status_interfaces) by extensions ['colcon_pkg']
[0.148s] Level 1:colcon.colcon_core.package_identification:_identify(src/status_interfaces) by extension 'colcon_pkg'
[0.148s] Level 1:colcon.colcon_core.package_identification:_identify(src/status_interfaces) by extensions ['colcon_meta']
[0.148s] Level 1:colcon.colcon_core.package_identification:_identify(src/status_interfaces) by extension 'colcon_meta'
[0.148s] Level 1:colcon.colcon_core.package_identification:_identify(src/status_interfaces) by extensions ['ros']
[0.148s] Level 1:colcon.colcon_core.package_identification:_identify(src/status_interfaces) by extension 'ros'
[0.149s] DEBUG:colcon.colcon_core.package_identification:Package 'src/status_interfaces' with type 'ros.ament_cmake' and name 'status_interfaces'
[0.149s] Level 1:colcon.colcon_core.package_identification:_identify(src/status_publisher) by extensions ['ignore', 'ignore_ament_install']
[0.149s] Level 1:colcon.colcon_core.package_identification:_identify(src/status_publisher) by extension 'ignore'
[0.149s] Level 1:colcon.colcon_core.package_identification:_identify(src/status_publisher) by extension 'ignore_ament_install'
[0.149s] Level 1:colcon.colcon_core.package_identification:_identify(src/status_publisher) by extensions ['colcon_pkg']
[0.149s] Level 1:colcon.colcon_core.package_identification:_identify(src/status_publisher) by extension 'colcon_pkg'
[0.149s] Level 1:colcon.colcon_core.package_identification:_identify(src/status_publisher) by extensions ['colcon_meta']
[0.149s] Level 1:colcon.colcon_core.package_identification:_identify(src/status_publisher) by extension 'colcon_meta'
[0.149s] Level 1:colcon.colcon_core.package_identification:_identify(src/status_publisher) by extensions ['ros']
[0.149s] Level 1:colcon.colcon_core.package_identification:_identify(src/status_publisher) by extension 'ros'
[0.149s] DEBUG:colcon.colcon_core.package_identification:Package 'src/status_publisher' with type 'ros.ament_python' and name 'status_publisher'
[0.149s] Level 1:colcon.colcon_core.package_discovery:discover_packages(recursive) using defaults
[0.149s] Level 1:colcon.colcon_core.package_discovery:discover_packages(ignore) discover
[0.149s] Level 1:colcon.colcon_core.package_discovery:discover_packages(ignore) using defaults
[0.149s] Level 1:colcon.colcon_core.package_discovery:discover_packages(path) discover
[0.149s] Level 1:colcon.colcon_core.package_discovery:discover_packages(path) using defaults
[0.164s] Level 1:colcon.colcon_core.package_discovery:discover_packages(prefix_path) check parameters
[0.164s] Level 1:colcon.colcon_core.package_discovery:discover_packages(prefix_path) discover
[0.165s] WARNING:colcon.colcon_ros.prefix_path.ament:The path '/home/zsy/sy_git/ROS2/CHAPT3_WS/topic_practice_ws/install/status_publisher' in the environment variable AMENT_PREFIX_PATH doesn't exist
[0.165s] WARNING:colcon.colcon_ros.prefix_path.ament:The path '/home/zsy/sy_git/ROS2/CHAPT3_WS/topic_practice_ws/install/status_display' in the environment variable AMENT_PREFIX_PATH doesn't exist
[0.165s] WARNING:colcon.colcon_ros.prefix_path.ament:The path '/home/zsy/sy_git/ROS2/CHAPT3_WS/topic_practice_ws/install/status_interfaces' in the environment variable AMENT_PREFIX_PATH doesn't exist
[0.165s] WARNING:colcon.colcon_ros.prefix_path.catkin:The path '/home/zsy/sy_git/ROS2/CHAPT3_WS/topic_practice_ws/install/status_display' in the environment variable CMAKE_PREFIX_PATH doesn't exist
[0.165s] WARNING:colcon.colcon_ros.prefix_path.catkin:The path '/home/zsy/sy_git/ROS2/CHAPT3_WS/topic_practice_ws/install/status_interfaces' in the environment variable CMAKE_PREFIX_PATH doesn't exist
[0.165s] DEBUG:colcon.colcon_installed_package_information.package_discovery:Found 0 installed packages in /home/zsy/sy_git/ROS2/CHAPT3_WS/topic_practice_ws/install
[0.166s] DEBUG:colcon.colcon_installed_package_information.package_discovery:Found 270 installed packages in /opt/ros/humble
[0.167s] Level 1:colcon.colcon_core.package_discovery:discover_packages(prefix_path) using defaults
[0.185s] Level 5:colcon.colcon_core.verb:set package 'status_interfaces' build argument 'cmake_args' from command line to 'None'
[0.185s] Level 5:colcon.colcon_core.verb:set package 'status_interfaces' build argument 'cmake_target' from command line to 'None'
[0.185s] Level 5:colcon.colcon_core.verb:set package 'status_interfaces' build argument 'cmake_target_skip_unavailable' from command line to 'False'
[0.185s] Level 5:colcon.colcon_core.verb:set package 'status_interfaces' build argument 'cmake_clean_cache' from command line to 'False'
[0.185s] Level 5:colcon.colcon_core.verb:set package 'status_interfaces' build argument 'cmake_clean_first' from command line to 'False'
[0.185s] Level 5:colcon.colcon_core.verb:set package 'status_interfaces' build argument 'cmake_force_configure' from command line to 'False'
[0.185s] Level 5:colcon.colcon_core.verb:set package 'status_interfaces' build argument 'ament_cmake_args' from command line to 'None'
[0.185s] Level 5:colcon.colcon_core.verb:set package 'status_interfaces' build argument 'catkin_cmake_args' from command line to 'None'
[0.185s] Level 5:colcon.colcon_core.verb:set package 'status_interfaces' build argument 'catkin_skip_building_tests' from command line to 'False'
[0.186s] DEBUG:colcon.colcon_core.verb:Building package 'status_interfaces' with the following arguments: {'ament_cmake_args': None, 'build_base': '/home/zsy/sy_git/ROS2/CHAPT3_WS/topic_practice_ws/build/status_interfaces', 'catkin_cmake_args': None, 'catkin_skip_building_tests': False, 'cmake_args': None, 'cmake_clean_cache': False, 'cmake_clean_first': False, 'cmake_force_configure': False, 'cmake_target': None, 'cmake_target_skip_unavailable': False, 'install_base': '/home/zsy/sy_git/ROS2/CHAPT3_WS/topic_practice_ws/install/status_interfaces', 'merge_install': False, 'path': '/home/zsy/sy_git/ROS2/CHAPT3_WS/topic_practice_ws/src/status_interfaces', 'symlink_install': False, 'test_result_base': None}
[0.186s] Level 5:colcon.colcon_core.verb:set package 'status_display' build argument 'cmake_args' from command line to 'None'
[0.186s] Level 5:colcon.colcon_core.verb:set package 'status_display' build argument 'cmake_target' from command line to 'None'
[0.186s] Level 5:colcon.colcon_core.verb:set package 'status_display' build argument 'cmake_target_skip_unavailable' from command line to 'False'
[0.186s] Level 5:colcon.colcon_core.verb:set package 'status_display' build argument 'cmake_clean_cache' from command line to 'False'
[0.186s] Level 5:colcon.colcon_core.verb:set package 'status_display' build argument 'cmake_clean_first' from command line to 'False'
[0.186s] Level 5:colcon.colcon_core.verb:set package 'status_display' build argument 'cmake_force_configure' from command line to 'False'
[0.186s] Level 5:colcon.colcon_core.verb:set package 'status_display' build argument 'ament_cmake_args' from command line to 'None'
[0.186s] Level 5:colcon.colcon_core.verb:set package 'status_display' build argument 'catkin_cmake_args' from command line to 'None'
[0.186s] Level 5:colcon.colcon_core.verb:set package 'status_display' build argument 'catkin_skip_building_tests' from command line to 'False'
[0.186s] DEBUG:colcon.colcon_core.verb:Building package 'status_display' with the following arguments: {'ament_cmake_args': None, 'build_base': '/home/zsy/sy_git/ROS2/CHAPT3_WS/topic_practice_ws/build/status_display', 'catkin_cmake_args': None, 'catkin_skip_building_tests': False, 'cmake_args': None, 'cmake_clean_cache': False, 'cmake_clean_first': False, 'cmake_force_configure': False, 'cmake_target': None, 'cmake_target_skip_unavailable': False, 'install_base': '/home/zsy/sy_git/ROS2/CHAPT3_WS/topic_practice_ws/install/status_display', 'merge_install': False, 'path': '/home/zsy/sy_git/ROS2/CHAPT3_WS/topic_practice_ws/src/status_display', 'symlink_install': False, 'test_result_base': None}
[0.186s] Level 5:colcon.colcon_core.verb:set package 'status_publisher' build argument 'cmake_args' from command line to 'None'
[0.186s] Level 5:colcon.colcon_core.verb:set package 'status_publisher' build argument 'cmake_target' from command line to 'None'
[0.186s] Level 5:colcon.colcon_core.verb:set package 'status_publisher' build argument 'cmake_target_skip_unavailable' from command line to 'False'
[0.186s] Level 5:colcon.colcon_core.verb:set package 'status_publisher' build argument 'cmake_clean_cache' from command line to 'False'
[0.186s] Level 5:colcon.colcon_core.verb:set package 'status_publisher' build argument 'cmake_clean_first' from command line to 'False'
[0.186s] Level 5:colcon.colcon_core.verb:set package 'status_publisher' build argument 'cmake_force_configure' from command line to 'False'
[0.186s] Level 5:colcon.colcon_core.verb:set package 'status_publisher' build argument 'ament_cmake_args' from command line to 'None'
[0.186s] Level 5:colcon.colcon_core.verb:set package 'status_publisher' build argument 'catkin_cmake_args' from command line to 'None'
[0.186s] Level 5:colcon.colcon_core.verb:set package 'status_publisher' build argument 'catkin_skip_building_tests' from command line to 'False'
[0.186s] DEBUG:colcon.colcon_core.verb:Building package 'status_publisher' with the following arguments: {'ament_cmake_args': None, 'build_base': '/home/zsy/sy_git/ROS2/CHAPT3_WS/topic_practice_ws/build/status_publisher', 'catkin_cmake_args': None, 'catkin_skip_building_tests': False, 'cmake_args': None, 'cmake_clean_cache': False, 'cmake_clean_first': False, 'cmake_force_configure': False, 'cmake_target': None, 'cmake_target_skip_unavailable': False, 'install_base': '/home/zsy/sy_git/ROS2/CHAPT3_WS/topic_practice_ws/install/status_publisher', 'merge_install': False, 'path': '/home/zsy/sy_git/ROS2/CHAPT3_WS/topic_practice_ws/src/status_publisher', 'symlink_install': False, 'test_result_base': None}
[0.186s] INFO:colcon.colcon_core.executor:Executing jobs using 'parallel' executor
[0.187s] DEBUG:colcon.colcon_parallel_executor.executor.parallel:run_until_complete
[0.187s] INFO:colcon.colcon_ros.task.ament_cmake.build:Building ROS package in '/home/zsy/sy_git/ROS2/CHAPT3_WS/topic_practice_ws/src/status_interfaces' with build type 'ament_cmake'
[0.187s] INFO:colcon.colcon_cmake.task.cmake.build:Building CMake package in '/home/zsy/sy_git/ROS2/CHAPT3_WS/topic_practice_ws/src/status_interfaces'
[0.189s] INFO:colcon.colcon_core.plugin_system:Skipping extension 'colcon_core.shell.bat': Not used on non-Windows systems
[0.189s] INFO:colcon.colcon_core.shell:Skip shell extension 'powershell' for command environment: Not usable outside of PowerShell
[0.189s] DEBUG:colcon.colcon_core.shell:Skip shell extension 'dsv' for command environment
[0.194s] DEBUG:colcon.colcon_core.event_handler.log_command:Invoking command in '/home/zsy/sy_git/ROS2/CHAPT3_WS/topic_practice_ws/build/status_interfaces': CMAKE_PREFIX_PATH=${CMAKE_PREFIX_PATH}:/home/zsy/sy_git/ROS2/CHAPT3_WS/topic_practice_ws/install/status_publisher:/opt/ros/humble /usr/bin/cmake /home/zsy/sy_git/ROS2/CHAPT3_WS/topic_practice_ws/src/status_interfaces -DCMAKE_INSTALL_PREFIX=/home/zsy/sy_git/ROS2/CHAPT3_WS/topic_practice_ws/install/status_interfaces
[1.114s] DEBUG:colcon.colcon_core.event_handler.log_command:Invoked command in '/home/zsy/sy_git/ROS2/CHAPT3_WS/topic_practice_ws/build/status_interfaces' returned '0': CMAKE_PREFIX_PATH=${CMAKE_PREFIX_PATH}:/home/zsy/sy_git/ROS2/CHAPT3_WS/topic_practice_ws/install/status_publisher:/opt/ros/humble /usr/bin/cmake /home/zsy/sy_git/ROS2/CHAPT3_WS/topic_practice_ws/src/status_interfaces -DCMAKE_INSTALL_PREFIX=/home/zsy/sy_git/ROS2/CHAPT3_WS/topic_practice_ws/install/status_interfaces
[1.115s] DEBUG:colcon.colcon_core.event_handler.log_command:Invoking command in '/home/zsy/sy_git/ROS2/CHAPT3_WS/topic_practice_ws/build/status_interfaces': CMAKE_PREFIX_PATH=${CMAKE_PREFIX_PATH}:/home/zsy/sy_git/ROS2/CHAPT3_WS/topic_practice_ws/install/status_publisher:/opt/ros/humble /usr/bin/cmake --build /home/zsy/sy_git/ROS2/CHAPT3_WS/topic_practice_ws/build/status_interfaces -- -j4 -l4
[2.686s] DEBUG:colcon.colcon_core.event_handler.log_command:Invoked command in '/home/zsy/sy_git/ROS2/CHAPT3_WS/topic_practice_ws/build/status_interfaces' returned '0': CMAKE_PREFIX_PATH=${CMAKE_PREFIX_PATH}:/home/zsy/sy_git/ROS2/CHAPT3_WS/topic_practice_ws/install/status_publisher:/opt/ros/humble /usr/bin/cmake --build /home/zsy/sy_git/ROS2/CHAPT3_WS/topic_practice_ws/build/status_interfaces -- -j4 -l4
[2.740s] DEBUG:colcon.colcon_core.event_handler.log_command:Invoking command in '/home/zsy/sy_git/ROS2/CHAPT3_WS/topic_practice_ws/build/status_interfaces': CMAKE_PREFIX_PATH=${CMAKE_PREFIX_PATH}:/home/zsy/sy_git/ROS2/CHAPT3_WS/topic_practice_ws/install/status_publisher:/opt/ros/humble /usr/bin/cmake --install /home/zsy/sy_git/ROS2/CHAPT3_WS/topic_practice_ws/build/status_interfaces
[2.789s] Level 1:colcon.colcon_core.environment:create_environment_scripts_only(status_interfaces)
[2.789s] DEBUG:colcon.colcon_core.event_handler.log_command:Invoked command in '/home/zsy/sy_git/ROS2/CHAPT3_WS/topic_practice_ws/build/status_interfaces' returned '0': CMAKE_PREFIX_PATH=${CMAKE_PREFIX_PATH}:/home/zsy/sy_git/ROS2/CHAPT3_WS/topic_practice_ws/install/status_publisher:/opt/ros/humble /usr/bin/cmake --install /home/zsy/sy_git/ROS2/CHAPT3_WS/topic_practice_ws/build/status_interfaces
[2.791s] Level 1:colcon.colcon_core.environment:checking '/home/zsy/sy_git/ROS2/CHAPT3_WS/topic_practice_ws/install/status_interfaces' for CMake module files
[2.791s] Level 1:colcon.colcon_core.environment:checking '/home/zsy/sy_git/ROS2/CHAPT3_WS/topic_practice_ws/install/status_interfaces' for CMake config files
[2.791s] Level 1:colcon.colcon_core.shell:create_environment_hook('status_interfaces', 'cmake_prefix_path')
[2.792s] INFO:colcon.colcon_core.shell:Creating environment hook '/home/zsy/sy_git/ROS2/CHAPT3_WS/topic_practice_ws/install/status_interfaces/share/status_interfaces/hook/cmake_prefix_path.ps1'
[2.792s] INFO:colcon.colcon_core.shell:Creating environment descriptor '/home/zsy/sy_git/ROS2/CHAPT3_WS/topic_practice_ws/install/status_interfaces/share/status_interfaces/hook/cmake_prefix_path.dsv'
[2.792s] INFO:colcon.colcon_core.shell:Creating environment hook '/home/zsy/sy_git/ROS2/CHAPT3_WS/topic_practice_ws/install/status_interfaces/share/status_interfaces/hook/cmake_prefix_path.sh'
[2.793s] Level 1:colcon.colcon_core.environment:checking '/home/zsy/sy_git/ROS2/CHAPT3_WS/topic_practice_ws/install/status_interfaces/lib'
[2.793s] Level 1:colcon.colcon_core.shell:create_environment_hook('status_interfaces', 'ld_library_path_lib')
[2.793s] INFO:colcon.colcon_core.shell:Creating environment hook '/home/zsy/sy_git/ROS2/CHAPT3_WS/topic_practice_ws/install/status_interfaces/share/status_interfaces/hook/ld_library_path_lib.ps1'
[2.793s] INFO:colcon.colcon_core.shell:Creating environment descriptor '/home/zsy/sy_git/ROS2/CHAPT3_WS/topic_practice_ws/install/status_interfaces/share/status_interfaces/hook/ld_library_path_lib.dsv'
[2.793s] INFO:colcon.colcon_core.shell:Creating environment hook '/home/zsy/sy_git/ROS2/CHAPT3_WS/topic_practice_ws/install/status_interfaces/share/status_interfaces/hook/ld_library_path_lib.sh'
[2.793s] Level 1:colcon.colcon_core.environment:checking '/home/zsy/sy_git/ROS2/CHAPT3_WS/topic_practice_ws/install/status_interfaces/bin'
[2.793s] Level 1:colcon.colcon_core.environment:checking '/home/zsy/sy_git/ROS2/CHAPT3_WS/topic_practice_ws/install/status_interfaces/lib/pkgconfig/status_interfaces.pc'
[2.793s] Level 1:colcon.colcon_core.environment:checking '/home/zsy/sy_git/ROS2/CHAPT3_WS/topic_practice_ws/install/status_interfaces/lib/python3.10/site-packages'
[2.794s] Level 1:colcon.colcon_core.environment:checking '/home/zsy/sy_git/ROS2/CHAPT3_WS/topic_practice_ws/install/status_interfaces/bin'
[2.794s] INFO:colcon.colcon_core.shell:Creating package script '/home/zsy/sy_git/ROS2/CHAPT3_WS/topic_practice_ws/install/status_interfaces/share/status_interfaces/package.ps1'
[2.794s] INFO:colcon.colcon_core.shell:Creating package descriptor '/home/zsy/sy_git/ROS2/CHAPT3_WS/topic_practice_ws/install/status_interfaces/share/status_interfaces/package.dsv'
[2.794s] INFO:colcon.colcon_core.shell:Creating package script '/home/zsy/sy_git/ROS2/CHAPT3_WS/topic_practice_ws/install/status_interfaces/share/status_interfaces/package.sh'
[2.795s] INFO:colcon.colcon_core.shell:Creating package script '/home/zsy/sy_git/ROS2/CHAPT3_WS/topic_practice_ws/install/status_interfaces/share/status_interfaces/package.bash'
[2.795s] INFO:colcon.colcon_core.shell:Creating package script '/home/zsy/sy_git/ROS2/CHAPT3_WS/topic_practice_ws/install/status_interfaces/share/status_interfaces/package.zsh'
[2.795s] Level 1:colcon.colcon_core.environment:create_file_with_runtime_dependencies(/home/zsy/sy_git/ROS2/CHAPT3_WS/topic_practice_ws/install/status_interfaces/share/colcon-core/packages/status_interfaces)
[2.844s] Level 1:colcon.colcon_core.environment:create_environment_scripts_only(status_interfaces)
[2.844s] Level 1:colcon.colcon_core.environment:checking '/home/zsy/sy_git/ROS2/CHAPT3_WS/topic_practice_ws/install/status_interfaces' for CMake module files
[2.845s] Level 1:colcon.colcon_core.environment:checking '/home/zsy/sy_git/ROS2/CHAPT3_WS/topic_practice_ws/install/status_interfaces' for CMake config files
[2.845s] Level 1:colcon.colcon_core.shell:create_environment_hook('status_interfaces', 'cmake_prefix_path')
[2.845s] INFO:colcon.colcon_core.shell:Creating environment hook '/home/zsy/sy_git/ROS2/CHAPT3_WS/topic_practice_ws/install/status_interfaces/share/status_interfaces/hook/cmake_prefix_path.ps1'
[2.846s] INFO:colcon.colcon_core.shell:Creating environment descriptor '/home/zsy/sy_git/ROS2/CHAPT3_WS/topic_practice_ws/install/status_interfaces/share/status_interfaces/hook/cmake_prefix_path.dsv'
[2.846s] INFO:colcon.colcon_core.shell:Creating environment hook '/home/zsy/sy_git/ROS2/CHAPT3_WS/topic_practice_ws/install/status_interfaces/share/status_interfaces/hook/cmake_prefix_path.sh'
[2.846s] Level 1:colcon.colcon_core.environment:checking '/home/zsy/sy_git/ROS2/CHAPT3_WS/topic_practice_ws/install/status_interfaces/lib'
[2.846s] Level 1:colcon.colcon_core.shell:create_environment_hook('status_interfaces', 'ld_library_path_lib')
[2.846s] INFO:colcon.colcon_core.shell:Creating environment hook '/home/zsy/sy_git/ROS2/CHAPT3_WS/topic_practice_ws/install/status_interfaces/share/status_interfaces/hook/ld_library_path_lib.ps1'
[2.847s] INFO:colcon.colcon_core.shell:Creating environment descriptor '/home/zsy/sy_git/ROS2/CHAPT3_WS/topic_practice_ws/install/status_interfaces/share/status_interfaces/hook/ld_library_path_lib.dsv'
[2.847s] INFO:colcon.colcon_core.shell:Creating environment hook '/home/zsy/sy_git/ROS2/CHAPT3_WS/topic_practice_ws/install/status_interfaces/share/status_interfaces/hook/ld_library_path_lib.sh'
[2.847s] Level 1:colcon.colcon_core.environment:checking '/home/zsy/sy_git/ROS2/CHAPT3_WS/topic_practice_ws/install/status_interfaces/bin'
[2.847s] Level 1:colcon.colcon_core.environment:checking '/home/zsy/sy_git/ROS2/CHAPT3_WS/topic_practice_ws/install/status_interfaces/lib/pkgconfig/status_interfaces.pc'
[2.848s] Level 1:colcon.colcon_core.environment:checking '/home/zsy/sy_git/ROS2/CHAPT3_WS/topic_practice_ws/install/status_interfaces/lib/python3.10/site-packages'
[2.848s] Level 1:colcon.colcon_core.environment:checking '/home/zsy/sy_git/ROS2/CHAPT3_WS/topic_practice_ws/install/status_interfaces/bin'
[2.848s] INFO:colcon.colcon_core.shell:Creating package script '/home/zsy/sy_git/ROS2/CHAPT3_WS/topic_practice_ws/install/status_interfaces/share/status_interfaces/package.ps1'
[2.848s] INFO:colcon.colcon_core.shell:Creating package descriptor '/home/zsy/sy_git/ROS2/CHAPT3_WS/topic_practice_ws/install/status_interfaces/share/status_interfaces/package.dsv'
[2.848s] INFO:colcon.colcon_core.shell:Creating package script '/home/zsy/sy_git/ROS2/CHAPT3_WS/topic_practice_ws/install/status_interfaces/share/status_interfaces/package.sh'
[2.849s] INFO:colcon.colcon_core.shell:Creating package script '/home/zsy/sy_git/ROS2/CHAPT3_WS/topic_practice_ws/install/status_interfaces/share/status_interfaces/package.bash'
[2.849s] INFO:colcon.colcon_core.shell:Creating package script '/home/zsy/sy_git/ROS2/CHAPT3_WS/topic_practice_ws/install/status_interfaces/share/status_interfaces/package.zsh'
[2.849s] Level 1:colcon.colcon_core.environment:create_file_with_runtime_dependencies(/home/zsy/sy_git/ROS2/CHAPT3_WS/topic_practice_ws/install/status_interfaces/share/colcon-core/packages/status_interfaces)
[2.850s] INFO:colcon.colcon_ros.task.ament_cmake.build:Building ROS package in '/home/zsy/sy_git/ROS2/CHAPT3_WS/topic_practice_ws/src/status_display' with build type 'ament_cmake'
[2.850s] INFO:colcon.colcon_cmake.task.cmake.build:Building CMake package in '/home/zsy/sy_git/ROS2/CHAPT3_WS/topic_practice_ws/src/status_display'
[2.850s] INFO:colcon.colcon_core.shell:Skip shell extension 'powershell' for command environment: Not usable outside of PowerShell
[2.850s] DEBUG:colcon.colcon_core.shell:Skip shell extension 'dsv' for command environment
[2.852s] INFO:colcon.colcon_ros.task.ament_python.build:Building ROS package in '/home/zsy/sy_git/ROS2/CHAPT3_WS/topic_practice_ws/src/status_publisher' with build type 'ament_python'
[2.852s] Level 1:colcon.colcon_core.shell:create_environment_hook('status_publisher', 'ament_prefix_path')
[2.852s] INFO:colcon.colcon_core.shell:Creating environment hook '/home/zsy/sy_git/ROS2/CHAPT3_WS/topic_practice_ws/install/status_publisher/share/status_publisher/hook/ament_prefix_path.ps1'
[2.853s] INFO:colcon.colcon_core.shell:Creating environment descriptor '/home/zsy/sy_git/ROS2/CHAPT3_WS/topic_practice_ws/install/status_publisher/share/status_publisher/hook/ament_prefix_path.dsv'
[2.853s] INFO:colcon.colcon_core.shell:Creating environment hook '/home/zsy/sy_git/ROS2/CHAPT3_WS/topic_practice_ws/install/status_publisher/share/status_publisher/hook/ament_prefix_path.sh'
[2.853s] INFO:colcon.colcon_core.shell:Skip shell extension 'powershell' for command environment: Not usable outside of PowerShell
[2.853s] DEBUG:colcon.colcon_core.shell:Skip shell extension 'dsv' for command environment
[2.859s] DEBUG:colcon.colcon_core.event_handler.log_command:Invoking command in '/home/zsy/sy_git/ROS2/CHAPT3_WS/topic_practice_ws/build/status_display': CMAKE_PREFIX_PATH=/home/zsy/sy_git/ROS2/CHAPT3_WS/topic_practice_ws/install/status_interfaces:/home/zsy/sy_git/ROS2/CHAPT3_WS/topic_practice_ws/install/status_display:/home/zsy/sy_git/ROS2/CHAPT3_WS/topic_practice_ws/install/status_publisher:/opt/ros/humble /usr/bin/cmake /home/zsy/sy_git/ROS2/CHAPT3_WS/topic_practice_ws/src/status_display -DCMAKE_INSTALL_PREFIX=/home/zsy/sy_git/ROS2/CHAPT3_WS/topic_practice_ws/install/status_display
[2.991s] INFO:colcon.colcon_core.task.python.build:Building Python package in '/home/zsy/sy_git/ROS2/CHAPT3_WS/topic_practice_ws/src/status_publisher'
[2.991s] INFO:colcon.colcon_core.shell:Skip shell extension 'powershell' for command environment: Not usable outside of PowerShell
[2.991s] DEBUG:colcon.colcon_core.shell:Skip shell extension 'dsv' for command environment
[3.170s] DEBUG:colcon.colcon_core.event_handler.log_command:Invoking command in '/home/zsy/sy_git/ROS2/CHAPT3_WS/topic_practice_ws/src/status_publisher': CMAKE_PREFIX_PATH=/home/zsy/sy_git/ROS2/CHAPT3_WS/topic_practice_ws/install/status_interfaces:/home/zsy/sy_git/ROS2/CHAPT3_WS/topic_practice_ws/install/status_display PYTHONPATH=/home/zsy/sy_git/ROS2/CHAPT3_WS/topic_practice_ws/build/status_publisher/prefix_override:/usr/lib/python3/dist-packages/colcon_core/task/python/colcon_distutils_commands:/home/zsy/sy_git/ROS2/CHAPT3_WS/topic_practice_ws/install/status_publisher/lib/python3.10/site-packages:${PYTHONPATH} /usr/bin/python3 -W ignore:setup.py install is deprecated setup.py egg_info --egg-base ../../build/status_publisher build --build-base /home/zsy/sy_git/ROS2/CHAPT3_WS/topic_practice_ws/build/status_publisher/build install --record /home/zsy/sy_git/ROS2/CHAPT3_WS/topic_practice_ws/build/status_publisher/install.log --single-version-externally-managed install_data
[3.320s] Level 1:colcon.colcon_core.environment:checking '/home/zsy/sy_git/ROS2/CHAPT3_WS/topic_practice_ws/install/status_publisher' for CMake module files
[3.320s] Level 1:colcon.colcon_core.environment:checking '/home/zsy/sy_git/ROS2/CHAPT3_WS/topic_practice_ws/install/status_publisher' for CMake config files
[3.321s] Level 1:colcon.colcon_core.environment:checking '/home/zsy/sy_git/ROS2/CHAPT3_WS/topic_practice_ws/install/status_publisher/lib'
[3.321s] Level 1:colcon.colcon_core.environment:checking '/home/zsy/sy_git/ROS2/CHAPT3_WS/topic_practice_ws/install/status_publisher/bin'
[3.321s] Level 1:colcon.colcon_core.environment:checking '/home/zsy/sy_git/ROS2/CHAPT3_WS/topic_practice_ws/install/status_publisher/lib/pkgconfig/status_publisher.pc'
[3.321s] Level 1:colcon.colcon_core.environment:checking '/home/zsy/sy_git/ROS2/CHAPT3_WS/topic_practice_ws/install/status_publisher/lib/python3.10/site-packages'
[3.321s] Level 1:colcon.colcon_core.shell:create_environment_hook('status_publisher', 'pythonpath')
[3.321s] INFO:colcon.colcon_core.shell:Creating environment hook '/home/zsy/sy_git/ROS2/CHAPT3_WS/topic_practice_ws/install/status_publisher/share/status_publisher/hook/pythonpath.ps1'
[3.321s] INFO:colcon.colcon_core.shell:Creating environment descriptor '/home/zsy/sy_git/ROS2/CHAPT3_WS/topic_practice_ws/install/status_publisher/share/status_publisher/hook/pythonpath.dsv'
[3.322s] INFO:colcon.colcon_core.shell:Creating environment hook '/home/zsy/sy_git/ROS2/CHAPT3_WS/topic_practice_ws/install/status_publisher/share/status_publisher/hook/pythonpath.sh'
[3.322s] Level 1:colcon.colcon_core.environment:checking '/home/zsy/sy_git/ROS2/CHAPT3_WS/topic_practice_ws/install/status_publisher/bin'
[3.322s] Level 1:colcon.colcon_core.environment:create_environment_scripts_only(status_publisher)
[3.322s] INFO:colcon.colcon_core.shell:Creating package script '/home/zsy/sy_git/ROS2/CHAPT3_WS/topic_practice_ws/install/status_publisher/share/status_publisher/package.ps1'
[3.322s] INFO:colcon.colcon_core.shell:Creating package descriptor '/home/zsy/sy_git/ROS2/CHAPT3_WS/topic_practice_ws/install/status_publisher/share/status_publisher/package.dsv'
[3.322s] INFO:colcon.colcon_core.shell:Creating package script '/home/zsy/sy_git/ROS2/CHAPT3_WS/topic_practice_ws/install/status_publisher/share/status_publisher/package.sh'
[3.323s] INFO:colcon.colcon_core.shell:Creating package script '/home/zsy/sy_git/ROS2/CHAPT3_WS/topic_practice_ws/install/status_publisher/share/status_publisher/package.bash'
[3.324s] DEBUG:colcon.colcon_core.event_handler.log_command:Invoked command in '/home/zsy/sy_git/ROS2/CHAPT3_WS/topic_practice_ws/src/status_publisher' returned '0': CMAKE_PREFIX_PATH=/home/zsy/sy_git/ROS2/CHAPT3_WS/topic_practice_ws/install/status_interfaces:/home/zsy/sy_git/ROS2/CHAPT3_WS/topic_practice_ws/install/status_display PYTHONPATH=/home/zsy/sy_git/ROS2/CHAPT3_WS/topic_practice_ws/build/status_publisher/prefix_override:/usr/lib/python3/dist-packages/colcon_core/task/python/colcon_distutils_commands:/home/zsy/sy_git/ROS2/CHAPT3_WS/topic_practice_ws/install/status_publisher/lib/python3.10/site-packages:${PYTHONPATH} /usr/bin/python3 -W ignore:setup.py install is deprecated setup.py egg_info --egg-base ../../build/status_publisher build --build-base /home/zsy/sy_git/ROS2/CHAPT3_WS/topic_practice_ws/build/status_publisher/build install --record /home/zsy/sy_git/ROS2/CHAPT3_WS/topic_practice_ws/build/status_publisher/install.log --single-version-externally-managed install_data
[3.324s] INFO:colcon.colcon_core.shell:Creating package script '/home/zsy/sy_git/ROS2/CHAPT3_WS/topic_practice_ws/install/status_publisher/share/status_publisher/package.zsh'
[3.324s] Level 1:colcon.colcon_core.environment:create_file_with_runtime_dependencies(/home/zsy/sy_git/ROS2/CHAPT3_WS/topic_practice_ws/install/status_publisher/share/colcon-core/packages/status_publisher)
[3.664s] DEBUG:colcon.colcon_core.event_handler.log_command:Invoked command in '/home/zsy/sy_git/ROS2/CHAPT3_WS/topic_practice_ws/build/status_display' returned '0': CMAKE_PREFIX_PATH=/home/zsy/sy_git/ROS2/CHAPT3_WS/topic_practice_ws/install/status_interfaces:/home/zsy/sy_git/ROS2/CHAPT3_WS/topic_practice_ws/install/status_display:/home/zsy/sy_git/ROS2/CHAPT3_WS/topic_practice_ws/install/status_publisher:/opt/ros/humble /usr/bin/cmake /home/zsy/sy_git/ROS2/CHAPT3_WS/topic_practice_ws/src/status_display -DCMAKE_INSTALL_PREFIX=/home/zsy/sy_git/ROS2/CHAPT3_WS/topic_practice_ws/install/status_display
[3.666s] DEBUG:colcon.colcon_core.event_handler.log_command:Invoking command in '/home/zsy/sy_git/ROS2/CHAPT3_WS/topic_practice_ws/build/status_display': CMAKE_PREFIX_PATH=/home/zsy/sy_git/ROS2/CHAPT3_WS/topic_practice_ws/install/status_interfaces:/home/zsy/sy_git/ROS2/CHAPT3_WS/topic_practice_ws/install/status_display:/home/zsy/sy_git/ROS2/CHAPT3_WS/topic_practice_ws/install/status_publisher:/opt/ros/humble /usr/bin/cmake --build /home/zsy/sy_git/ROS2/CHAPT3_WS/topic_practice_ws/build/status_display -- -j4 -l4
[4.426s] DEBUG:colcon.colcon_core.event_handler.log_command:Invoked command in '/home/zsy/sy_git/ROS2/CHAPT3_WS/topic_practice_ws/build/status_display' returned '0': CMAKE_PREFIX_PATH=/home/zsy/sy_git/ROS2/CHAPT3_WS/topic_practice_ws/install/status_interfaces:/home/zsy/sy_git/ROS2/CHAPT3_WS/topic_practice_ws/install/status_display:/home/zsy/sy_git/ROS2/CHAPT3_WS/topic_practice_ws/install/status_publisher:/opt/ros/humble /usr/bin/cmake --build /home/zsy/sy_git/ROS2/CHAPT3_WS/topic_practice_ws/build/status_display -- -j4 -l4
[4.444s] DEBUG:colcon.colcon_core.event_handler.log_command:Invoking command in '/home/zsy/sy_git/ROS2/CHAPT3_WS/topic_practice_ws/build/status_display': CMAKE_PREFIX_PATH=/home/zsy/sy_git/ROS2/CHAPT3_WS/topic_practice_ws/install/status_interfaces:/home/zsy/sy_git/ROS2/CHAPT3_WS/topic_practice_ws/install/status_display:/home/zsy/sy_git/ROS2/CHAPT3_WS/topic_practice_ws/install/status_publisher:/opt/ros/humble /usr/bin/cmake --install /home/zsy/sy_git/ROS2/CHAPT3_WS/topic_practice_ws/build/status_display
[4.455s] Level 1:colcon.colcon_core.environment:create_environment_scripts_only(status_display)
[4.455s] Level 1:colcon.colcon_core.environment:checking '/home/zsy/sy_git/ROS2/CHAPT3_WS/topic_practice_ws/install/status_display' for CMake module files
[4.456s] DEBUG:colcon.colcon_core.event_handler.log_command:Invoked command in '/home/zsy/sy_git/ROS2/CHAPT3_WS/topic_practice_ws/build/status_display' returned '0': CMAKE_PREFIX_PATH=/home/zsy/sy_git/ROS2/CHAPT3_WS/topic_practice_ws/install/status_interfaces:/home/zsy/sy_git/ROS2/CHAPT3_WS/topic_practice_ws/install/status_display:/home/zsy/sy_git/ROS2/CHAPT3_WS/topic_practice_ws/install/status_publisher:/opt/ros/humble /usr/bin/cmake --install /home/zsy/sy_git/ROS2/CHAPT3_WS/topic_practice_ws/build/status_display
[4.456s] Level 1:colcon.colcon_core.environment:checking '/home/zsy/sy_git/ROS2/CHAPT3_WS/topic_practice_ws/install/status_display' for CMake config files
[4.456s] Level 1:colcon.colcon_core.shell:create_environment_hook('status_display', 'cmake_prefix_path')
[4.456s] INFO:colcon.colcon_core.shell:Creating environment hook '/home/zsy/sy_git/ROS2/CHAPT3_WS/topic_practice_ws/install/status_display/share/status_display/hook/cmake_prefix_path.ps1'
[4.456s] INFO:colcon.colcon_core.shell:Creating environment descriptor '/home/zsy/sy_git/ROS2/CHAPT3_WS/topic_practice_ws/install/status_display/share/status_display/hook/cmake_prefix_path.dsv'
[4.457s] INFO:colcon.colcon_core.shell:Creating environment hook '/home/zsy/sy_git/ROS2/CHAPT3_WS/topic_practice_ws/install/status_display/share/status_display/hook/cmake_prefix_path.sh'
[4.457s] Level 1:colcon.colcon_core.environment:checking '/home/zsy/sy_git/ROS2/CHAPT3_WS/topic_practice_ws/install/status_display/lib'
[4.457s] Level 1:colcon.colcon_core.environment:checking '/home/zsy/sy_git/ROS2/CHAPT3_WS/topic_practice_ws/install/status_display/bin'
[4.457s] Level 1:colcon.colcon_core.environment:checking '/home/zsy/sy_git/ROS2/CHAPT3_WS/topic_practice_ws/install/status_display/lib/pkgconfig/status_display.pc'
[4.457s] Level 1:colcon.colcon_core.environment:checking '/home/zsy/sy_git/ROS2/CHAPT3_WS/topic_practice_ws/install/status_display/lib/python3.10/site-packages'
[4.457s] Level 1:colcon.colcon_core.environment:checking '/home/zsy/sy_git/ROS2/CHAPT3_WS/topic_practice_ws/install/status_display/bin'
[4.457s] INFO:colcon.colcon_core.shell:Creating package script '/home/zsy/sy_git/ROS2/CHAPT3_WS/topic_practice_ws/install/status_display/share/status_display/package.ps1'
[4.458s] INFO:colcon.colcon_core.shell:Creating package descriptor '/home/zsy/sy_git/ROS2/CHAPT3_WS/topic_practice_ws/install/status_display/share/status_display/package.dsv'
[4.458s] INFO:colcon.colcon_core.shell:Creating package script '/home/zsy/sy_git/ROS2/CHAPT3_WS/topic_practice_ws/install/status_display/share/status_display/package.sh'
[4.459s] INFO:colcon.colcon_core.shell:Creating package script '/home/zsy/sy_git/ROS2/CHAPT3_WS/topic_practice_ws/install/status_display/share/status_display/package.bash'
[4.459s] INFO:colcon.colcon_core.shell:Creating package script '/home/zsy/sy_git/ROS2/CHAPT3_WS/topic_practice_ws/install/status_display/share/status_display/package.zsh'
[4.459s] Level 1:colcon.colcon_core.environment:create_file_with_runtime_dependencies(/home/zsy/sy_git/ROS2/CHAPT3_WS/topic_practice_ws/install/status_display/share/colcon-core/packages/status_display)
[4.479s] Level 1:colcon.colcon_core.environment:create_environment_scripts_only(status_display)
[4.479s] Level 1:colcon.colcon_core.environment:checking '/home/zsy/sy_git/ROS2/CHAPT3_WS/topic_practice_ws/install/status_display' for CMake module files
[4.480s] Level 1:colcon.colcon_core.environment:checking '/home/zsy/sy_git/ROS2/CHAPT3_WS/topic_practice_ws/install/status_display' for CMake config files
[4.480s] Level 1:colcon.colcon_core.shell:create_environment_hook('status_display', 'cmake_prefix_path')
[4.480s] INFO:colcon.colcon_core.shell:Creating environment hook '/home/zsy/sy_git/ROS2/CHAPT3_WS/topic_practice_ws/install/status_display/share/status_display/hook/cmake_prefix_path.ps1'
[4.480s] INFO:colcon.colcon_core.shell:Creating environment descriptor '/home/zsy/sy_git/ROS2/CHAPT3_WS/topic_practice_ws/install/status_display/share/status_display/hook/cmake_prefix_path.dsv'
[4.481s] INFO:colcon.colcon_core.shell:Creating environment hook '/home/zsy/sy_git/ROS2/CHAPT3_WS/topic_practice_ws/install/status_display/share/status_display/hook/cmake_prefix_path.sh'
[4.481s] Level 1:colcon.colcon_core.environment:checking '/home/zsy/sy_git/ROS2/CHAPT3_WS/topic_practice_ws/install/status_display/lib'
[4.481s] Level 1:colcon.colcon_core.environment:checking '/home/zsy/sy_git/ROS2/CHAPT3_WS/topic_practice_ws/install/status_display/bin'
[4.481s] Level 1:colcon.colcon_core.environment:checking '/home/zsy/sy_git/ROS2/CHAPT3_WS/topic_practice_ws/install/status_display/lib/pkgconfig/status_display.pc'
[4.481s] Level 1:colcon.colcon_core.environment:checking '/home/zsy/sy_git/ROS2/CHAPT3_WS/topic_practice_ws/install/status_display/lib/python3.10/site-packages'
[4.481s] Level 1:colcon.colcon_core.environment:checking '/home/zsy/sy_git/ROS2/CHAPT3_WS/topic_practice_ws/install/status_display/bin'
[4.482s] INFO:colcon.colcon_core.shell:Creating package script '/home/zsy/sy_git/ROS2/CHAPT3_WS/topic_practice_ws/install/status_display/share/status_display/package.ps1'
[4.482s] INFO:colcon.colcon_core.shell:Creating package descriptor '/home/zsy/sy_git/ROS2/CHAPT3_WS/topic_practice_ws/install/status_display/share/status_display/package.dsv'
[4.482s] INFO:colcon.colcon_core.shell:Creating package script '/home/zsy/sy_git/ROS2/CHAPT3_WS/topic_practice_ws/install/status_display/share/status_display/package.sh'
[4.483s] INFO:colcon.colcon_core.shell:Creating package script '/home/zsy/sy_git/ROS2/CHAPT3_WS/topic_practice_ws/install/status_display/share/status_display/package.bash'
[4.483s] INFO:colcon.colcon_core.shell:Creating package script '/home/zsy/sy_git/ROS2/CHAPT3_WS/topic_practice_ws/install/status_display/share/status_display/package.zsh'
[4.483s] Level 1:colcon.colcon_core.environment:create_file_with_runtime_dependencies(/home/zsy/sy_git/ROS2/CHAPT3_WS/topic_practice_ws/install/status_display/share/colcon-core/packages/status_display)
[4.483s] DEBUG:colcon.colcon_parallel_executor.executor.parallel:closing loop
[4.484s] DEBUG:colcon.colcon_parallel_executor.executor.parallel:loop closed
[4.484s] DEBUG:colcon.colcon_parallel_executor.executor.parallel:run_until_complete finished with '0'
[4.484s] DEBUG:colcon.colcon_core.event_reactor:joining thread
[4.487s] INFO:colcon.colcon_core.plugin_system:Skipping extension 'colcon_notification.desktop_notification.terminal_notifier': Not used on non-Darwin systems
[4.487s] INFO:colcon.colcon_core.plugin_system:Skipping extension 'colcon_notification.desktop_notification.win32': Not used on non-Windows systems
[4.487s] INFO:colcon.colcon_notification.desktop_notification:Sending desktop notification using 'notify2'
[4.497s] DEBUG:colcon.colcon_core.event_reactor:joined thread
[4.497s] INFO:colcon.colcon_core.shell:Creating prefix script '/home/zsy/sy_git/ROS2/CHAPT3_WS/topic_practice_ws/install/local_setup.ps1'
[4.498s] INFO:colcon.colcon_core.shell:Creating prefix util module '/home/zsy/sy_git/ROS2/CHAPT3_WS/topic_practice_ws/install/_local_setup_util_ps1.py'
[4.499s] INFO:colcon.colcon_core.shell:Creating prefix chain script '/home/zsy/sy_git/ROS2/CHAPT3_WS/topic_practice_ws/install/setup.ps1'
[4.499s] INFO:colcon.colcon_core.shell:Creating prefix script '/home/zsy/sy_git/ROS2/CHAPT3_WS/topic_practice_ws/install/local_setup.sh'
[4.500s] INFO:colcon.colcon_core.shell:Creating prefix util module '/home/zsy/sy_git/ROS2/CHAPT3_WS/topic_practice_ws/install/_local_setup_util_sh.py'
[4.500s] INFO:colcon.colcon_core.shell:Creating prefix chain script '/home/zsy/sy_git/ROS2/CHAPT3_WS/topic_practice_ws/install/setup.sh'
[4.500s] INFO:colcon.colcon_core.shell:Creating prefix script '/home/zsy/sy_git/ROS2/CHAPT3_WS/topic_practice_ws/install/local_setup.bash'
[4.501s] INFO:colcon.colcon_core.shell:Creating prefix chain script '/home/zsy/sy_git/ROS2/CHAPT3_WS/topic_practice_ws/install/setup.bash'
[4.501s] INFO:colcon.colcon_core.shell:Creating prefix script '/home/zsy/sy_git/ROS2/CHAPT3_WS/topic_practice_ws/install/local_setup.zsh'
[4.501s] INFO:colcon.colcon_core.shell:Creating prefix chain script '/home/zsy/sy_git/ROS2/CHAPT3_WS/topic_practice_ws/install/setup.zsh'
