[0.007s] Invoking command in '/home/zsy/sy_git/ROS2/CHAPT3_WS/topic_practice_ws/build/status_interfaces': CMAKE_PREFIX_PATH=${CMAKE_PREFIX_PATH}:/home/zsy/sy_git/ROS2/CHAPT3_WS/topic_practice_ws/install/status_publisher:/opt/ros/humble /usr/bin/cmake /home/zsy/sy_git/ROS2/CHAPT3_WS/topic_practice_ws/src/status_interfaces -DCMAKE_INSTALL_PREFIX=/home/zsy/sy_git/ROS2/CHAPT3_WS/topic_practice_ws/install/status_interfaces
[0.046s] -- The C compiler identification is GNU 11.4.0
[0.084s] -- The CXX compiler identification is GNU 11.4.0
[0.089s] -- Detecting C compiler ABI info
[0.143s] -- Detecting C compiler ABI info - done
[0.146s] -- Check for working C compiler: /usr/bin/cc - skipped
[0.146s] -- Detecting C compile features
[0.146s] -- Detecting C compile features - done
[0.148s] -- Detecting CXX compiler ABI info
[0.208s] -- Detecting CXX compiler ABI info - done
[0.212s] -- Check for working CXX compiler: /usr/bin/c++ - skipped
[0.213s] -- Detecting CXX compile features
[0.213s] -- Detecting CXX compile features - done
[0.214s] -- Found ament_cmake: 1.3.10 (/opt/ros/humble/share/ament_cmake/cmake)
[0.299s] -- Found Python3: /usr/bin/python3 (found version "3.10.12") found components: Interpreter 
[0.354s] -- Found builtin_interfaces: 1.2.1 (/opt/ros/humble/share/builtin_interfaces/cmake)
[0.371s] -- Found rosidl_generator_c: 3.1.5 (/opt/ros/humble/share/rosidl_generator_c/cmake)
[0.373s] -- Found rosidl_adapter: 3.1.5 (/opt/ros/humble/share/rosidl_adapter/cmake)
[0.378s] -- Found rosidl_generator_cpp: 3.1.5 (/opt/ros/humble/share/rosidl_generator_cpp/cmake)
[0.386s] -- Using all available rosidl_typesupport_c: rosidl_typesupport_fastrtps_c;rosidl_typesupport_introspection_c
[0.397s] -- Using all available rosidl_typesupport_cpp: rosidl_typesupport_fastrtps_cpp;rosidl_typesupport_introspection_cpp
[0.402s] -- Found rosidl_default_generators: 1.2.0 (/opt/ros/humble/share/rosidl_default_generators/cmake)
[0.558s] -- Found ament_cmake_ros: 0.10.0 (/opt/ros/humble/share/ament_cmake_ros/cmake)
[0.745s] -- Using all available rosidl_typesupport_c: rosidl_typesupport_fastrtps_c;rosidl_typesupport_introspection_c
[0.815s] -- Using all available rosidl_typesupport_cpp: rosidl_typesupport_fastrtps_cpp;rosidl_typesupport_introspection_cpp
[0.828s] -- Found PythonInterp: /usr/bin/python3 (found suitable version "3.10.12", minimum required is "3.6") 
[0.830s] -- Found python_cmake_module: 0.10.0 (/opt/ros/humble/share/python_cmake_module/cmake)
[0.845s] -- Found PythonLibs: /usr/lib/x86_64-linux-gnu/libpython3.10.so (found suitable version "3.10.12", minimum required is "3.5") 
[0.845s] -- Using PYTHON_EXECUTABLE: /usr/bin/python3
[0.845s] -- Using PYTHON_INCLUDE_DIRS: /usr/include/python3.10
[0.845s] -- Using PYTHON_LIBRARIES: /usr/lib/x86_64-linux-gnu/libpython3.10.so
[0.859s] -- Found PythonExtra: .so  
[0.879s] -- Found ament_lint_auto: 0.12.11 (/opt/ros/humble/share/ament_lint_auto/cmake)
[0.890s] -- Added test 'lint_cmake' to check CMake code style
[0.891s] -- Added test 'xmllint' to check XML markup files
[0.893s] -- Configuring done
[0.924s] -- Generating done
[0.924s] -- Build files have been written to: /home/zsy/sy_git/ROS2/CHAPT3_WS/topic_practice_ws/build/status_interfaces
[0.926s] Invoked command in '/home/zsy/sy_git/ROS2/CHAPT3_WS/topic_practice_ws/build/status_interfaces' returned '0': CMAKE_PREFIX_PATH=${CMAKE_PREFIX_PATH}:/home/zsy/sy_git/ROS2/CHAPT3_WS/topic_practice_ws/install/status_publisher:/opt/ros/humble /usr/bin/cmake /home/zsy/sy_git/ROS2/CHAPT3_WS/topic_practice_ws/src/status_interfaces -DCMAKE_INSTALL_PREFIX=/home/zsy/sy_git/ROS2/CHAPT3_WS/topic_practice_ws/install/status_interfaces
[0.927s] Invoking command in '/home/zsy/sy_git/ROS2/CHAPT3_WS/topic_practice_ws/build/status_interfaces': CMAKE_PREFIX_PATH=${CMAKE_PREFIX_PATH}:/home/zsy/sy_git/ROS2/CHAPT3_WS/topic_practice_ws/install/status_publisher:/opt/ros/humble /usr/bin/cmake --build /home/zsy/sy_git/ROS2/CHAPT3_WS/topic_practice_ws/build/status_interfaces -- -j4 -l4
[0.960s] [  3%] [34m[1mGenerating C code for ROS interfaces[0m
[0.966s] [  6%] [34m[1mGenerating C++ code for ROS interfaces[0m
[0.973s] [  6%] Built target ament_cmake_python_copy_status_interfaces
[1.107s] running egg_info
[1.107s] creating status_interfaces.egg-info
[1.107s] writing status_interfaces.egg-info/PKG-INFO
[1.107s] writing dependency_links to status_interfaces.egg-info/dependency_links.txt
[1.107s] writing top-level names to status_interfaces.egg-info/top_level.txt
[1.107s] writing manifest file 'status_interfaces.egg-info/SOURCES.txt'
[1.107s] reading manifest file 'status_interfaces.egg-info/SOURCES.txt'
[1.107s] writing manifest file 'status_interfaces.egg-info/SOURCES.txt'
[1.123s] [  6%] Built target ament_cmake_python_build_status_interfaces_egg
[1.147s] [  9%] [32mBuilding C object CMakeFiles/status_interfaces__rosidl_generator_c.dir/rosidl_generator_c/status_interfaces/msg/detail/system_status__functions.c.o[0m
[1.154s] [  9%] Built target status_interfaces__cpp
[1.169s] [ 12%] [34m[1mGenerating C++ type support for eProsima Fast-RTPS[0m
[1.173s] [ 16%] [34m[1mGenerating C++ type support dispatch for ROS interfaces[0m
[1.173s] [ 19%] [34m[1mGenerating C++ introspection for ROS interfaces[0m
[1.184s] [ 22%] [32m[1mLinking C shared library libstatus_interfaces__rosidl_generator_c.so[0m
[1.216s] [ 22%] Built target status_interfaces__rosidl_generator_c
[1.225s] [ 25%] [34m[1mGenerating C type support for eProsima Fast-RTPS[0m
[1.377s] [ 29%] [32mBuilding CXX object CMakeFiles/status_interfaces__rosidl_typesupport_cpp.dir/rosidl_typesupport_cpp/status_interfaces/msg/system_status__type_support.cpp.o[0m
[1.380s] [ 32%] [32mBuilding CXX object CMakeFiles/status_interfaces__rosidl_typesupport_fastrtps_cpp.dir/rosidl_typesupport_fastrtps_cpp/status_interfaces/msg/detail/dds_fastrtps/system_status__type_support.cpp.o[0m
[1.382s] [ 35%] [32mBuilding CXX object CMakeFiles/status_interfaces__rosidl_typesupport_introspection_cpp.dir/rosidl_typesupport_introspection_cpp/status_interfaces/msg/detail/system_status__type_support.cpp.o[0m
[1.409s] [ 38%] [32mBuilding CXX object CMakeFiles/status_interfaces__rosidl_typesupport_fastrtps_c.dir/rosidl_typesupport_fastrtps_c/status_interfaces/msg/detail/system_status__type_support_c.cpp.o[0m
[1.551s] [ 41%] [32m[1mLinking CXX shared library libstatus_interfaces__rosidl_typesupport_cpp.so[0m
[1.589s] [ 41%] Built target status_interfaces__rosidl_typesupport_cpp
[1.599s] [ 45%] [34m[1mGenerating C introspection for ROS interfaces[0m
[1.718s] [ 48%] [32m[1mLinking CXX shared library libstatus_interfaces__rosidl_typesupport_fastrtps_c.so[0m
[1.745s] [ 51%] [32m[1mLinking CXX shared library libstatus_interfaces__rosidl_typesupport_fastrtps_cpp.so[0m
[1.776s] [ 54%] [32m[1mLinking CXX shared library libstatus_interfaces__rosidl_typesupport_introspection_cpp.so[0m
[1.787s] [ 54%] Built target status_interfaces__rosidl_typesupport_fastrtps_c
[1.800s] [ 58%] [34m[1mGenerating C type support dispatch for ROS interfaces[0m
[1.808s] [ 58%] Built target status_interfaces__rosidl_typesupport_fastrtps_cpp
[1.818s] [ 61%] [32mBuilding C object CMakeFiles/status_interfaces__rosidl_typesupport_introspection_c.dir/rosidl_typesupport_introspection_c/status_interfaces/msg/detail/system_status__type_support.c.o[0m
[1.822s] [ 61%] Built target status_interfaces__rosidl_typesupport_introspection_cpp
[1.845s] [ 64%] [32m[1mLinking C shared library libstatus_interfaces__rosidl_typesupport_introspection_c.so[0m
[1.868s] [ 64%] Built target status_interfaces__rosidl_typesupport_introspection_c
[1.954s] [ 67%] [32mBuilding CXX object CMakeFiles/status_interfaces__rosidl_typesupport_c.dir/rosidl_typesupport_c/status_interfaces/msg/system_status__type_support.cpp.o[0m
[1.977s] [ 70%] [32m[1mLinking CXX shared library libstatus_interfaces__rosidl_typesupport_c.so[0m
[2.007s] [ 70%] Built target status_interfaces__rosidl_typesupport_c
[2.024s] [ 70%] Built target status_interfaces
[2.040s] [ 74%] [34m[1mGenerating Python code for ROS interfaces[0m
[2.269s] [ 74%] Built target status_interfaces__py
[2.283s] [ 77%] [32mBuilding C object CMakeFiles/status_interfaces__rosidl_generator_py.dir/rosidl_generator_py/status_interfaces/msg/_system_status_s.c.o[0m
[2.348s] [ 80%] [32m[1mLinking C shared library rosidl_generator_py/status_interfaces/libstatus_interfaces__rosidl_generator_py.so[0m
[2.375s] [ 80%] Built target status_interfaces__rosidl_generator_py
[2.390s] [ 83%] [32mBuilding C object CMakeFiles/status_interfaces__rosidl_typesupport_fastrtps_c__pyext.dir/rosidl_generator_py/status_interfaces/_status_interfaces_s.ep.rosidl_typesupport_fastrtps_c.c.o[0m
[2.391s] [ 87%] [32mBuilding C object CMakeFiles/status_interfaces__rosidl_typesupport_introspection_c__pyext.dir/rosidl_generator_py/status_interfaces/_status_interfaces_s.ep.rosidl_typesupport_introspection_c.c.o[0m
[2.391s] [ 90%] [32mBuilding C object CMakeFiles/status_interfaces__rosidl_typesupport_c__pyext.dir/rosidl_generator_py/status_interfaces/_status_interfaces_s.ep.rosidl_typesupport_c.c.o[0m
[2.458s] [ 96%] [32m[1mLinking C shared library rosidl_generator_py/status_interfaces/status_interfaces_s__rosidl_typesupport_fastrtps_c.cpython-310-x86_64-linux-gnu.so[0m
[2.458s] [ 96%] [32m[1mLinking C shared library rosidl_generator_py/status_interfaces/status_interfaces_s__rosidl_typesupport_c.cpython-310-x86_64-linux-gnu.so[0m
[2.462s] [100%] [32m[1mLinking C shared library rosidl_generator_py/status_interfaces/status_interfaces_s__rosidl_typesupport_introspection_c.cpython-310-x86_64-linux-gnu.so[0m
[2.484s] [100%] Built target status_interfaces__rosidl_typesupport_c__pyext
[2.484s] [100%] Built target status_interfaces__rosidl_typesupport_fastrtps_c__pyext
[2.488s] [100%] Built target status_interfaces__rosidl_typesupport_introspection_c__pyext
[2.498s] Invoked command in '/home/zsy/sy_git/ROS2/CHAPT3_WS/topic_practice_ws/build/status_interfaces' returned '0': CMAKE_PREFIX_PATH=${CMAKE_PREFIX_PATH}:/home/zsy/sy_git/ROS2/CHAPT3_WS/topic_practice_ws/install/status_publisher:/opt/ros/humble /usr/bin/cmake --build /home/zsy/sy_git/ROS2/CHAPT3_WS/topic_practice_ws/build/status_interfaces -- -j4 -l4
[2.552s] Invoking command in '/home/zsy/sy_git/ROS2/CHAPT3_WS/topic_practice_ws/build/status_interfaces': CMAKE_PREFIX_PATH=${CMAKE_PREFIX_PATH}:/home/zsy/sy_git/ROS2/CHAPT3_WS/topic_practice_ws/install/status_publisher:/opt/ros/humble /usr/bin/cmake --install /home/zsy/sy_git/ROS2/CHAPT3_WS/topic_practice_ws/build/status_interfaces
[2.558s] -- Install configuration: ""
[2.558s] -- Installing: /home/zsy/sy_git/ROS2/CHAPT3_WS/topic_practice_ws/install/status_interfaces/share/ament_index/resource_index/rosidl_interfaces/status_interfaces
[2.558s] -- Installing: /home/zsy/sy_git/ROS2/CHAPT3_WS/topic_practice_ws/install/status_interfaces/include/status_interfaces/status_interfaces
[2.558s] -- Installing: /home/zsy/sy_git/ROS2/CHAPT3_WS/topic_practice_ws/install/status_interfaces/include/status_interfaces/status_interfaces/msg
[2.558s] -- Installing: /home/zsy/sy_git/ROS2/CHAPT3_WS/topic_practice_ws/install/status_interfaces/include/status_interfaces/status_interfaces/msg/detail
[2.559s] -- Installing: /home/zsy/sy_git/ROS2/CHAPT3_WS/topic_practice_ws/install/status_interfaces/include/status_interfaces/status_interfaces/msg/detail/system_status__type_support.h
[2.559s] -- Installing: /home/zsy/sy_git/ROS2/CHAPT3_WS/topic_practice_ws/install/status_interfaces/include/status_interfaces/status_interfaces/msg/detail/system_status__functions.h
[2.559s] -- Installing: /home/zsy/sy_git/ROS2/CHAPT3_WS/topic_practice_ws/install/status_interfaces/include/status_interfaces/status_interfaces/msg/detail/system_status__struct.h
[2.559s] -- Installing: /home/zsy/sy_git/ROS2/CHAPT3_WS/topic_practice_ws/install/status_interfaces/include/status_interfaces/status_interfaces/msg/detail/system_status__functions.c
[2.559s] -- Installing: /home/zsy/sy_git/ROS2/CHAPT3_WS/topic_practice_ws/install/status_interfaces/include/status_interfaces/status_interfaces/msg/system_status.h
[2.559s] -- Installing: /home/zsy/sy_git/ROS2/CHAPT3_WS/topic_practice_ws/install/status_interfaces/include/status_interfaces/status_interfaces/msg/rosidl_generator_c__visibility_control.h
[2.559s] -- Installing: /home/zsy/sy_git/ROS2/CHAPT3_WS/topic_practice_ws/install/status_interfaces/share/status_interfaces/environment/library_path.sh
[2.560s] -- Installing: /home/zsy/sy_git/ROS2/CHAPT3_WS/topic_practice_ws/install/status_interfaces/share/status_interfaces/environment/library_path.dsv
[2.560s] -- Installing: /home/zsy/sy_git/ROS2/CHAPT3_WS/topic_practice_ws/install/status_interfaces/lib/libstatus_interfaces__rosidl_generator_c.so
[2.560s] -- Set runtime path of "/home/zsy/sy_git/ROS2/CHAPT3_WS/topic_practice_ws/install/status_interfaces/lib/libstatus_interfaces__rosidl_generator_c.so" to ""
[2.561s] -- Up-to-date: /home/zsy/sy_git/ROS2/CHAPT3_WS/topic_practice_ws/install/status_interfaces/include/status_interfaces/status_interfaces
[2.561s] -- Up-to-date: /home/zsy/sy_git/ROS2/CHAPT3_WS/topic_practice_ws/install/status_interfaces/include/status_interfaces/status_interfaces/msg
[2.561s] -- Up-to-date: /home/zsy/sy_git/ROS2/CHAPT3_WS/topic_practice_ws/install/status_interfaces/include/status_interfaces/status_interfaces/msg/detail
[2.561s] -- Installing: /home/zsy/sy_git/ROS2/CHAPT3_WS/topic_practice_ws/install/status_interfaces/include/status_interfaces/status_interfaces/msg/detail/system_status__rosidl_typesupport_fastrtps_c.h
[2.561s] -- Installing: /home/zsy/sy_git/ROS2/CHAPT3_WS/topic_practice_ws/install/status_interfaces/include/status_interfaces/status_interfaces/msg/rosidl_typesupport_fastrtps_c__visibility_control.h
[2.561s] -- Installing: /home/zsy/sy_git/ROS2/CHAPT3_WS/topic_practice_ws/install/status_interfaces/lib/libstatus_interfaces__rosidl_typesupport_fastrtps_c.so
[2.561s] -- Set runtime path of "/home/zsy/sy_git/ROS2/CHAPT3_WS/topic_practice_ws/install/status_interfaces/lib/libstatus_interfaces__rosidl_typesupport_fastrtps_c.so" to ""
[2.561s] -- Up-to-date: /home/zsy/sy_git/ROS2/CHAPT3_WS/topic_practice_ws/install/status_interfaces/include/status_interfaces/status_interfaces
[2.562s] -- Up-to-date: /home/zsy/sy_git/ROS2/CHAPT3_WS/topic_practice_ws/install/status_interfaces/include/status_interfaces/status_interfaces/msg
[2.562s] -- Up-to-date: /home/zsy/sy_git/ROS2/CHAPT3_WS/topic_practice_ws/install/status_interfaces/include/status_interfaces/status_interfaces/msg/detail
[2.562s] -- Installing: /home/zsy/sy_git/ROS2/CHAPT3_WS/topic_practice_ws/install/status_interfaces/include/status_interfaces/status_interfaces/msg/detail/system_status__traits.hpp
[2.562s] -- Installing: /home/zsy/sy_git/ROS2/CHAPT3_WS/topic_practice_ws/install/status_interfaces/include/status_interfaces/status_interfaces/msg/detail/system_status__struct.hpp
[2.562s] -- Installing: /home/zsy/sy_git/ROS2/CHAPT3_WS/topic_practice_ws/install/status_interfaces/include/status_interfaces/status_interfaces/msg/detail/system_status__builder.hpp
[2.562s] -- Installing: /home/zsy/sy_git/ROS2/CHAPT3_WS/topic_practice_ws/install/status_interfaces/include/status_interfaces/status_interfaces/msg/system_status.hpp
[2.562s] -- Up-to-date: /home/zsy/sy_git/ROS2/CHAPT3_WS/topic_practice_ws/install/status_interfaces/include/status_interfaces/status_interfaces
[2.562s] -- Up-to-date: /home/zsy/sy_git/ROS2/CHAPT3_WS/topic_practice_ws/install/status_interfaces/include/status_interfaces/status_interfaces/msg
[2.562s] -- Up-to-date: /home/zsy/sy_git/ROS2/CHAPT3_WS/topic_practice_ws/install/status_interfaces/include/status_interfaces/status_interfaces/msg/detail
[2.562s] -- Installing: /home/zsy/sy_git/ROS2/CHAPT3_WS/topic_practice_ws/install/status_interfaces/include/status_interfaces/status_interfaces/msg/detail/dds_fastrtps
[2.562s] -- Installing: /home/zsy/sy_git/ROS2/CHAPT3_WS/topic_practice_ws/install/status_interfaces/include/status_interfaces/status_interfaces/msg/detail/system_status__rosidl_typesupport_fastrtps_cpp.hpp
[2.562s] -- Installing: /home/zsy/sy_git/ROS2/CHAPT3_WS/topic_practice_ws/install/status_interfaces/include/status_interfaces/status_interfaces/msg/rosidl_typesupport_fastrtps_cpp__visibility_control.h
[2.562s] -- Installing: /home/zsy/sy_git/ROS2/CHAPT3_WS/topic_practice_ws/install/status_interfaces/lib/libstatus_interfaces__rosidl_typesupport_fastrtps_cpp.so
[2.563s] -- Set runtime path of "/home/zsy/sy_git/ROS2/CHAPT3_WS/topic_practice_ws/install/status_interfaces/lib/libstatus_interfaces__rosidl_typesupport_fastrtps_cpp.so" to ""
[2.563s] -- Up-to-date: /home/zsy/sy_git/ROS2/CHAPT3_WS/topic_practice_ws/install/status_interfaces/include/status_interfaces/status_interfaces
[2.563s] -- Up-to-date: /home/zsy/sy_git/ROS2/CHAPT3_WS/topic_practice_ws/install/status_interfaces/include/status_interfaces/status_interfaces/msg
[2.563s] -- Up-to-date: /home/zsy/sy_git/ROS2/CHAPT3_WS/topic_practice_ws/install/status_interfaces/include/status_interfaces/status_interfaces/msg/detail
[2.563s] -- Installing: /home/zsy/sy_git/ROS2/CHAPT3_WS/topic_practice_ws/install/status_interfaces/include/status_interfaces/status_interfaces/msg/detail/system_status__rosidl_typesupport_introspection_c.h
[2.563s] -- Installing: /home/zsy/sy_git/ROS2/CHAPT3_WS/topic_practice_ws/install/status_interfaces/include/status_interfaces/status_interfaces/msg/detail/system_status__type_support.c
[2.563s] -- Installing: /home/zsy/sy_git/ROS2/CHAPT3_WS/topic_practice_ws/install/status_interfaces/include/status_interfaces/status_interfaces/msg/rosidl_typesupport_introspection_c__visibility_control.h
[2.563s] -- Installing: /home/zsy/sy_git/ROS2/CHAPT3_WS/topic_practice_ws/install/status_interfaces/lib/libstatus_interfaces__rosidl_typesupport_introspection_c.so
[2.564s] -- Set runtime path of "/home/zsy/sy_git/ROS2/CHAPT3_WS/topic_practice_ws/install/status_interfaces/lib/libstatus_interfaces__rosidl_typesupport_introspection_c.so" to ""
[2.565s] -- Installing: /home/zsy/sy_git/ROS2/CHAPT3_WS/topic_practice_ws/install/status_interfaces/lib/libstatus_interfaces__rosidl_typesupport_c.so
[2.565s] -- Set runtime path of "/home/zsy/sy_git/ROS2/CHAPT3_WS/topic_practice_ws/install/status_interfaces/lib/libstatus_interfaces__rosidl_typesupport_c.so" to ""
[2.565s] -- Up-to-date: /home/zsy/sy_git/ROS2/CHAPT3_WS/topic_practice_ws/install/status_interfaces/include/status_interfaces/status_interfaces
[2.565s] -- Up-to-date: /home/zsy/sy_git/ROS2/CHAPT3_WS/topic_practice_ws/install/status_interfaces/include/status_interfaces/status_interfaces/msg
[2.565s] -- Up-to-date: /home/zsy/sy_git/ROS2/CHAPT3_WS/topic_practice_ws/install/status_interfaces/include/status_interfaces/status_interfaces/msg/detail
[2.565s] -- Installing: /home/zsy/sy_git/ROS2/CHAPT3_WS/topic_practice_ws/install/status_interfaces/include/status_interfaces/status_interfaces/msg/detail/system_status__rosidl_typesupport_introspection_cpp.hpp
[2.565s] -- Installing: /home/zsy/sy_git/ROS2/CHAPT3_WS/topic_practice_ws/install/status_interfaces/include/status_interfaces/status_interfaces/msg/detail/system_status__type_support.cpp
[2.565s] -- Installing: /home/zsy/sy_git/ROS2/CHAPT3_WS/topic_practice_ws/install/status_interfaces/lib/libstatus_interfaces__rosidl_typesupport_introspection_cpp.so
[2.565s] -- Set runtime path of "/home/zsy/sy_git/ROS2/CHAPT3_WS/topic_practice_ws/install/status_interfaces/lib/libstatus_interfaces__rosidl_typesupport_introspection_cpp.so" to ""
[2.565s] -- Installing: /home/zsy/sy_git/ROS2/CHAPT3_WS/topic_practice_ws/install/status_interfaces/lib/libstatus_interfaces__rosidl_typesupport_cpp.so
[2.566s] -- Set runtime path of "/home/zsy/sy_git/ROS2/CHAPT3_WS/topic_practice_ws/install/status_interfaces/lib/libstatus_interfaces__rosidl_typesupport_cpp.so" to ""
[2.566s] -- Installing: /home/zsy/sy_git/ROS2/CHAPT3_WS/topic_practice_ws/install/status_interfaces/share/status_interfaces/environment/pythonpath.sh
[2.566s] -- Installing: /home/zsy/sy_git/ROS2/CHAPT3_WS/topic_practice_ws/install/status_interfaces/share/status_interfaces/environment/pythonpath.dsv
[2.566s] -- Installing: /home/zsy/sy_git/ROS2/CHAPT3_WS/topic_practice_ws/install/status_interfaces/local/lib/python3.10/dist-packages/status_interfaces-0.0.0-py3.10.egg-info
[2.566s] -- Installing: /home/zsy/sy_git/ROS2/CHAPT3_WS/topic_practice_ws/install/status_interfaces/local/lib/python3.10/dist-packages/status_interfaces-0.0.0-py3.10.egg-info/PKG-INFO
[2.566s] -- Installing: /home/zsy/sy_git/ROS2/CHAPT3_WS/topic_practice_ws/install/status_interfaces/local/lib/python3.10/dist-packages/status_interfaces-0.0.0-py3.10.egg-info/SOURCES.txt
[2.566s] -- Installing: /home/zsy/sy_git/ROS2/CHAPT3_WS/topic_practice_ws/install/status_interfaces/local/lib/python3.10/dist-packages/status_interfaces-0.0.0-py3.10.egg-info/dependency_links.txt
[2.566s] -- Installing: /home/zsy/sy_git/ROS2/CHAPT3_WS/topic_practice_ws/install/status_interfaces/local/lib/python3.10/dist-packages/status_interfaces-0.0.0-py3.10.egg-info/top_level.txt
[2.567s] -- Installing: /home/zsy/sy_git/ROS2/CHAPT3_WS/topic_practice_ws/install/status_interfaces/local/lib/python3.10/dist-packages/status_interfaces
[2.567s] -- Installing: /home/zsy/sy_git/ROS2/CHAPT3_WS/topic_practice_ws/install/status_interfaces/local/lib/python3.10/dist-packages/status_interfaces/__init__.py
[2.567s] -- Installing: /home/zsy/sy_git/ROS2/CHAPT3_WS/topic_practice_ws/install/status_interfaces/local/lib/python3.10/dist-packages/status_interfaces/_status_interfaces_s.ep.rosidl_typesupport_introspection_c.c
[2.567s] -- Installing: /home/zsy/sy_git/ROS2/CHAPT3_WS/topic_practice_ws/install/status_interfaces/local/lib/python3.10/dist-packages/status_interfaces/status_interfaces_s__rosidl_typesupport_introspection_c.cpython-310-x86_64-linux-gnu.so
[2.567s] -- Installing: /home/zsy/sy_git/ROS2/CHAPT3_WS/topic_practice_ws/install/status_interfaces/local/lib/python3.10/dist-packages/status_interfaces/msg
[2.567s] -- Installing: /home/zsy/sy_git/ROS2/CHAPT3_WS/topic_practice_ws/install/status_interfaces/local/lib/python3.10/dist-packages/status_interfaces/msg/__init__.py
[2.569s] -- Installing: /home/zsy/sy_git/ROS2/CHAPT3_WS/topic_practice_ws/install/status_interfaces/local/lib/python3.10/dist-packages/status_interfaces/msg/_system_status_s.c
[2.569s] -- Installing: /home/zsy/sy_git/ROS2/CHAPT3_WS/topic_practice_ws/install/status_interfaces/local/lib/python3.10/dist-packages/status_interfaces/msg/_system_status.py
[2.569s] -- Installing: /home/zsy/sy_git/ROS2/CHAPT3_WS/topic_practice_ws/install/status_interfaces/local/lib/python3.10/dist-packages/status_interfaces/status_interfaces_s__rosidl_typesupport_fastrtps_c.cpython-310-x86_64-linux-gnu.so
[2.569s] -- Installing: /home/zsy/sy_git/ROS2/CHAPT3_WS/topic_practice_ws/install/status_interfaces/local/lib/python3.10/dist-packages/status_interfaces/_status_interfaces_s.ep.rosidl_typesupport_fastrtps_c.c
[2.569s] -- Installing: /home/zsy/sy_git/ROS2/CHAPT3_WS/topic_practice_ws/install/status_interfaces/local/lib/python3.10/dist-packages/status_interfaces/status_interfaces_s__rosidl_typesupport_c.cpython-310-x86_64-linux-gnu.so
[2.569s] -- Installing: /home/zsy/sy_git/ROS2/CHAPT3_WS/topic_practice_ws/install/status_interfaces/local/lib/python3.10/dist-packages/status_interfaces/libstatus_interfaces__rosidl_generator_py.so
[2.569s] -- Installing: /home/zsy/sy_git/ROS2/CHAPT3_WS/topic_practice_ws/install/status_interfaces/local/lib/python3.10/dist-packages/status_interfaces/_status_interfaces_s.ep.rosidl_typesupport_c.c
[2.589s] Listing '/home/zsy/sy_git/ROS2/CHAPT3_WS/topic_practice_ws/install/status_interfaces/local/lib/python3.10/dist-packages/status_interfaces'...
[2.589s] Compiling '/home/zsy/sy_git/ROS2/CHAPT3_WS/topic_practice_ws/install/status_interfaces/local/lib/python3.10/dist-packages/status_interfaces/__init__.py'...
[2.589s] Listing '/home/zsy/sy_git/ROS2/CHAPT3_WS/topic_practice_ws/install/status_interfaces/local/lib/python3.10/dist-packages/status_interfaces/msg'...
[2.590s] Compiling '/home/zsy/sy_git/ROS2/CHAPT3_WS/topic_practice_ws/install/status_interfaces/local/lib/python3.10/dist-packages/status_interfaces/msg/__init__.py'...
[2.590s] Compiling '/home/zsy/sy_git/ROS2/CHAPT3_WS/topic_practice_ws/install/status_interfaces/local/lib/python3.10/dist-packages/status_interfaces/msg/_system_status.py'...
[2.592s] -- Installing: /home/zsy/sy_git/ROS2/CHAPT3_WS/topic_practice_ws/install/status_interfaces/local/lib/python3.10/dist-packages/status_interfaces/status_interfaces_s__rosidl_typesupport_fastrtps_c.cpython-310-x86_64-linux-gnu.so
[2.593s] -- Set runtime path of "/home/zsy/sy_git/ROS2/CHAPT3_WS/topic_practice_ws/install/status_interfaces/local/lib/python3.10/dist-packages/status_interfaces/status_interfaces_s__rosidl_typesupport_fastrtps_c.cpython-310-x86_64-linux-gnu.so" to ""
[2.593s] -- Installing: /home/zsy/sy_git/ROS2/CHAPT3_WS/topic_practice_ws/install/status_interfaces/local/lib/python3.10/dist-packages/status_interfaces/status_interfaces_s__rosidl_typesupport_introspection_c.cpython-310-x86_64-linux-gnu.so
[2.593s] -- Set runtime path of "/home/zsy/sy_git/ROS2/CHAPT3_WS/topic_practice_ws/install/status_interfaces/local/lib/python3.10/dist-packages/status_interfaces/status_interfaces_s__rosidl_typesupport_introspection_c.cpython-310-x86_64-linux-gnu.so" to ""
[2.593s] -- Installing: /home/zsy/sy_git/ROS2/CHAPT3_WS/topic_practice_ws/install/status_interfaces/local/lib/python3.10/dist-packages/status_interfaces/status_interfaces_s__rosidl_typesupport_c.cpython-310-x86_64-linux-gnu.so
[2.593s] -- Set runtime path of "/home/zsy/sy_git/ROS2/CHAPT3_WS/topic_practice_ws/install/status_interfaces/local/lib/python3.10/dist-packages/status_interfaces/status_interfaces_s__rosidl_typesupport_c.cpython-310-x86_64-linux-gnu.so" to ""
[2.594s] -- Installing: /home/zsy/sy_git/ROS2/CHAPT3_WS/topic_practice_ws/install/status_interfaces/lib/libstatus_interfaces__rosidl_generator_py.so
[2.594s] -- Set runtime path of "/home/zsy/sy_git/ROS2/CHAPT3_WS/topic_practice_ws/install/status_interfaces/lib/libstatus_interfaces__rosidl_generator_py.so" to ""
[2.594s] -- Installing: /home/zsy/sy_git/ROS2/CHAPT3_WS/topic_practice_ws/install/status_interfaces/share/status_interfaces/msg/SystemStatus.idl
[2.594s] -- Installing: /home/zsy/sy_git/ROS2/CHAPT3_WS/topic_practice_ws/install/status_interfaces/share/status_interfaces/msg/SystemStatus.msg
[2.597s] -- Installing: /home/zsy/sy_git/ROS2/CHAPT3_WS/topic_practice_ws/install/status_interfaces/share/ament_index/resource_index/package_run_dependencies/status_interfaces
[2.597s] -- Installing: /home/zsy/sy_git/ROS2/CHAPT3_WS/topic_practice_ws/install/status_interfaces/share/ament_index/resource_index/parent_prefix_path/status_interfaces
[2.598s] -- Installing: /home/zsy/sy_git/ROS2/CHAPT3_WS/topic_practice_ws/install/status_interfaces/share/status_interfaces/environment/ament_prefix_path.sh
[2.598s] -- Installing: /home/zsy/sy_git/ROS2/CHAPT3_WS/topic_practice_ws/install/status_interfaces/share/status_interfaces/environment/ament_prefix_path.dsv
[2.598s] -- Installing: /home/zsy/sy_git/ROS2/CHAPT3_WS/topic_practice_ws/install/status_interfaces/share/status_interfaces/environment/path.sh
[2.598s] -- Installing: /home/zsy/sy_git/ROS2/CHAPT3_WS/topic_practice_ws/install/status_interfaces/share/status_interfaces/environment/path.dsv
[2.598s] -- Installing: /home/zsy/sy_git/ROS2/CHAPT3_WS/topic_practice_ws/install/status_interfaces/share/status_interfaces/local_setup.bash
[2.598s] -- Installing: /home/zsy/sy_git/ROS2/CHAPT3_WS/topic_practice_ws/install/status_interfaces/share/status_interfaces/local_setup.sh
[2.598s] -- Installing: /home/zsy/sy_git/ROS2/CHAPT3_WS/topic_practice_ws/install/status_interfaces/share/status_interfaces/local_setup.zsh
[2.598s] -- Installing: /home/zsy/sy_git/ROS2/CHAPT3_WS/topic_practice_ws/install/status_interfaces/share/status_interfaces/local_setup.dsv
[2.598s] -- Installing: /home/zsy/sy_git/ROS2/CHAPT3_WS/topic_practice_ws/install/status_interfaces/share/status_interfaces/package.dsv
[2.598s] -- Installing: /home/zsy/sy_git/ROS2/CHAPT3_WS/topic_practice_ws/install/status_interfaces/share/ament_index/resource_index/packages/status_interfaces
[2.598s] -- Installing: /home/zsy/sy_git/ROS2/CHAPT3_WS/topic_practice_ws/install/status_interfaces/share/status_interfaces/cmake/export_status_interfaces__rosidl_generator_cExport.cmake
[2.598s] -- Installing: /home/zsy/sy_git/ROS2/CHAPT3_WS/topic_practice_ws/install/status_interfaces/share/status_interfaces/cmake/export_status_interfaces__rosidl_generator_cExport-noconfig.cmake
[2.598s] -- Installing: /home/zsy/sy_git/ROS2/CHAPT3_WS/topic_practice_ws/install/status_interfaces/share/status_interfaces/cmake/export_status_interfaces__rosidl_typesupport_fastrtps_cExport.cmake
[2.598s] -- Installing: /home/zsy/sy_git/ROS2/CHAPT3_WS/topic_practice_ws/install/status_interfaces/share/status_interfaces/cmake/export_status_interfaces__rosidl_typesupport_fastrtps_cExport-noconfig.cmake
[2.598s] -- Installing: /home/zsy/sy_git/ROS2/CHAPT3_WS/topic_practice_ws/install/status_interfaces/share/status_interfaces/cmake/export_status_interfaces__rosidl_generator_cppExport.cmake
[2.598s] -- Installing: /home/zsy/sy_git/ROS2/CHAPT3_WS/topic_practice_ws/install/status_interfaces/share/status_interfaces/cmake/export_status_interfaces__rosidl_typesupport_fastrtps_cppExport.cmake
[2.598s] -- Installing: /home/zsy/sy_git/ROS2/CHAPT3_WS/topic_practice_ws/install/status_interfaces/share/status_interfaces/cmake/export_status_interfaces__rosidl_typesupport_fastrtps_cppExport-noconfig.cmake
[2.598s] -- Installing: /home/zsy/sy_git/ROS2/CHAPT3_WS/topic_practice_ws/install/status_interfaces/share/status_interfaces/cmake/status_interfaces__rosidl_typesupport_introspection_cExport.cmake
[2.598s] -- Installing: /home/zsy/sy_git/ROS2/CHAPT3_WS/topic_practice_ws/install/status_interfaces/share/status_interfaces/cmake/status_interfaces__rosidl_typesupport_introspection_cExport-noconfig.cmake
[2.598s] -- Installing: /home/zsy/sy_git/ROS2/CHAPT3_WS/topic_practice_ws/install/status_interfaces/share/status_interfaces/cmake/status_interfaces__rosidl_typesupport_cExport.cmake
[2.598s] -- Installing: /home/zsy/sy_git/ROS2/CHAPT3_WS/topic_practice_ws/install/status_interfaces/share/status_interfaces/cmake/status_interfaces__rosidl_typesupport_cExport-noconfig.cmake
[2.598s] -- Installing: /home/zsy/sy_git/ROS2/CHAPT3_WS/topic_practice_ws/install/status_interfaces/share/status_interfaces/cmake/status_interfaces__rosidl_typesupport_introspection_cppExport.cmake
[2.598s] -- Installing: /home/zsy/sy_git/ROS2/CHAPT3_WS/topic_practice_ws/install/status_interfaces/share/status_interfaces/cmake/status_interfaces__rosidl_typesupport_introspection_cppExport-noconfig.cmake
[2.598s] -- Installing: /home/zsy/sy_git/ROS2/CHAPT3_WS/topic_practice_ws/install/status_interfaces/share/status_interfaces/cmake/status_interfaces__rosidl_typesupport_cppExport.cmake
[2.598s] -- Installing: /home/zsy/sy_git/ROS2/CHAPT3_WS/topic_practice_ws/install/status_interfaces/share/status_interfaces/cmake/status_interfaces__rosidl_typesupport_cppExport-noconfig.cmake
[2.598s] -- Installing: /home/zsy/sy_git/ROS2/CHAPT3_WS/topic_practice_ws/install/status_interfaces/share/status_interfaces/cmake/export_status_interfaces__rosidl_generator_pyExport.cmake
[2.598s] -- Installing: /home/zsy/sy_git/ROS2/CHAPT3_WS/topic_practice_ws/install/status_interfaces/share/status_interfaces/cmake/export_status_interfaces__rosidl_generator_pyExport-noconfig.cmake
[2.598s] -- Installing: /home/zsy/sy_git/ROS2/CHAPT3_WS/topic_practice_ws/install/status_interfaces/share/status_interfaces/cmake/rosidl_cmake-extras.cmake
[2.598s] -- Installing: /home/zsy/sy_git/ROS2/CHAPT3_WS/topic_practice_ws/install/status_interfaces/share/status_interfaces/cmake/ament_cmake_export_dependencies-extras.cmake
[2.598s] -- Installing: /home/zsy/sy_git/ROS2/CHAPT3_WS/topic_practice_ws/install/status_interfaces/share/status_interfaces/cmake/ament_cmake_export_include_directories-extras.cmake
[2.598s] -- Installing: /home/zsy/sy_git/ROS2/CHAPT3_WS/topic_practice_ws/install/status_interfaces/share/status_interfaces/cmake/ament_cmake_export_libraries-extras.cmake
[2.598s] -- Installing: /home/zsy/sy_git/ROS2/CHAPT3_WS/topic_practice_ws/install/status_interfaces/share/status_interfaces/cmake/ament_cmake_export_targets-extras.cmake
[2.599s] -- Installing: /home/zsy/sy_git/ROS2/CHAPT3_WS/topic_practice_ws/install/status_interfaces/share/status_interfaces/cmake/rosidl_cmake_export_typesupport_targets-extras.cmake
[2.599s] -- Installing: /home/zsy/sy_git/ROS2/CHAPT3_WS/topic_practice_ws/install/status_interfaces/share/status_interfaces/cmake/rosidl_cmake_export_typesupport_libraries-extras.cmake
[2.599s] -- Installing: /home/zsy/sy_git/ROS2/CHAPT3_WS/topic_practice_ws/install/status_interfaces/share/status_interfaces/cmake/status_interfacesConfig.cmake
[2.599s] -- Installing: /home/zsy/sy_git/ROS2/CHAPT3_WS/topic_practice_ws/install/status_interfaces/share/status_interfaces/cmake/status_interfacesConfig-version.cmake
[2.600s] -- Installing: /home/zsy/sy_git/ROS2/CHAPT3_WS/topic_practice_ws/install/status_interfaces/share/status_interfaces/package.xml
[2.602s] Invoked command in '/home/zsy/sy_git/ROS2/CHAPT3_WS/topic_practice_ws/build/status_interfaces' returned '0': CMAKE_PREFIX_PATH=${CMAKE_PREFIX_PATH}:/home/zsy/sy_git/ROS2/CHAPT3_WS/topic_practice_ws/install/status_publisher:/opt/ros/humble /usr/bin/cmake --install /home/zsy/sy_git/ROS2/CHAPT3_WS/topic_practice_ws/build/status_interfaces
