[0.012s] Invoking command in '/home/zsy/sy_git/ROS2/CHAPT3_WS/topic_ws/build/demo_cpp_topic': CMAKE_PREFIX_PATH=/opt/ros/humble /usr/bin/cmake /home/zsy/sy_git/ROS2/CHAPT3_WS/topic_ws/src/demo_cpp_topic -DCMAKE_INSTALL_PREFIX=/home/zsy/sy_git/ROS2/CHAPT3_WS/topic_ws/install/demo_cpp_topic
[0.095s] -- The C compiler identification is GNU 11.4.0
[0.159s] -- The CXX compiler identification is GNU 11.4.0
[0.168s] -- Detecting C compiler ABI info
[0.222s] -- Detecting C compiler ABI info - done
[0.225s] -- Check for working C compiler: /usr/bin/cc - skipped
[0.226s] -- Detecting C compile features
[0.227s] -- Detecting C compile features - done
[0.229s] -- Detecting CXX compiler ABI info
[0.286s] -- Detecting CXX compiler ABI info - done
[0.290s] -- Check for working CXX compiler: /usr/bin/c++ - skipped
[0.291s] -- Detecting CXX compile features
[0.291s] -- Detecting CXX compile features - done
[0.295s] -- Found ament_cmake: 1.3.10 (/opt/ros/humble/share/ament_cmake/cmake)
[0.390s] -- Found Python3: /usr/bin/python3 (found version "3.10.12") found components: Interpreter 
[0.473s] -- Found rclcpp: 16.0.10 (/opt/ros/humble/share/rclcpp/cmake)
[0.516s] -- Found rosidl_generator_c: 3.1.5 (/opt/ros/humble/share/rosidl_generator_c/cmake)
[0.521s] -- Found rosidl_adapter: 3.1.5 (/opt/ros/humble/share/rosidl_adapter/cmake)
[0.531s] -- Found rosidl_generator_cpp: 3.1.5 (/opt/ros/humble/share/rosidl_generator_cpp/cmake)
[0.544s] -- Using all available rosidl_typesupport_c: rosidl_typesupport_fastrtps_c;rosidl_typesupport_introspection_c
[0.558s] -- Using all available rosidl_typesupport_cpp: rosidl_typesupport_fastrtps_cpp;rosidl_typesupport_introspection_cpp
[0.600s] -- Found rmw_implementation_cmake: 6.1.2 (/opt/ros/humble/share/rmw_implementation_cmake/cmake)
[0.603s] -- Found rmw_fastrtps_cpp: 6.2.7 (/opt/ros/humble/share/rmw_fastrtps_cpp/cmake)
[0.673s] -- Found OpenSSL: /usr/lib/x86_64-linux-gnu/libcrypto.so (found version "3.0.2")  
[0.691s] -- Found FastRTPS: /opt/ros/humble/include  
[0.716s] -- Using RMW implementation 'rmw_fastrtps_cpp' as default
[0.725s] -- Looking for pthread.h
[0.787s] -- Looking for pthread.h - found
[0.787s] -- Performing Test CMAKE_HAVE_LIBC_PTHREAD
[0.840s] -- Performing Test CMAKE_HAVE_LIBC_PTHREAD - Success
[0.841s] -- Found Threads: TRUE  
[0.885s] -- Found geometry_msgs: 4.2.4 (/opt/ros/humble/share/geometry_msgs/cmake)
[0.897s] -- Found turtlesim: 1.4.2 (/opt/ros/humble/share/turtlesim/cmake)
[0.933s] -- Found ament_lint_auto: 0.12.11 (/opt/ros/humble/share/ament_lint_auto/cmake)
[0.988s] -- Added test 'cppcheck' to perform static code analysis on C / C++ code
[0.988s] -- Configured cppcheck include dirs: 
[0.988s] -- Configured cppcheck exclude dirs and/or files: 
[0.989s] -- Added test 'lint_cmake' to check CMake code style
[0.990s] -- Added test 'uncrustify' to check C / C++ code style
[0.990s] -- Configured uncrustify additional arguments: 
[0.991s] -- Added test 'xmllint' to check XML markup files
[0.992s] -- Configuring done
[1.002s] -- Generating done
[1.003s] -- Build files have been written to: /home/zsy/sy_git/ROS2/CHAPT3_WS/topic_ws/build/demo_cpp_topic
[1.012s] Invoked command in '/home/zsy/sy_git/ROS2/CHAPT3_WS/topic_ws/build/demo_cpp_topic' returned '0': CMAKE_PREFIX_PATH=/opt/ros/humble /usr/bin/cmake /home/zsy/sy_git/ROS2/CHAPT3_WS/topic_ws/src/demo_cpp_topic -DCMAKE_INSTALL_PREFIX=/home/zsy/sy_git/ROS2/CHAPT3_WS/topic_ws/install/demo_cpp_topic
[1.012s] Invoking command in '/home/zsy/sy_git/ROS2/CHAPT3_WS/topic_ws/build/demo_cpp_topic': CMAKE_PREFIX_PATH=/opt/ros/humble /usr/bin/cmake --build /home/zsy/sy_git/ROS2/CHAPT3_WS/topic_ws/build/demo_cpp_topic -- -j4 -l4
[1.047s] [ 50%] [32mBuilding CXX object CMakeFiles/turtle_circle.dir/src/turtle_circle.cpp.o[0m
[3.563s] [100%] [32m[1mLinking CXX executable turtle_circle[0m
[3.718s] [100%] Built target turtle_circle
[3.728s] Invoked command in '/home/zsy/sy_git/ROS2/CHAPT3_WS/topic_ws/build/demo_cpp_topic' returned '0': CMAKE_PREFIX_PATH=/opt/ros/humble /usr/bin/cmake --build /home/zsy/sy_git/ROS2/CHAPT3_WS/topic_ws/build/demo_cpp_topic -- -j4 -l4
[3.753s] Invoking command in '/home/zsy/sy_git/ROS2/CHAPT3_WS/topic_ws/build/demo_cpp_topic': CMAKE_PREFIX_PATH=/opt/ros/humble /usr/bin/cmake --install /home/zsy/sy_git/ROS2/CHAPT3_WS/topic_ws/build/demo_cpp_topic
[3.759s] -- Install configuration: ""
[3.759s] -- Installing: /home/zsy/sy_git/ROS2/CHAPT3_WS/topic_ws/install/demo_cpp_topic/lib/demo_cpp_topic/turtle_circle
[3.759s] -- Set runtime path of "/home/zsy/sy_git/ROS2/CHAPT3_WS/topic_ws/install/demo_cpp_topic/lib/demo_cpp_topic/turtle_circle" to ""
[3.759s] -- Installing: /home/zsy/sy_git/ROS2/CHAPT3_WS/topic_ws/install/demo_cpp_topic/share/ament_index/resource_index/package_run_dependencies/demo_cpp_topic
[3.760s] -- Installing: /home/zsy/sy_git/ROS2/CHAPT3_WS/topic_ws/install/demo_cpp_topic/share/ament_index/resource_index/parent_prefix_path/demo_cpp_topic
[3.760s] -- Installing: /home/zsy/sy_git/ROS2/CHAPT3_WS/topic_ws/install/demo_cpp_topic/share/demo_cpp_topic/environment/ament_prefix_path.sh
[3.760s] -- Installing: /home/zsy/sy_git/ROS2/CHAPT3_WS/topic_ws/install/demo_cpp_topic/share/demo_cpp_topic/environment/ament_prefix_path.dsv
[3.760s] -- Installing: /home/zsy/sy_git/ROS2/CHAPT3_WS/topic_ws/install/demo_cpp_topic/share/demo_cpp_topic/environment/path.sh
[3.760s] -- Installing: /home/zsy/sy_git/ROS2/CHAPT3_WS/topic_ws/install/demo_cpp_topic/share/demo_cpp_topic/environment/path.dsv
[3.760s] -- Installing: /home/zsy/sy_git/ROS2/CHAPT3_WS/topic_ws/install/demo_cpp_topic/share/demo_cpp_topic/local_setup.bash
[3.760s] -- Installing: /home/zsy/sy_git/ROS2/CHAPT3_WS/topic_ws/install/demo_cpp_topic/share/demo_cpp_topic/local_setup.sh
[3.761s] -- Installing: /home/zsy/sy_git/ROS2/CHAPT3_WS/topic_ws/install/demo_cpp_topic/share/demo_cpp_topic/local_setup.zsh
[3.761s] -- Installing: /home/zsy/sy_git/ROS2/CHAPT3_WS/topic_ws/install/demo_cpp_topic/share/demo_cpp_topic/local_setup.dsv
[3.761s] -- Installing: /home/zsy/sy_git/ROS2/CHAPT3_WS/topic_ws/install/demo_cpp_topic/share/demo_cpp_topic/package.dsv
[3.761s] -- Installing: /home/zsy/sy_git/ROS2/CHAPT3_WS/topic_ws/install/demo_cpp_topic/share/ament_index/resource_index/packages/demo_cpp_topic
[3.761s] -- Installing: /home/zsy/sy_git/ROS2/CHAPT3_WS/topic_ws/install/demo_cpp_topic/share/demo_cpp_topic/cmake/demo_cpp_topicConfig.cmake
[3.761s] -- Installing: /home/zsy/sy_git/ROS2/CHAPT3_WS/topic_ws/install/demo_cpp_topic/share/demo_cpp_topic/cmake/demo_cpp_topicConfig-version.cmake
[3.762s] -- Installing: /home/zsy/sy_git/ROS2/CHAPT3_WS/topic_ws/install/demo_cpp_topic/share/demo_cpp_topic/package.xml
[3.763s] Invoked command in '/home/zsy/sy_git/ROS2/CHAPT3_WS/topic_ws/build/demo_cpp_topic' returned '0': CMAKE_PREFIX_PATH=/opt/ros/humble /usr/bin/cmake --install /home/zsy/sy_git/ROS2/CHAPT3_WS/topic_ws/build/demo_cpp_topic
