[0.007s] Invoking command in '/home/zsy/sy_git/ROS2/chapt4/chapt4_ws/build/chapt4_interfaces': CMAKE_PREFIX_PATH=/opt/ros/humble /usr/bin/cmake /home/zsy/sy_git/ROS2/chapt4/chapt4_ws/src/chapt4_interfaces -DCMAKE_INSTALL_PREFIX=/home/zsy/sy_git/ROS2/chapt4/chapt4_ws/install/chapt4_interfaces
[0.016s] -- Found ament_cmake: 1.3.10 (/opt/ros/humble/share/ament_cmake/cmake)
[0.087s] -- Found sensor_msgs: 4.2.4 (/opt/ros/humble/share/sensor_msgs/cmake)
[0.100s] -- Found rosidl_generator_c: 3.1.5 (/opt/ros/humble/share/rosidl_generator_c/cmake)
[0.101s] -- Found rosidl_adapter: 3.1.5 (/opt/ros/humble/share/rosidl_adapter/cmake)
[0.104s] -- Found rosidl_generator_cpp: 3.1.5 (/opt/ros/humble/share/rosidl_generator_cpp/cmake)
[0.109s] -- Using all available rosidl_typesupport_c: rosidl_typesupport_fastrtps_c;rosidl_typesupport_introspection_c
[0.115s] -- Using all available rosidl_typesupport_cpp: rosidl_typesupport_fastrtps_cpp;rosidl_typesupport_introspection_cpp
[0.144s] -- Found rosidl_default_generators: 1.2.0 (/opt/ros/humble/share/rosidl_default_generators/cmake)
[0.318s] -- Found ament_cmake_ros: 0.10.0 (/opt/ros/humble/share/ament_cmake_ros/cmake)
[0.589s] -- Using all available rosidl_typesupport_c: rosidl_typesupport_fastrtps_c;rosidl_typesupport_introspection_c
[0.691s] -- Using all available rosidl_typesupport_cpp: rosidl_typesupport_fastrtps_cpp;rosidl_typesupport_introspection_cpp
[0.705s] -- Found PythonInterp: /usr/bin/python3 (found suitable version "3.10.12", minimum required is "3.6") 
[0.706s] -- Found python_cmake_module: 0.10.0 (/opt/ros/humble/share/python_cmake_module/cmake)
[0.722s] -- Found PythonLibs: /usr/lib/x86_64-linux-gnu/libpython3.10.so (found suitable version "3.10.12", minimum required is "3.5") 
[0.722s] -- Using PYTHON_EXECUTABLE: /usr/bin/python3
[0.722s] -- Using PYTHON_INCLUDE_DIRS: /usr/include/python3.10
[0.723s] -- Using PYTHON_LIBRARIES: /usr/lib/x86_64-linux-gnu/libpython3.10.so
[0.734s] -- Found PythonExtra: .so  
[0.774s] -- Found ament_lint_auto: 0.12.11 (/opt/ros/humble/share/ament_lint_auto/cmake)
[0.798s] -- Added test 'lint_cmake' to check CMake code style
[0.799s] -- Added test 'xmllint' to check XML markup files
[0.803s] -- Configuring done
[0.829s] -- Generating done
[0.831s] -- Build files have been written to: /home/zsy/sy_git/ROS2/chapt4/chapt4_ws/build/chapt4_interfaces
[0.838s] Invoked command in '/home/zsy/sy_git/ROS2/chapt4/chapt4_ws/build/chapt4_interfaces' returned '0': CMAKE_PREFIX_PATH=/opt/ros/humble /usr/bin/cmake /home/zsy/sy_git/ROS2/chapt4/chapt4_ws/src/chapt4_interfaces -DCMAKE_INSTALL_PREFIX=/home/zsy/sy_git/ROS2/chapt4/chapt4_ws/install/chapt4_interfaces
[0.839s] Invoking command in '/home/zsy/sy_git/ROS2/chapt4/chapt4_ws/build/chapt4_interfaces': CMAKE_PREFIX_PATH=/opt/ros/humble /usr/bin/cmake --build /home/zsy/sy_git/ROS2/chapt4/chapt4_ws/build/chapt4_interfaces -- -j4 -l4
[0.864s] [  3%] [34m[1mGenerating C code for ROS interfaces[0m
[0.871s] [  6%] [34m[1mGenerating C++ code for ROS interfaces[0m
[0.876s] [  6%] Built target ament_cmake_python_copy_chapt4_interfaces
[0.998s] running egg_info
[0.998s] creating chapt4_interfaces.egg-info
[0.998s] writing chapt4_interfaces.egg-info/PKG-INFO
[0.998s] writing dependency_links to chapt4_interfaces.egg-info/dependency_links.txt
[0.998s] writing top-level names to chapt4_interfaces.egg-info/top_level.txt
[0.998s] writing manifest file 'chapt4_interfaces.egg-info/SOURCES.txt'
[1.000s] reading manifest file 'chapt4_interfaces.egg-info/SOURCES.txt'
[1.000s] writing manifest file 'chapt4_interfaces.egg-info/SOURCES.txt'
[1.016s] [  6%] Built target ament_cmake_python_build_chapt4_interfaces_egg
[1.036s] [  6%] Built target chapt4_interfaces__cpp
[1.042s] [  9%] [32mBuilding C object CMakeFiles/chapt4_interfaces__rosidl_generator_c.dir/rosidl_generator_c/chapt4_interfaces/srv/detail/face_detector__functions.c.o[0m
[1.046s] [ 12%] [34m[1mGenerating C++ type support dispatch for ROS interfaces[0m
[1.046s] [ 16%] [34m[1mGenerating C++ introspection for ROS interfaces[0m
[1.054s] [ 19%] [34m[1mGenerating C++ type support for eProsima Fast-RTPS[0m
[1.117s] [ 22%] [32m[1mLinking C shared library libchapt4_interfaces__rosidl_generator_c.so[0m
[1.142s] [ 22%] Built target chapt4_interfaces__rosidl_generator_c
[1.149s] [ 25%] [34m[1mGenerating C type support for eProsima Fast-RTPS[0m
[1.195s] [ 29%] [32mBuilding CXX object CMakeFiles/chapt4_interfaces__rosidl_typesupport_cpp.dir/rosidl_typesupport_cpp/chapt4_interfaces/srv/face_detector__type_support.cpp.o[0m
[1.212s] [ 32%] [32mBuilding CXX object CMakeFiles/chapt4_interfaces__rosidl_typesupport_introspection_cpp.dir/rosidl_typesupport_introspection_cpp/chapt4_interfaces/srv/detail/face_detector__type_support.cpp.o[0m
[1.228s] [ 35%] [32mBuilding CXX object CMakeFiles/chapt4_interfaces__rosidl_typesupport_fastrtps_cpp.dir/rosidl_typesupport_fastrtps_cpp/chapt4_interfaces/srv/detail/dds_fastrtps/face_detector__type_support.cpp.o[0m
[1.319s] [ 38%] [32mBuilding CXX object CMakeFiles/chapt4_interfaces__rosidl_typesupport_fastrtps_c.dir/rosidl_typesupport_fastrtps_c/chapt4_interfaces/srv/detail/face_detector__type_support_c.cpp.o[0m
[1.374s] [ 41%] [32m[1mLinking CXX shared library libchapt4_interfaces__rosidl_typesupport_cpp.so[0m
[1.409s] [ 41%] Built target chapt4_interfaces__rosidl_typesupport_cpp
[1.417s] [ 45%] [34m[1mGenerating C introspection for ROS interfaces[0m
[1.472s] [ 48%] [32m[1mLinking CXX shared library libchapt4_interfaces__rosidl_typesupport_introspection_cpp.so[0m
[1.508s] [ 51%] [32m[1mLinking CXX shared library libchapt4_interfaces__rosidl_typesupport_fastrtps_cpp.so[0m
[1.530s] [ 51%] Built target chapt4_interfaces__rosidl_typesupport_introspection_cpp
[1.537s] [ 54%] [32m[1mLinking CXX shared library libchapt4_interfaces__rosidl_typesupport_fastrtps_c.so[0m
[1.542s] [ 58%] [34m[1mGenerating C type support dispatch for ROS interfaces[0m
[1.563s] [ 58%] Built target chapt4_interfaces__rosidl_typesupport_fastrtps_cpp
[1.586s] [ 61%] [32mBuilding C object CMakeFiles/chapt4_interfaces__rosidl_typesupport_introspection_c.dir/rosidl_typesupport_introspection_c/chapt4_interfaces/srv/detail/face_detector__type_support.c.o[0m
[1.590s] [ 61%] Built target chapt4_interfaces__rosidl_typesupport_fastrtps_c
[1.618s] [ 64%] [32m[1mLinking C shared library libchapt4_interfaces__rosidl_typesupport_introspection_c.so[0m
[1.643s] [ 64%] Built target chapt4_interfaces__rosidl_typesupport_introspection_c
[1.694s] [ 67%] [32mBuilding CXX object CMakeFiles/chapt4_interfaces__rosidl_typesupport_c.dir/rosidl_typesupport_c/chapt4_interfaces/srv/face_detector__type_support.cpp.o[0m
[1.717s] [ 70%] [32m[1mLinking CXX shared library libchapt4_interfaces__rosidl_typesupport_c.so[0m
[1.747s] [ 70%] Built target chapt4_interfaces__rosidl_typesupport_c
[1.759s] [ 70%] Built target chapt4_interfaces
[1.773s] [ 74%] [34m[1mGenerating Python code for ROS interfaces[0m
[2.004s] [ 74%] Built target chapt4_interfaces__py
[2.017s] [ 77%] [32mBuilding C object CMakeFiles/chapt4_interfaces__rosidl_generator_py.dir/rosidl_generator_py/chapt4_interfaces/srv/_face_detector_s.c.o[0m
[2.123s] [ 80%] [32m[1mLinking C shared library rosidl_generator_py/chapt4_interfaces/libchapt4_interfaces__rosidl_generator_py.so[0m
[2.155s] [ 80%] Built target chapt4_interfaces__rosidl_generator_py
[2.170s] [ 87%] [32mBuilding C object CMakeFiles/chapt4_interfaces__rosidl_typesupport_introspection_c__pyext.dir/rosidl_generator_py/chapt4_interfaces/_chapt4_interfaces_s.ep.rosidl_typesupport_introspection_c.c.o[0m
[2.170s] [ 90%] [32mBuilding C object CMakeFiles/chapt4_interfaces__rosidl_typesupport_c__pyext.dir/rosidl_generator_py/chapt4_interfaces/_chapt4_interfaces_s.ep.rosidl_typesupport_c.c.o[0m
[2.171s] [ 90%] [32mBuilding C object CMakeFiles/chapt4_interfaces__rosidl_typesupport_fastrtps_c__pyext.dir/rosidl_generator_py/chapt4_interfaces/_chapt4_interfaces_s.ep.rosidl_typesupport_fastrtps_c.c.o[0m
[2.236s] [ 93%] [32m[1mLinking C shared library rosidl_generator_py/chapt4_interfaces/chapt4_interfaces_s__rosidl_typesupport_fastrtps_c.cpython-310-x86_64-linux-gnu.so[0m
[2.237s] [ 96%] [32m[1mLinking C shared library rosidl_generator_py/chapt4_interfaces/chapt4_interfaces_s__rosidl_typesupport_introspection_c.cpython-310-x86_64-linux-gnu.so[0m
[2.237s] [100%] [32m[1mLinking C shared library rosidl_generator_py/chapt4_interfaces/chapt4_interfaces_s__rosidl_typesupport_c.cpython-310-x86_64-linux-gnu.so[0m
[2.267s] [100%] Built target chapt4_interfaces__rosidl_typesupport_introspection_c__pyext
[2.267s] [100%] Built target chapt4_interfaces__rosidl_typesupport_fastrtps_c__pyext
[2.268s] [100%] Built target chapt4_interfaces__rosidl_typesupport_c__pyext
[2.277s] Invoked command in '/home/zsy/sy_git/ROS2/chapt4/chapt4_ws/build/chapt4_interfaces' returned '0': CMAKE_PREFIX_PATH=/opt/ros/humble /usr/bin/cmake --build /home/zsy/sy_git/ROS2/chapt4/chapt4_ws/build/chapt4_interfaces -- -j4 -l4
[2.324s] Invoking command in '/home/zsy/sy_git/ROS2/chapt4/chapt4_ws/build/chapt4_interfaces': CMAKE_PREFIX_PATH=/opt/ros/humble /usr/bin/cmake --install /home/zsy/sy_git/ROS2/chapt4/chapt4_ws/build/chapt4_interfaces
[2.329s] -- Install configuration: ""
[2.330s] -- Installing: /home/zsy/sy_git/ROS2/chapt4/chapt4_ws/install/chapt4_interfaces/share/ament_index/resource_index/rosidl_interfaces/chapt4_interfaces
[2.330s] -- Installing: /home/zsy/sy_git/ROS2/chapt4/chapt4_ws/install/chapt4_interfaces/include/chapt4_interfaces/chapt4_interfaces
[2.330s] -- Installing: /home/zsy/sy_git/ROS2/chapt4/chapt4_ws/install/chapt4_interfaces/include/chapt4_interfaces/chapt4_interfaces/msg
[2.330s] -- Installing: /home/zsy/sy_git/ROS2/chapt4/chapt4_ws/install/chapt4_interfaces/include/chapt4_interfaces/chapt4_interfaces/msg/rosidl_generator_c__visibility_control.h
[2.330s] -- Installing: /home/zsy/sy_git/ROS2/chapt4/chapt4_ws/install/chapt4_interfaces/include/chapt4_interfaces/chapt4_interfaces/srv
[2.331s] -- Installing: /home/zsy/sy_git/ROS2/chapt4/chapt4_ws/install/chapt4_interfaces/include/chapt4_interfaces/chapt4_interfaces/srv/face_detector.h
[2.331s] -- Installing: /home/zsy/sy_git/ROS2/chapt4/chapt4_ws/install/chapt4_interfaces/include/chapt4_interfaces/chapt4_interfaces/srv/detail
[2.331s] -- Installing: /home/zsy/sy_git/ROS2/chapt4/chapt4_ws/install/chapt4_interfaces/include/chapt4_interfaces/chapt4_interfaces/srv/detail/face_detector__type_support.h
[2.331s] -- Installing: /home/zsy/sy_git/ROS2/chapt4/chapt4_ws/install/chapt4_interfaces/include/chapt4_interfaces/chapt4_interfaces/srv/detail/face_detector__struct.h
[2.331s] -- Installing: /home/zsy/sy_git/ROS2/chapt4/chapt4_ws/install/chapt4_interfaces/include/chapt4_interfaces/chapt4_interfaces/srv/detail/face_detector__functions.c
[2.331s] -- Installing: /home/zsy/sy_git/ROS2/chapt4/chapt4_ws/install/chapt4_interfaces/include/chapt4_interfaces/chapt4_interfaces/srv/detail/face_detector__functions.h
[2.331s] -- Installing: /home/zsy/sy_git/ROS2/chapt4/chapt4_ws/install/chapt4_interfaces/share/chapt4_interfaces/environment/library_path.sh
[2.331s] -- Installing: /home/zsy/sy_git/ROS2/chapt4/chapt4_ws/install/chapt4_interfaces/share/chapt4_interfaces/environment/library_path.dsv
[2.331s] -- Installing: /home/zsy/sy_git/ROS2/chapt4/chapt4_ws/install/chapt4_interfaces/lib/libchapt4_interfaces__rosidl_generator_c.so
[2.331s] -- Set runtime path of "/home/zsy/sy_git/ROS2/chapt4/chapt4_ws/install/chapt4_interfaces/lib/libchapt4_interfaces__rosidl_generator_c.so" to ""
[2.332s] -- Up-to-date: /home/zsy/sy_git/ROS2/chapt4/chapt4_ws/install/chapt4_interfaces/include/chapt4_interfaces/chapt4_interfaces
[2.333s] -- Up-to-date: /home/zsy/sy_git/ROS2/chapt4/chapt4_ws/install/chapt4_interfaces/include/chapt4_interfaces/chapt4_interfaces/msg
[2.333s] -- Installing: /home/zsy/sy_git/ROS2/chapt4/chapt4_ws/install/chapt4_interfaces/include/chapt4_interfaces/chapt4_interfaces/msg/rosidl_typesupport_fastrtps_c__visibility_control.h
[2.333s] -- Up-to-date: /home/zsy/sy_git/ROS2/chapt4/chapt4_ws/install/chapt4_interfaces/include/chapt4_interfaces/chapt4_interfaces/srv
[2.333s] -- Up-to-date: /home/zsy/sy_git/ROS2/chapt4/chapt4_ws/install/chapt4_interfaces/include/chapt4_interfaces/chapt4_interfaces/srv/detail
[2.333s] -- Installing: /home/zsy/sy_git/ROS2/chapt4/chapt4_ws/install/chapt4_interfaces/include/chapt4_interfaces/chapt4_interfaces/srv/detail/face_detector__rosidl_typesupport_fastrtps_c.h
[2.333s] -- Installing: /home/zsy/sy_git/ROS2/chapt4/chapt4_ws/install/chapt4_interfaces/lib/libchapt4_interfaces__rosidl_typesupport_fastrtps_c.so
[2.333s] -- Set runtime path of "/home/zsy/sy_git/ROS2/chapt4/chapt4_ws/install/chapt4_interfaces/lib/libchapt4_interfaces__rosidl_typesupport_fastrtps_c.so" to ""
[2.333s] -- Up-to-date: /home/zsy/sy_git/ROS2/chapt4/chapt4_ws/install/chapt4_interfaces/include/chapt4_interfaces/chapt4_interfaces
[2.333s] -- Up-to-date: /home/zsy/sy_git/ROS2/chapt4/chapt4_ws/install/chapt4_interfaces/include/chapt4_interfaces/chapt4_interfaces/srv
[2.333s] -- Up-to-date: /home/zsy/sy_git/ROS2/chapt4/chapt4_ws/install/chapt4_interfaces/include/chapt4_interfaces/chapt4_interfaces/srv/detail
[2.333s] -- Installing: /home/zsy/sy_git/ROS2/chapt4/chapt4_ws/install/chapt4_interfaces/include/chapt4_interfaces/chapt4_interfaces/srv/detail/face_detector__builder.hpp
[2.333s] -- Installing: /home/zsy/sy_git/ROS2/chapt4/chapt4_ws/install/chapt4_interfaces/include/chapt4_interfaces/chapt4_interfaces/srv/detail/face_detector__traits.hpp
[2.333s] -- Installing: /home/zsy/sy_git/ROS2/chapt4/chapt4_ws/install/chapt4_interfaces/include/chapt4_interfaces/chapt4_interfaces/srv/detail/face_detector__struct.hpp
[2.333s] -- Installing: /home/zsy/sy_git/ROS2/chapt4/chapt4_ws/install/chapt4_interfaces/include/chapt4_interfaces/chapt4_interfaces/srv/face_detector.hpp
[2.333s] -- Up-to-date: /home/zsy/sy_git/ROS2/chapt4/chapt4_ws/install/chapt4_interfaces/include/chapt4_interfaces/chapt4_interfaces
[2.333s] -- Up-to-date: /home/zsy/sy_git/ROS2/chapt4/chapt4_ws/install/chapt4_interfaces/include/chapt4_interfaces/chapt4_interfaces/msg
[2.333s] -- Installing: /home/zsy/sy_git/ROS2/chapt4/chapt4_ws/install/chapt4_interfaces/include/chapt4_interfaces/chapt4_interfaces/msg/rosidl_typesupport_fastrtps_cpp__visibility_control.h
[2.336s] -- Up-to-date: /home/zsy/sy_git/ROS2/chapt4/chapt4_ws/install/chapt4_interfaces/include/chapt4_interfaces/chapt4_interfaces/srv
[2.336s] -- Up-to-date: /home/zsy/sy_git/ROS2/chapt4/chapt4_ws/install/chapt4_interfaces/include/chapt4_interfaces/chapt4_interfaces/srv/detail
[2.336s] -- Installing: /home/zsy/sy_git/ROS2/chapt4/chapt4_ws/install/chapt4_interfaces/include/chapt4_interfaces/chapt4_interfaces/srv/detail/face_detector__rosidl_typesupport_fastrtps_cpp.hpp
[2.336s] -- Installing: /home/zsy/sy_git/ROS2/chapt4/chapt4_ws/install/chapt4_interfaces/include/chapt4_interfaces/chapt4_interfaces/srv/detail/dds_fastrtps
[2.336s] -- Installing: /home/zsy/sy_git/ROS2/chapt4/chapt4_ws/install/chapt4_interfaces/lib/libchapt4_interfaces__rosidl_typesupport_fastrtps_cpp.so
[2.336s] -- Set runtime path of "/home/zsy/sy_git/ROS2/chapt4/chapt4_ws/install/chapt4_interfaces/lib/libchapt4_interfaces__rosidl_typesupport_fastrtps_cpp.so" to ""
[2.336s] -- Up-to-date: /home/zsy/sy_git/ROS2/chapt4/chapt4_ws/install/chapt4_interfaces/include/chapt4_interfaces/chapt4_interfaces
[2.336s] -- Up-to-date: /home/zsy/sy_git/ROS2/chapt4/chapt4_ws/install/chapt4_interfaces/include/chapt4_interfaces/chapt4_interfaces/msg
[2.336s] -- Installing: /home/zsy/sy_git/ROS2/chapt4/chapt4_ws/install/chapt4_interfaces/include/chapt4_interfaces/chapt4_interfaces/msg/rosidl_typesupport_introspection_c__visibility_control.h
[2.337s] -- Up-to-date: /home/zsy/sy_git/ROS2/chapt4/chapt4_ws/install/chapt4_interfaces/include/chapt4_interfaces/chapt4_interfaces/srv
[2.337s] -- Up-to-date: /home/zsy/sy_git/ROS2/chapt4/chapt4_ws/install/chapt4_interfaces/include/chapt4_interfaces/chapt4_interfaces/srv/detail
[2.337s] -- Installing: /home/zsy/sy_git/ROS2/chapt4/chapt4_ws/install/chapt4_interfaces/include/chapt4_interfaces/chapt4_interfaces/srv/detail/face_detector__type_support.c
[2.337s] -- Installing: /home/zsy/sy_git/ROS2/chapt4/chapt4_ws/install/chapt4_interfaces/include/chapt4_interfaces/chapt4_interfaces/srv/detail/face_detector__rosidl_typesupport_introspection_c.h
[2.337s] -- Installing: /home/zsy/sy_git/ROS2/chapt4/chapt4_ws/install/chapt4_interfaces/lib/libchapt4_interfaces__rosidl_typesupport_introspection_c.so
[2.337s] -- Set runtime path of "/home/zsy/sy_git/ROS2/chapt4/chapt4_ws/install/chapt4_interfaces/lib/libchapt4_interfaces__rosidl_typesupport_introspection_c.so" to ""
[2.337s] -- Installing: /home/zsy/sy_git/ROS2/chapt4/chapt4_ws/install/chapt4_interfaces/lib/libchapt4_interfaces__rosidl_typesupport_c.so
[2.337s] -- Set runtime path of "/home/zsy/sy_git/ROS2/chapt4/chapt4_ws/install/chapt4_interfaces/lib/libchapt4_interfaces__rosidl_typesupport_c.so" to ""
[2.337s] -- Up-to-date: /home/zsy/sy_git/ROS2/chapt4/chapt4_ws/install/chapt4_interfaces/include/chapt4_interfaces/chapt4_interfaces
[2.337s] -- Up-to-date: /home/zsy/sy_git/ROS2/chapt4/chapt4_ws/install/chapt4_interfaces/include/chapt4_interfaces/chapt4_interfaces/srv
[2.337s] -- Up-to-date: /home/zsy/sy_git/ROS2/chapt4/chapt4_ws/install/chapt4_interfaces/include/chapt4_interfaces/chapt4_interfaces/srv/detail
[2.337s] -- Installing: /home/zsy/sy_git/ROS2/chapt4/chapt4_ws/install/chapt4_interfaces/include/chapt4_interfaces/chapt4_interfaces/srv/detail/face_detector__type_support.cpp
[2.337s] -- Installing: /home/zsy/sy_git/ROS2/chapt4/chapt4_ws/install/chapt4_interfaces/include/chapt4_interfaces/chapt4_interfaces/srv/detail/face_detector__rosidl_typesupport_introspection_cpp.hpp
[2.337s] -- Installing: /home/zsy/sy_git/ROS2/chapt4/chapt4_ws/install/chapt4_interfaces/lib/libchapt4_interfaces__rosidl_typesupport_introspection_cpp.so
[2.339s] -- Set runtime path of "/home/zsy/sy_git/ROS2/chapt4/chapt4_ws/install/chapt4_interfaces/lib/libchapt4_interfaces__rosidl_typesupport_introspection_cpp.so" to ""
[2.339s] -- Installing: /home/zsy/sy_git/ROS2/chapt4/chapt4_ws/install/chapt4_interfaces/lib/libchapt4_interfaces__rosidl_typesupport_cpp.so
[2.339s] -- Set runtime path of "/home/zsy/sy_git/ROS2/chapt4/chapt4_ws/install/chapt4_interfaces/lib/libchapt4_interfaces__rosidl_typesupport_cpp.so" to ""
[2.339s] -- Installing: /home/zsy/sy_git/ROS2/chapt4/chapt4_ws/install/chapt4_interfaces/share/chapt4_interfaces/environment/pythonpath.sh
[2.339s] -- Installing: /home/zsy/sy_git/ROS2/chapt4/chapt4_ws/install/chapt4_interfaces/share/chapt4_interfaces/environment/pythonpath.dsv
[2.339s] -- Installing: /home/zsy/sy_git/ROS2/chapt4/chapt4_ws/install/chapt4_interfaces/local/lib/python3.10/dist-packages/chapt4_interfaces-0.0.0-py3.10.egg-info
[2.339s] -- Installing: /home/zsy/sy_git/ROS2/chapt4/chapt4_ws/install/chapt4_interfaces/local/lib/python3.10/dist-packages/chapt4_interfaces-0.0.0-py3.10.egg-info/PKG-INFO
[2.339s] -- Installing: /home/zsy/sy_git/ROS2/chapt4/chapt4_ws/install/chapt4_interfaces/local/lib/python3.10/dist-packages/chapt4_interfaces-0.0.0-py3.10.egg-info/SOURCES.txt
[2.339s] -- Installing: /home/zsy/sy_git/ROS2/chapt4/chapt4_ws/install/chapt4_interfaces/local/lib/python3.10/dist-packages/chapt4_interfaces-0.0.0-py3.10.egg-info/dependency_links.txt
[2.339s] -- Installing: /home/zsy/sy_git/ROS2/chapt4/chapt4_ws/install/chapt4_interfaces/local/lib/python3.10/dist-packages/chapt4_interfaces-0.0.0-py3.10.egg-info/top_level.txt
[2.339s] -- Installing: /home/zsy/sy_git/ROS2/chapt4/chapt4_ws/install/chapt4_interfaces/local/lib/python3.10/dist-packages/chapt4_interfaces
[2.339s] -- Installing: /home/zsy/sy_git/ROS2/chapt4/chapt4_ws/install/chapt4_interfaces/local/lib/python3.10/dist-packages/chapt4_interfaces/__init__.py
[2.339s] -- Installing: /home/zsy/sy_git/ROS2/chapt4/chapt4_ws/install/chapt4_interfaces/local/lib/python3.10/dist-packages/chapt4_interfaces/chapt4_interfaces_s__rosidl_typesupport_introspection_c.cpython-310-x86_64-linux-gnu.so
[2.339s] -- Installing: /home/zsy/sy_git/ROS2/chapt4/chapt4_ws/install/chapt4_interfaces/local/lib/python3.10/dist-packages/chapt4_interfaces/_chapt4_interfaces_s.ep.rosidl_typesupport_c.c
[2.339s] -- Installing: /home/zsy/sy_git/ROS2/chapt4/chapt4_ws/install/chapt4_interfaces/local/lib/python3.10/dist-packages/chapt4_interfaces/libchapt4_interfaces__rosidl_generator_py.so
[2.339s] -- Installing: /home/zsy/sy_git/ROS2/chapt4/chapt4_ws/install/chapt4_interfaces/local/lib/python3.10/dist-packages/chapt4_interfaces/_chapt4_interfaces_s.ep.rosidl_typesupport_fastrtps_c.c
[2.339s] -- Installing: /home/zsy/sy_git/ROS2/chapt4/chapt4_ws/install/chapt4_interfaces/local/lib/python3.10/dist-packages/chapt4_interfaces/srv
[2.339s] -- Installing: /home/zsy/sy_git/ROS2/chapt4/chapt4_ws/install/chapt4_interfaces/local/lib/python3.10/dist-packages/chapt4_interfaces/srv/__init__.py
[2.339s] -- Installing: /home/zsy/sy_git/ROS2/chapt4/chapt4_ws/install/chapt4_interfaces/local/lib/python3.10/dist-packages/chapt4_interfaces/srv/_face_detector.py
[2.339s] -- Installing: /home/zsy/sy_git/ROS2/chapt4/chapt4_ws/install/chapt4_interfaces/local/lib/python3.10/dist-packages/chapt4_interfaces/srv/_face_detector_s.c
[2.339s] -- Installing: /home/zsy/sy_git/ROS2/chapt4/chapt4_ws/install/chapt4_interfaces/local/lib/python3.10/dist-packages/chapt4_interfaces/_chapt4_interfaces_s.ep.rosidl_typesupport_introspection_c.c
[2.340s] -- Installing: /home/zsy/sy_git/ROS2/chapt4/chapt4_ws/install/chapt4_interfaces/local/lib/python3.10/dist-packages/chapt4_interfaces/chapt4_interfaces_s__rosidl_typesupport_fastrtps_c.cpython-310-x86_64-linux-gnu.so
[2.340s] -- Installing: /home/zsy/sy_git/ROS2/chapt4/chapt4_ws/install/chapt4_interfaces/local/lib/python3.10/dist-packages/chapt4_interfaces/chapt4_interfaces_s__rosidl_typesupport_c.cpython-310-x86_64-linux-gnu.so
[2.360s] Listing '/home/zsy/sy_git/ROS2/chapt4/chapt4_ws/install/chapt4_interfaces/local/lib/python3.10/dist-packages/chapt4_interfaces'...
[2.360s] Compiling '/home/zsy/sy_git/ROS2/chapt4/chapt4_ws/install/chapt4_interfaces/local/lib/python3.10/dist-packages/chapt4_interfaces/__init__.py'...
[2.360s] Listing '/home/zsy/sy_git/ROS2/chapt4/chapt4_ws/install/chapt4_interfaces/local/lib/python3.10/dist-packages/chapt4_interfaces/srv'...
[2.360s] Compiling '/home/zsy/sy_git/ROS2/chapt4/chapt4_ws/install/chapt4_interfaces/local/lib/python3.10/dist-packages/chapt4_interfaces/srv/__init__.py'...
[2.360s] Compiling '/home/zsy/sy_git/ROS2/chapt4/chapt4_ws/install/chapt4_interfaces/local/lib/python3.10/dist-packages/chapt4_interfaces/srv/_face_detector.py'...
[2.363s] -- Installing: /home/zsy/sy_git/ROS2/chapt4/chapt4_ws/install/chapt4_interfaces/local/lib/python3.10/dist-packages/chapt4_interfaces/chapt4_interfaces_s__rosidl_typesupport_fastrtps_c.cpython-310-x86_64-linux-gnu.so
[2.363s] -- Set runtime path of "/home/zsy/sy_git/ROS2/chapt4/chapt4_ws/install/chapt4_interfaces/local/lib/python3.10/dist-packages/chapt4_interfaces/chapt4_interfaces_s__rosidl_typesupport_fastrtps_c.cpython-310-x86_64-linux-gnu.so" to ""
[2.363s] -- Installing: /home/zsy/sy_git/ROS2/chapt4/chapt4_ws/install/chapt4_interfaces/local/lib/python3.10/dist-packages/chapt4_interfaces/chapt4_interfaces_s__rosidl_typesupport_introspection_c.cpython-310-x86_64-linux-gnu.so
[2.363s] -- Set runtime path of "/home/zsy/sy_git/ROS2/chapt4/chapt4_ws/install/chapt4_interfaces/local/lib/python3.10/dist-packages/chapt4_interfaces/chapt4_interfaces_s__rosidl_typesupport_introspection_c.cpython-310-x86_64-linux-gnu.so" to ""
[2.363s] -- Installing: /home/zsy/sy_git/ROS2/chapt4/chapt4_ws/install/chapt4_interfaces/local/lib/python3.10/dist-packages/chapt4_interfaces/chapt4_interfaces_s__rosidl_typesupport_c.cpython-310-x86_64-linux-gnu.so
[2.365s] -- Set runtime path of "/home/zsy/sy_git/ROS2/chapt4/chapt4_ws/install/chapt4_interfaces/local/lib/python3.10/dist-packages/chapt4_interfaces/chapt4_interfaces_s__rosidl_typesupport_c.cpython-310-x86_64-linux-gnu.so" to ""
[2.365s] -- Installing: /home/zsy/sy_git/ROS2/chapt4/chapt4_ws/install/chapt4_interfaces/lib/libchapt4_interfaces__rosidl_generator_py.so
[2.365s] -- Set runtime path of "/home/zsy/sy_git/ROS2/chapt4/chapt4_ws/install/chapt4_interfaces/lib/libchapt4_interfaces__rosidl_generator_py.so" to ""
[2.365s] -- Installing: /home/zsy/sy_git/ROS2/chapt4/chapt4_ws/install/chapt4_interfaces/share/chapt4_interfaces/srv/FaceDetector.idl
[2.365s] -- Installing: /home/zsy/sy_git/ROS2/chapt4/chapt4_ws/install/chapt4_interfaces/share/chapt4_interfaces/srv/FaceDetector.srv
[2.365s] -- Installing: /home/zsy/sy_git/ROS2/chapt4/chapt4_ws/install/chapt4_interfaces/share/chapt4_interfaces/srv/FaceDetector_Request.msg
[2.365s] -- Installing: /home/zsy/sy_git/ROS2/chapt4/chapt4_ws/install/chapt4_interfaces/share/chapt4_interfaces/srv/FaceDetector_Response.msg
[2.366s] -- Installing: /home/zsy/sy_git/ROS2/chapt4/chapt4_ws/install/chapt4_interfaces/share/ament_index/resource_index/package_run_dependencies/chapt4_interfaces
[2.366s] -- Installing: /home/zsy/sy_git/ROS2/chapt4/chapt4_ws/install/chapt4_interfaces/share/ament_index/resource_index/parent_prefix_path/chapt4_interfaces
[2.366s] -- Installing: /home/zsy/sy_git/ROS2/chapt4/chapt4_ws/install/chapt4_interfaces/share/chapt4_interfaces/environment/ament_prefix_path.sh
[2.366s] -- Installing: /home/zsy/sy_git/ROS2/chapt4/chapt4_ws/install/chapt4_interfaces/share/chapt4_interfaces/environment/ament_prefix_path.dsv
[2.366s] -- Installing: /home/zsy/sy_git/ROS2/chapt4/chapt4_ws/install/chapt4_interfaces/share/chapt4_interfaces/environment/path.sh
[2.366s] -- Installing: /home/zsy/sy_git/ROS2/chapt4/chapt4_ws/install/chapt4_interfaces/share/chapt4_interfaces/environment/path.dsv
[2.366s] -- Installing: /home/zsy/sy_git/ROS2/chapt4/chapt4_ws/install/chapt4_interfaces/share/chapt4_interfaces/local_setup.bash
[2.366s] -- Installing: /home/zsy/sy_git/ROS2/chapt4/chapt4_ws/install/chapt4_interfaces/share/chapt4_interfaces/local_setup.sh
[2.366s] -- Installing: /home/zsy/sy_git/ROS2/chapt4/chapt4_ws/install/chapt4_interfaces/share/chapt4_interfaces/local_setup.zsh
[2.368s] -- Installing: /home/zsy/sy_git/ROS2/chapt4/chapt4_ws/install/chapt4_interfaces/share/chapt4_interfaces/local_setup.dsv
[2.368s] -- Installing: /home/zsy/sy_git/ROS2/chapt4/chapt4_ws/install/chapt4_interfaces/share/chapt4_interfaces/package.dsv
[2.368s] -- Installing: /home/zsy/sy_git/ROS2/chapt4/chapt4_ws/install/chapt4_interfaces/share/ament_index/resource_index/packages/chapt4_interfaces
[2.368s] -- Installing: /home/zsy/sy_git/ROS2/chapt4/chapt4_ws/install/chapt4_interfaces/share/chapt4_interfaces/cmake/export_chapt4_interfaces__rosidl_generator_cExport.cmake
[2.368s] -- Installing: /home/zsy/sy_git/ROS2/chapt4/chapt4_ws/install/chapt4_interfaces/share/chapt4_interfaces/cmake/export_chapt4_interfaces__rosidl_generator_cExport-noconfig.cmake
[2.368s] -- Installing: /home/zsy/sy_git/ROS2/chapt4/chapt4_ws/install/chapt4_interfaces/share/chapt4_interfaces/cmake/export_chapt4_interfaces__rosidl_typesupport_fastrtps_cExport.cmake
[2.368s] -- Installing: /home/zsy/sy_git/ROS2/chapt4/chapt4_ws/install/chapt4_interfaces/share/chapt4_interfaces/cmake/export_chapt4_interfaces__rosidl_typesupport_fastrtps_cExport-noconfig.cmake
[2.368s] -- Installing: /home/zsy/sy_git/ROS2/chapt4/chapt4_ws/install/chapt4_interfaces/share/chapt4_interfaces/cmake/export_chapt4_interfaces__rosidl_generator_cppExport.cmake
[2.368s] -- Installing: /home/zsy/sy_git/ROS2/chapt4/chapt4_ws/install/chapt4_interfaces/share/chapt4_interfaces/cmake/export_chapt4_interfaces__rosidl_typesupport_fastrtps_cppExport.cmake
[2.368s] -- Installing: /home/zsy/sy_git/ROS2/chapt4/chapt4_ws/install/chapt4_interfaces/share/chapt4_interfaces/cmake/export_chapt4_interfaces__rosidl_typesupport_fastrtps_cppExport-noconfig.cmake
[2.368s] -- Installing: /home/zsy/sy_git/ROS2/chapt4/chapt4_ws/install/chapt4_interfaces/share/chapt4_interfaces/cmake/chapt4_interfaces__rosidl_typesupport_introspection_cExport.cmake
[2.368s] -- Installing: /home/zsy/sy_git/ROS2/chapt4/chapt4_ws/install/chapt4_interfaces/share/chapt4_interfaces/cmake/chapt4_interfaces__rosidl_typesupport_introspection_cExport-noconfig.cmake
[2.370s] -- Installing: /home/zsy/sy_git/ROS2/chapt4/chapt4_ws/install/chapt4_interfaces/share/chapt4_interfaces/cmake/chapt4_interfaces__rosidl_typesupport_cExport.cmake
[2.370s] -- Installing: /home/zsy/sy_git/ROS2/chapt4/chapt4_ws/install/chapt4_interfaces/share/chapt4_interfaces/cmake/chapt4_interfaces__rosidl_typesupport_cExport-noconfig.cmake
[2.370s] -- Installing: /home/zsy/sy_git/ROS2/chapt4/chapt4_ws/install/chapt4_interfaces/share/chapt4_interfaces/cmake/chapt4_interfaces__rosidl_typesupport_introspection_cppExport.cmake
[2.370s] -- Installing: /home/zsy/sy_git/ROS2/chapt4/chapt4_ws/install/chapt4_interfaces/share/chapt4_interfaces/cmake/chapt4_interfaces__rosidl_typesupport_introspection_cppExport-noconfig.cmake
[2.370s] -- Installing: /home/zsy/sy_git/ROS2/chapt4/chapt4_ws/install/chapt4_interfaces/share/chapt4_interfaces/cmake/chapt4_interfaces__rosidl_typesupport_cppExport.cmake
[2.370s] -- Installing: /home/zsy/sy_git/ROS2/chapt4/chapt4_ws/install/chapt4_interfaces/share/chapt4_interfaces/cmake/chapt4_interfaces__rosidl_typesupport_cppExport-noconfig.cmake
[2.370s] -- Installing: /home/zsy/sy_git/ROS2/chapt4/chapt4_ws/install/chapt4_interfaces/share/chapt4_interfaces/cmake/export_chapt4_interfaces__rosidl_generator_pyExport.cmake
[2.370s] -- Installing: /home/zsy/sy_git/ROS2/chapt4/chapt4_ws/install/chapt4_interfaces/share/chapt4_interfaces/cmake/export_chapt4_interfaces__rosidl_generator_pyExport-noconfig.cmake
[2.370s] -- Installing: /home/zsy/sy_git/ROS2/chapt4/chapt4_ws/install/chapt4_interfaces/share/chapt4_interfaces/cmake/rosidl_cmake-extras.cmake
[2.370s] -- Installing: /home/zsy/sy_git/ROS2/chapt4/chapt4_ws/install/chapt4_interfaces/share/chapt4_interfaces/cmake/ament_cmake_export_dependencies-extras.cmake
[2.371s] -- Installing: /home/zsy/sy_git/ROS2/chapt4/chapt4_ws/install/chapt4_interfaces/share/chapt4_interfaces/cmake/ament_cmake_export_include_directories-extras.cmake
[2.371s] -- Installing: /home/zsy/sy_git/ROS2/chapt4/chapt4_ws/install/chapt4_interfaces/share/chapt4_interfaces/cmake/ament_cmake_export_libraries-extras.cmake
[2.371s] -- Installing: /home/zsy/sy_git/ROS2/chapt4/chapt4_ws/install/chapt4_interfaces/share/chapt4_interfaces/cmake/ament_cmake_export_targets-extras.cmake
[2.371s] -- Installing: /home/zsy/sy_git/ROS2/chapt4/chapt4_ws/install/chapt4_interfaces/share/chapt4_interfaces/cmake/rosidl_cmake_export_typesupport_targets-extras.cmake
[2.371s] -- Installing: /home/zsy/sy_git/ROS2/chapt4/chapt4_ws/install/chapt4_interfaces/share/chapt4_interfaces/cmake/rosidl_cmake_export_typesupport_libraries-extras.cmake
[2.373s] -- Installing: /home/zsy/sy_git/ROS2/chapt4/chapt4_ws/install/chapt4_interfaces/share/chapt4_interfaces/cmake/chapt4_interfacesConfig.cmake
[2.373s] -- Installing: /home/zsy/sy_git/ROS2/chapt4/chapt4_ws/install/chapt4_interfaces/share/chapt4_interfaces/cmake/chapt4_interfacesConfig-version.cmake
[2.373s] -- Installing: /home/zsy/sy_git/ROS2/chapt4/chapt4_ws/install/chapt4_interfaces/share/chapt4_interfaces/package.xml
[2.374s] Invoked command in '/home/zsy/sy_git/ROS2/chapt4/chapt4_ws/build/chapt4_interfaces' returned '0': CMAKE_PREFIX_PATH=/opt/ros/humble /usr/bin/cmake --install /home/zsy/sy_git/ROS2/chapt4/chapt4_ws/build/chapt4_interfaces
