[0.317s] Invoking command in '/home/zsy/sy_git/ROS2/CHAPT3_WS/topic_practice_ws/src/status_publisher': CMAKE_PREFIX_PATH=/home/zsy/sy_git/ROS2/CHAPT3_WS/topic_practice_ws/install/status_interfaces:/home/zsy/sy_git/ROS2/CHAPT3_WS/topic_practice_ws/install/status_display PYTHONPATH=/home/zsy/sy_git/ROS2/CHAPT3_WS/topic_practice_ws/build/status_publisher/prefix_override:/usr/lib/python3/dist-packages/colcon_core/task/python/colcon_distutils_commands:/home/zsy/sy_git/ROS2/CHAPT3_WS/topic_practice_ws/install/status_publisher/lib/python3.10/site-packages:${PYTHONPATH} /usr/bin/python3 -W ignore:setup.py install is deprecated setup.py egg_info --egg-base ../../build/status_publisher build --build-base /home/zsy/sy_git/ROS2/CHAPT3_WS/topic_practice_ws/build/status_publisher/build install --record /home/zsy/sy_git/ROS2/CHAPT3_WS/topic_practice_ws/build/status_publisher/install.log --single-version-externally-managed install_data
[0.440s] running egg_info
[0.440s] creating ../../build/status_publisher/status_publisher.egg-info
[0.440s] writing ../../build/status_publisher/status_publisher.egg-info/PKG-INFO
[0.441s] writing dependency_links to ../../build/status_publisher/status_publisher.egg-info/dependency_links.txt
[0.441s] writing entry points to ../../build/status_publisher/status_publisher.egg-info/entry_points.txt
[0.441s] writing requirements to ../../build/status_publisher/status_publisher.egg-info/requires.txt
[0.441s] writing top-level names to ../../build/status_publisher/status_publisher.egg-info/top_level.txt
[0.441s] writing manifest file '../../build/status_publisher/status_publisher.egg-info/SOURCES.txt'
[0.441s] reading manifest file '../../build/status_publisher/status_publisher.egg-info/SOURCES.txt'
[0.441s] adding license file 'LICENSE'
[0.441s] writing manifest file '../../build/status_publisher/status_publisher.egg-info/SOURCES.txt'
[0.441s] running build
[0.441s] running build_py
[0.441s] creating /home/zsy/sy_git/ROS2/CHAPT3_WS/topic_practice_ws/build/status_publisher/build
[0.441s] creating /home/zsy/sy_git/ROS2/CHAPT3_WS/topic_practice_ws/build/status_publisher/build/lib
[0.441s] creating /home/zsy/sy_git/ROS2/CHAPT3_WS/topic_practice_ws/build/status_publisher/build/lib/status_publisher
[0.441s] copying status_publisher/__init__.py -> /home/zsy/sy_git/ROS2/CHAPT3_WS/topic_practice_ws/build/status_publisher/build/lib/status_publisher
[0.441s] copying status_publisher/sys_status_pub.py -> /home/zsy/sy_git/ROS2/CHAPT3_WS/topic_practice_ws/build/status_publisher/build/lib/status_publisher
[0.441s] running install
[0.441s] running install_lib
[0.441s] creating /home/zsy/sy_git/ROS2/CHAPT3_WS/topic_practice_ws/install/status_publisher/lib/python3.10/site-packages/status_publisher
[0.442s] copying /home/zsy/sy_git/ROS2/CHAPT3_WS/topic_practice_ws/build/status_publisher/build/lib/status_publisher/__init__.py -> /home/zsy/sy_git/ROS2/CHAPT3_WS/topic_practice_ws/install/status_publisher/lib/python3.10/site-packages/status_publisher
[0.442s] copying /home/zsy/sy_git/ROS2/CHAPT3_WS/topic_practice_ws/build/status_publisher/build/lib/status_publisher/sys_status_pub.py -> /home/zsy/sy_git/ROS2/CHAPT3_WS/topic_practice_ws/install/status_publisher/lib/python3.10/site-packages/status_publisher
[0.442s] byte-compiling /home/zsy/sy_git/ROS2/CHAPT3_WS/topic_practice_ws/install/status_publisher/lib/python3.10/site-packages/status_publisher/__init__.py to __init__.cpython-310.pyc
[0.442s] byte-compiling /home/zsy/sy_git/ROS2/CHAPT3_WS/topic_practice_ws/install/status_publisher/lib/python3.10/site-packages/status_publisher/sys_status_pub.py to sys_status_pub.cpython-310.pyc
[0.443s] running install_data
[0.443s] creating /home/zsy/sy_git/ROS2/CHAPT3_WS/topic_practice_ws/install/status_publisher/share/ament_index
[0.443s] creating /home/zsy/sy_git/ROS2/CHAPT3_WS/topic_practice_ws/install/status_publisher/share/ament_index/resource_index
[0.443s] creating /home/zsy/sy_git/ROS2/CHAPT3_WS/topic_practice_ws/install/status_publisher/share/ament_index/resource_index/packages
[0.443s] copying resource/status_publisher -> /home/zsy/sy_git/ROS2/CHAPT3_WS/topic_practice_ws/install/status_publisher/share/ament_index/resource_index/packages
[0.443s] copying package.xml -> /home/zsy/sy_git/ROS2/CHAPT3_WS/topic_practice_ws/install/status_publisher/share/status_publisher
[0.443s] running install_egg_info
[0.445s] Copying ../../build/status_publisher/status_publisher.egg-info to /home/zsy/sy_git/ROS2/CHAPT3_WS/topic_practice_ws/install/status_publisher/lib/python3.10/site-packages/status_publisher-0.0.0-py3.10.egg-info
[0.445s] running install_scripts
[0.456s] Installing sys_status_pub script to /home/zsy/sy_git/ROS2/CHAPT3_WS/topic_practice_ws/install/status_publisher/lib/status_publisher
[0.456s] writing list of installed files to '/home/zsy/sy_git/ROS2/CHAPT3_WS/topic_practice_ws/build/status_publisher/install.log'
[0.471s] Invoked command in '/home/zsy/sy_git/ROS2/CHAPT3_WS/topic_practice_ws/src/status_publisher' returned '0': CMAKE_PREFIX_PATH=/home/zsy/sy_git/ROS2/CHAPT3_WS/topic_practice_ws/install/status_interfaces:/home/zsy/sy_git/ROS2/CHAPT3_WS/topic_practice_ws/install/status_display PYTHONPATH=/home/zsy/sy_git/ROS2/CHAPT3_WS/topic_practice_ws/build/status_publisher/prefix_override:/usr/lib/python3/dist-packages/colcon_core/task/python/colcon_distutils_commands:/home/zsy/sy_git/ROS2/CHAPT3_WS/topic_practice_ws/install/status_publisher/lib/python3.10/site-packages:${PYTHONPATH} /usr/bin/python3 -W ignore:setup.py install is deprecated setup.py egg_info --egg-base ../../build/status_publisher build --build-base /home/zsy/sy_git/ROS2/CHAPT3_WS/topic_practice_ws/build/status_publisher/build install --record /home/zsy/sy_git/ROS2/CHAPT3_WS/topic_practice_ws/build/status_publisher/install.log --single-version-externally-managed install_data
