[0.006s] Invoking command in '/home/zsy/sy_git/ROS2/chapt4/chapt4_ws/build/chapt4_interfaces': CMAKE_PREFIX_PATH=/opt/ros/humble /usr/bin/cmake /home/zsy/sy_git/ROS2/chapt4/chapt4_ws/src/chapt4_interfaces -DCMAKE_INSTALL_PREFIX=/home/zsy/sy_git/ROS2/chapt4/chapt4_ws/install/chapt4_interfaces
[0.041s] -- The C compiler identification is GNU 11.4.0
[0.076s] -- The CXX compiler identification is GNU 11.4.0
[0.081s] -- Detecting C compiler ABI info
[0.130s] -- Detecting C compiler ABI info - done
[0.133s] -- Check for working C compiler: /usr/bin/cc - skipped
[0.133s] -- Detecting C compile features
[0.133s] -- Detecting C compile features - done
[0.135s] -- Detecting CXX compiler ABI info
[0.189s] -- Detecting CXX compiler ABI info - done
[0.191s] -- Check for working CXX compiler: /usr/bin/c++ - skipped
[0.191s] -- Detecting CXX compile features
[0.192s] -- Detecting CXX compile features - done
[0.193s] -- Found ament_cmake: 1.3.10 (/opt/ros/humble/share/ament_cmake/cmake)
[0.274s] -- Found Python3: /usr/bin/python3 (found version "3.10.12") found components: Interpreter 
[0.321s] -- Found sensor_msgs: 4.2.4 (/opt/ros/humble/share/sensor_msgs/cmake)
[0.339s] -- Found rosidl_generator_c: 3.1.5 (/opt/ros/humble/share/rosidl_generator_c/cmake)
[0.341s] -- Found rosidl_adapter: 3.1.5 (/opt/ros/humble/share/rosidl_adapter/cmake)
[0.345s] -- Found rosidl_generator_cpp: 3.1.5 (/opt/ros/humble/share/rosidl_generator_cpp/cmake)
[0.352s] -- Using all available rosidl_typesupport_c: rosidl_typesupport_fastrtps_c;rosidl_typesupport_introspection_c
[0.360s] -- Using all available rosidl_typesupport_cpp: rosidl_typesupport_fastrtps_cpp;rosidl_typesupport_introspection_cpp
[0.392s] -- Found rosidl_default_generators: 1.2.0 (/opt/ros/humble/share/rosidl_default_generators/cmake)
[0.487s] -- Configuring incomplete, errors occurred!
[0.487s] See also "/home/zsy/sy_git/ROS2/chapt4/chapt4_ws/build/chapt4_interfaces/CMakeFiles/CMakeOutput.log".
[0.487s] [31mCMake Error at /opt/ros/humble/share/rosidl_adapter/cmake/rosidl_adapt_interfaces.cmake:59 (message):
[0.487s]   execute_process(/usr/bin/python3 -m rosidl_adapter --package-name
[0.487s]   chapt4_interfaces --arguments-file
[0.487s]   /home/zsy/sy_git/ROS2/chapt4/chapt4_ws/build/chapt4_interfaces/rosidl_adapter__arguments__chapt4_interfaces.json
[0.487s]   --output-dir
[0.487s]   /home/zsy/sy_git/ROS2/chapt4/chapt4_ws/build/chapt4_interfaces/rosidl_adapter/chapt4_interfaces
[0.487s]   --output-file
[0.487s]   /home/zsy/sy_git/ROS2/chapt4/chapt4_ws/build/chapt4_interfaces/rosidl_adapter/chapt4_interfaces.idls)
[0.487s]   returned error code 1:
[0.487s] 
[0.488s]   Error processing 'int[] right' of
[0.488s]   'chapt4_interfaces/FaceDetector_Response': ''int' is an invalid message
[0.488s]   name.  It should have the pattern '^[A-Z][A-Za-z0-9]*$''
[0.488s] 
[0.488s]   Traceback (most recent call last):
[0.488s] 
[0.488s]     File "/usr/lib/python3.10/runpy.py", line 196, in _run_module_as_main
[0.488s]       return _run_code(code, main_globals, None,
[0.488s]     File "/usr/lib/python3.10/runpy.py", line 86, in _run_code
[0.488s]       exec(code, run_globals)
[0.488s]     File "/opt/ros/humble/local/lib/python3.10/dist-packages/rosidl_adapter/__main__.py", line 19, in <module>
[0.488s]       sys.exit(main())
[0.488s]     File "/opt/ros/humble/local/lib/python3.10/dist-packages/rosidl_adapter/main.py", line 53, in main
[0.488s]       abs_idl_file = convert_to_idl(
[0.488s]     File "/opt/ros/humble/local/lib/python3.10/dist-packages/rosidl_adapter/__init__.py", line 24, in convert_to_idl
[0.488s]       return convert_srv_to_idl(
[0.488s]     File "/opt/ros/humble/local/lib/python3.10/dist-packages/rosidl_adapter/srv/__init__.py", line 28, in convert_srv_to_idl
[0.488s]       srv = parse_service_string(package_name, input_file.stem, content)
[0.488s]     File "/opt/ros/humble/local/lib/python3.10/dist-packages/rosidl_adapter/parser.py", line 863, in parse_service_string
[0.488s]       response_message = parse_message_string(
[0.488s]     File "/opt/ros/humble/local/lib/python3.10/dist-packages/rosidl_adapter/parser.py", line 520, in parse_message_string
[0.488s]       Type(type_string, context_package_name=pkg_name),
[0.488s]     File "/opt/ros/humble/local/lib/python3.10/dist-packages/rosidl_adapter/parser.py", line 277, in __init__
[0.488s]       super(Type, self).__init__(
[0.488s]     File "/opt/ros/humble/local/lib/python3.10/dist-packages/rosidl_adapter/parser.py", line 205, in __init__
[0.488s]       raise InvalidResourceName(
[0.488s] 
[0.488s]   rosidl_adapter.parser.InvalidResourceName: 'int' is an invalid message
[0.488s]   name.  It should have the pattern '^[A-Z][A-Za-z0-9]*$'
[0.488s] 
[0.488s] Call Stack (most recent call first):
[0.488s]   /opt/ros/humble/share/rosidl_cmake/cmake/rosidl_generate_interfaces.cmake:130 (rosidl_adapt_interfaces)
[0.488s]   CMakeLists.txt:13 (rosidl_generate_interfaces)
[0.488s] 
[0.488s] [0m
[0.494s] Invoked command in '/home/zsy/sy_git/ROS2/chapt4/chapt4_ws/build/chapt4_interfaces' returned '1': CMAKE_PREFIX_PATH=/opt/ros/humble /usr/bin/cmake /home/zsy/sy_git/ROS2/chapt4/chapt4_ws/src/chapt4_interfaces -DCMAKE_INSTALL_PREFIX=/home/zsy/sy_git/ROS2/chapt4/chapt4_ws/install/chapt4_interfaces
