-- Found ament_cmake: 1.3.10 (/opt/ros/humble/share/ament_cmake/cmake)
-- Found rclcpp: 16.0.10 (/opt/ros/humble/share/rclcpp/cmake)
-- Found rosidl_generator_c: 3.1.5 (/opt/ros/humble/share/rosidl_generator_c/cmake)
-- Found rosidl_adapter: 3.1.5 (/opt/ros/humble/share/rosidl_adapter/cmake)
-- Found rosidl_generator_cpp: 3.1.5 (/opt/ros/humble/share/rosidl_generator_cpp/cmake)
-- Using all available rosidl_typesupport_c: rosidl_typesupport_fastrtps_c;rosidl_typesupport_introspection_c
-- Using all available rosidl_typesupport_cpp: rosidl_typesupport_fastrtps_cpp;rosidl_typesupport_introspection_cpp
-- Found rmw_implementation_cmake: 6.1.2 (/opt/ros/humble/share/rmw_implementation_cmake/cmake)
-- Found rmw_fastrtps_cpp: 6.2.7 (/opt/ros/humble/share/rmw_fastrtps_cpp/cmake)
-- Using RMW implementation 'rmw_fastrtps_cpp' as default
-- Found geometry_msgs: 4.2.4 (/opt/ros/humble/share/geometry_msgs/cmake)
-- Found turtlesim: 1.4.2 (/opt/ros/humble/share/turtlesim/cmake)
-- Found ament_lint_auto: 0.12.11 (/opt/ros/humble/share/ament_lint_auto/cmake)
-- Added test 'cppcheck' to perform static code analysis on C / C++ code
-- Configured cppcheck include dirs: 
-- Configured cppcheck exclude dirs and/or files: 
-- Added test 'lint_cmake' to check CMake code style
-- Added test 'uncrustify' to check C / C++ code style
-- Configured uncrustify additional arguments: 
-- Added test 'xmllint' to check XML markup files
-- Configuring done
-- Generating done
-- Build files have been written to: /home/zsy/sy_git/ROS2/CHAPT3_WS/topic_ws/build/demo_cpp_topic
[35m[1mConsolidate compiler generated dependencies of target turtle_circle[0m
[ 25%] [32mBuilding CXX object CMakeFiles/turtle_control.dir/src/turtle_control.cpp.o[0m
[ 50%] [32mBuilding CXX object CMakeFiles/turtle_circle.dir/src/turtle_circle.cpp.o[0m
[01m[K/home/zsy/sy_git/ROS2/CHAPT3_WS/topic_ws/src/demo_cpp_topic/src/turtle_control.cpp:[m[K In member function ‘[01m[Kvoid TurtlrControlNode::on_pose_received_(turtlesim::msg::Pose_<std::allocator<void> >::SharedPtr)[m[K’:
[01m[K/home/zsy/sy_git/ROS2/CHAPT3_WS/topic_ws/src/demo_cpp_topic/src/turtle_control.cpp:26:66:[m[K [01;35m[Kwarning: [m[Kunused parameter ‘[01m[Kpose[m[K’ [[01;35m[K]8;;https://gcc.gnu.org/onlinedocs/gcc/Warning-Options.html#index-Wunused-parameter-Wunused-parameter]8;;[m[K]
   26 |     void on_pose_received_([01;35m[Kconst turtlesim::msg::Pose::SharedPtr pose[m[K) // 参数：收到数据的共享指针，
      |                            [01;35m[K~~~~~~~~~~~~~~~~~~~~~~~~~~~~~~~~~~~~~~^~~~[m[K
[ 75%] [32m[1mLinking CXX executable turtle_circle[0m
[ 75%] Built target turtle_circle
[100%] [32m[1mLinking CXX executable turtle_control[0m
[100%] Built target turtle_control
-- Install configuration: ""
-- Installing: /home/zsy/sy_git/ROS2/CHAPT3_WS/topic_ws/install/demo_cpp_topic/lib/demo_cpp_topic/turtle_circle
-- Set runtime path of "/home/zsy/sy_git/ROS2/CHAPT3_WS/topic_ws/install/demo_cpp_topic/lib/demo_cpp_topic/turtle_circle" to ""
-- Installing: /home/zsy/sy_git/ROS2/CHAPT3_WS/topic_ws/install/demo_cpp_topic/lib/demo_cpp_topic/turtle_control
-- Set runtime path of "/home/zsy/sy_git/ROS2/CHAPT3_WS/topic_ws/install/demo_cpp_topic/lib/demo_cpp_topic/turtle_control" to ""
-- Up-to-date: /home/zsy/sy_git/ROS2/CHAPT3_WS/topic_ws/install/demo_cpp_topic/share/ament_index/resource_index/package_run_dependencies/demo_cpp_topic
-- Up-to-date: /home/zsy/sy_git/ROS2/CHAPT3_WS/topic_ws/install/demo_cpp_topic/share/ament_index/resource_index/parent_prefix_path/demo_cpp_topic
-- Up-to-date: /home/zsy/sy_git/ROS2/CHAPT3_WS/topic_ws/install/demo_cpp_topic/share/demo_cpp_topic/environment/ament_prefix_path.sh
-- Installing: /home/zsy/sy_git/ROS2/CHAPT3_WS/topic_ws/install/demo_cpp_topic/share/demo_cpp_topic/environment/ament_prefix_path.dsv
-- Up-to-date: /home/zsy/sy_git/ROS2/CHAPT3_WS/topic_ws/install/demo_cpp_topic/share/demo_cpp_topic/environment/path.sh
-- Installing: /home/zsy/sy_git/ROS2/CHAPT3_WS/topic_ws/install/demo_cpp_topic/share/demo_cpp_topic/environment/path.dsv
-- Up-to-date: /home/zsy/sy_git/ROS2/CHAPT3_WS/topic_ws/install/demo_cpp_topic/share/demo_cpp_topic/local_setup.bash
-- Up-to-date: /home/zsy/sy_git/ROS2/CHAPT3_WS/topic_ws/install/demo_cpp_topic/share/demo_cpp_topic/local_setup.sh
-- Up-to-date: /home/zsy/sy_git/ROS2/CHAPT3_WS/topic_ws/install/demo_cpp_topic/share/demo_cpp_topic/local_setup.zsh
-- Installing: /home/zsy/sy_git/ROS2/CHAPT3_WS/topic_ws/install/demo_cpp_topic/share/demo_cpp_topic/local_setup.dsv
-- Installing: /home/zsy/sy_git/ROS2/CHAPT3_WS/topic_ws/install/demo_cpp_topic/share/demo_cpp_topic/package.dsv
-- Up-to-date: /home/zsy/sy_git/ROS2/CHAPT3_WS/topic_ws/install/demo_cpp_topic/share/ament_index/resource_index/packages/demo_cpp_topic
-- Up-to-date: /home/zsy/sy_git/ROS2/CHAPT3_WS/topic_ws/install/demo_cpp_topic/share/demo_cpp_topic/cmake/demo_cpp_topicConfig.cmake
-- Up-to-date: /home/zsy/sy_git/ROS2/CHAPT3_WS/topic_ws/install/demo_cpp_topic/share/demo_cpp_topic/cmake/demo_cpp_topicConfig-version.cmake
-- Up-to-date: /home/zsy/sy_git/ROS2/CHAPT3_WS/topic_ws/install/demo_cpp_topic/share/demo_cpp_topic/package.xml
