[0.014s] Invoking command in '/home/zsy/sy_git/ROS2/CHAPT3_WS/topic_ws/build/demo_cpp_topic': CMAKE_PREFIX_PATH=/opt/ros/humble /usr/bin/cmake --build /home/zsy/sy_git/ROS2/CHAPT3_WS/topic_ws/build/demo_cpp_topic -- -j4 -l4
[0.065s] -- Found ament_cmake: 1.3.10 (/opt/ros/humble/share/ament_cmake/cmake)
[0.159s] -- Found rclcpp: 16.0.10 (/opt/ros/humble/share/rclcpp/cmake)
[0.187s] -- Found rosidl_generator_c: 3.1.5 (/opt/ros/humble/share/rosidl_generator_c/cmake)
[0.189s] -- Found rosidl_adapter: 3.1.5 (/opt/ros/humble/share/rosidl_adapter/cmake)
[0.195s] -- Found rosidl_generator_cpp: 3.1.5 (/opt/ros/humble/share/rosidl_generator_cpp/cmake)
[0.204s] -- Using all available rosidl_typesupport_c: rosidl_typesupport_fastrtps_c;rosidl_typesupport_introspection_c
[0.215s] -- Using all available rosidl_typesupport_cpp: rosidl_typesupport_fastrtps_cpp;rosidl_typesupport_introspection_cpp
[0.244s] -- Found rmw_implementation_cmake: 6.1.2 (/opt/ros/humble/share/rmw_implementation_cmake/cmake)
[0.246s] -- Found rmw_fastrtps_cpp: 6.2.7 (/opt/ros/humble/share/rmw_fastrtps_cpp/cmake)
[0.319s] -- Using RMW implementation 'rmw_fastrtps_cpp' as default
[0.361s] -- Found geometry_msgs: 4.2.4 (/opt/ros/humble/share/geometry_msgs/cmake)
[0.371s] -- Found turtlesim: 1.4.2 (/opt/ros/humble/share/turtlesim/cmake)
[0.411s] -- Found ament_lint_auto: 0.12.11 (/opt/ros/humble/share/ament_lint_auto/cmake)
[0.460s] -- Added test 'cppcheck' to perform static code analysis on C / C++ code
[0.460s] -- Configured cppcheck include dirs: 
[0.461s] -- Configured cppcheck exclude dirs and/or files: 
[0.461s] -- Added test 'lint_cmake' to check CMake code style
[0.463s] -- Added test 'uncrustify' to check C / C++ code style
[0.463s] -- Configured uncrustify additional arguments: 
[0.464s] -- Added test 'xmllint' to check XML markup files
[0.465s] -- Configuring done
[0.480s] -- Generating done
[0.482s] -- Build files have been written to: /home/zsy/sy_git/ROS2/CHAPT3_WS/topic_ws/build/demo_cpp_topic
[0.504s] [35m[1mConsolidate compiler generated dependencies of target turtle_circle[0m
[0.511s] [ 25%] [32mBuilding CXX object CMakeFiles/turtle_control.dir/src/turtle_control.cpp.o[0m
[0.520s] [ 50%] [32mBuilding CXX object CMakeFiles/turtle_circle.dir/src/turtle_circle.cpp.o[0m
[2.028s] [01m[K/home/zsy/sy_git/ROS2/CHAPT3_WS/topic_ws/src/demo_cpp_topic/src/turtle_control.cpp:[m[K In member function ‘[01m[Kvoid TurtlrControlNode::on_pose_received_(turtlesim::msg::Pose_<std::allocator<void> >::SharedPtr)[m[K’:
[2.028s] [01m[K/home/zsy/sy_git/ROS2/CHAPT3_WS/topic_ws/src/demo_cpp_topic/src/turtle_control.cpp:26:66:[m[K [01;35m[Kwarning: [m[Kunused parameter ‘[01m[Kpose[m[K’ [[01;35m[K]8;;https://gcc.gnu.org/onlinedocs/gcc/Warning-Options.html#index-Wunused-parameter-Wunused-parameter]8;;[m[K]
[2.028s]    26 |     void on_pose_received_([01;35m[Kconst turtlesim::msg::Pose::SharedPtr pose[m[K) // 参数：收到数据的共享指针，
[2.028s]       |                            [01;35m[K~~~~~~~~~~~~~~~~~~~~~~~~~~~~~~~~~~~~~~^~~~[m[K
[3.363s] [ 75%] [32m[1mLinking CXX executable turtle_circle[0m
[3.521s] [ 75%] Built target turtle_circle
[5.794s] [100%] [32m[1mLinking CXX executable turtle_control[0m
[6.036s] [100%] Built target turtle_control
[6.045s] Invoked command in '/home/zsy/sy_git/ROS2/CHAPT3_WS/topic_ws/build/demo_cpp_topic' returned '0': CMAKE_PREFIX_PATH=/opt/ros/humble /usr/bin/cmake --build /home/zsy/sy_git/ROS2/CHAPT3_WS/topic_ws/build/demo_cpp_topic -- -j4 -l4
[6.076s] Invoking command in '/home/zsy/sy_git/ROS2/CHAPT3_WS/topic_ws/build/demo_cpp_topic': CMAKE_PREFIX_PATH=/opt/ros/humble /usr/bin/cmake --install /home/zsy/sy_git/ROS2/CHAPT3_WS/topic_ws/build/demo_cpp_topic
[6.081s] -- Install configuration: ""
[6.082s] -- Installing: /home/zsy/sy_git/ROS2/CHAPT3_WS/topic_ws/install/demo_cpp_topic/lib/demo_cpp_topic/turtle_circle
[6.083s] -- Set runtime path of "/home/zsy/sy_git/ROS2/CHAPT3_WS/topic_ws/install/demo_cpp_topic/lib/demo_cpp_topic/turtle_circle" to ""
[6.083s] -- Installing: /home/zsy/sy_git/ROS2/CHAPT3_WS/topic_ws/install/demo_cpp_topic/lib/demo_cpp_topic/turtle_control
[6.088s] -- Set runtime path of "/home/zsy/sy_git/ROS2/CHAPT3_WS/topic_ws/install/demo_cpp_topic/lib/demo_cpp_topic/turtle_control" to ""
[6.088s] -- Up-to-date: /home/zsy/sy_git/ROS2/CHAPT3_WS/topic_ws/install/demo_cpp_topic/share/ament_index/resource_index/package_run_dependencies/demo_cpp_topic
[6.089s] -- Up-to-date: /home/zsy/sy_git/ROS2/CHAPT3_WS/topic_ws/install/demo_cpp_topic/share/ament_index/resource_index/parent_prefix_path/demo_cpp_topic
[6.089s] -- Up-to-date: /home/zsy/sy_git/ROS2/CHAPT3_WS/topic_ws/install/demo_cpp_topic/share/demo_cpp_topic/environment/ament_prefix_path.sh
[6.089s] -- Installing: /home/zsy/sy_git/ROS2/CHAPT3_WS/topic_ws/install/demo_cpp_topic/share/demo_cpp_topic/environment/ament_prefix_path.dsv
[6.089s] -- Up-to-date: /home/zsy/sy_git/ROS2/CHAPT3_WS/topic_ws/install/demo_cpp_topic/share/demo_cpp_topic/environment/path.sh
[6.089s] -- Installing: /home/zsy/sy_git/ROS2/CHAPT3_WS/topic_ws/install/demo_cpp_topic/share/demo_cpp_topic/environment/path.dsv
[6.089s] -- Up-to-date: /home/zsy/sy_git/ROS2/CHAPT3_WS/topic_ws/install/demo_cpp_topic/share/demo_cpp_topic/local_setup.bash
[6.089s] -- Up-to-date: /home/zsy/sy_git/ROS2/CHAPT3_WS/topic_ws/install/demo_cpp_topic/share/demo_cpp_topic/local_setup.sh
[6.089s] -- Up-to-date: /home/zsy/sy_git/ROS2/CHAPT3_WS/topic_ws/install/demo_cpp_topic/share/demo_cpp_topic/local_setup.zsh
[6.089s] -- Installing: /home/zsy/sy_git/ROS2/CHAPT3_WS/topic_ws/install/demo_cpp_topic/share/demo_cpp_topic/local_setup.dsv
[6.089s] -- Installing: /home/zsy/sy_git/ROS2/CHAPT3_WS/topic_ws/install/demo_cpp_topic/share/demo_cpp_topic/package.dsv
[6.089s] -- Up-to-date: /home/zsy/sy_git/ROS2/CHAPT3_WS/topic_ws/install/demo_cpp_topic/share/ament_index/resource_index/packages/demo_cpp_topic
[6.089s] -- Up-to-date: /home/zsy/sy_git/ROS2/CHAPT3_WS/topic_ws/install/demo_cpp_topic/share/demo_cpp_topic/cmake/demo_cpp_topicConfig.cmake
[6.089s] -- Up-to-date: /home/zsy/sy_git/ROS2/CHAPT3_WS/topic_ws/install/demo_cpp_topic/share/demo_cpp_topic/cmake/demo_cpp_topicConfig-version.cmake
[6.089s] -- Up-to-date: /home/zsy/sy_git/ROS2/CHAPT3_WS/topic_ws/install/demo_cpp_topic/share/demo_cpp_topic/package.xml
[6.091s] Invoked command in '/home/zsy/sy_git/ROS2/CHAPT3_WS/topic_ws/build/demo_cpp_topic' returned '0': CMAKE_PREFIX_PATH=/opt/ros/humble /usr/bin/cmake --install /home/zsy/sy_git/ROS2/CHAPT3_WS/topic_ws/build/demo_cpp_topic
