[0.011s] Invoking command in '/home/zsy/sy_git/ROS2/CHAPT3_WS/topic_ws/build/demo_cpp_topic': CMAKE_PREFIX_PATH=/opt/ros/humble /usr/bin/cmake --build /home/zsy/sy_git/ROS2/CHAPT3_WS/topic_ws/build/demo_cpp_topic -- -j4 -l4
[0.044s] [35m[1mConsolidate compiler generated dependencies of target turtle_control[0m
[0.054s] [ 50%] [32mBuilding CXX object CMakeFiles/turtle_control.dir/src/turtle_control.cpp.o[0m
[0.054s] [ 75%] Built target turtle_circle
[4.801s] [100%] [32m[1mLinking CXX executable turtle_control[0m
[5.031s] [100%] Built target turtle_control
[5.042s] Invoked command in '/home/zsy/sy_git/ROS2/CHAPT3_WS/topic_ws/build/demo_cpp_topic' returned '0': CMAKE_PREFIX_PATH=/opt/ros/humble /usr/bin/cmake --build /home/zsy/sy_git/ROS2/CHAPT3_WS/topic_ws/build/demo_cpp_topic -- -j4 -l4
[5.070s] Invoking command in '/home/zsy/sy_git/ROS2/CHAPT3_WS/topic_ws/build/demo_cpp_topic': CMAKE_PREFIX_PATH=/opt/ros/humble /usr/bin/cmake --install /home/zsy/sy_git/ROS2/CHAPT3_WS/topic_ws/build/demo_cpp_topic
[5.076s] -- Install configuration: ""
[5.076s] -- Up-to-date: /home/zsy/sy_git/ROS2/CHAPT3_WS/topic_ws/install/demo_cpp_topic/lib/demo_cpp_topic/turtle_circle
[5.076s] -- Installing: /home/zsy/sy_git/ROS2/CHAPT3_WS/topic_ws/install/demo_cpp_topic/lib/demo_cpp_topic/turtle_control
[5.081s] -- Set runtime path of "/home/zsy/sy_git/ROS2/CHAPT3_WS/topic_ws/install/demo_cpp_topic/lib/demo_cpp_topic/turtle_control" to ""
[5.081s] -- Up-to-date: /home/zsy/sy_git/ROS2/CHAPT3_WS/topic_ws/install/demo_cpp_topic/share/ament_index/resource_index/package_run_dependencies/demo_cpp_topic
[5.081s] -- Up-to-date: /home/zsy/sy_git/ROS2/CHAPT3_WS/topic_ws/install/demo_cpp_topic/share/ament_index/resource_index/parent_prefix_path/demo_cpp_topic
[5.081s] -- Up-to-date: /home/zsy/sy_git/ROS2/CHAPT3_WS/topic_ws/install/demo_cpp_topic/share/demo_cpp_topic/environment/ament_prefix_path.sh
[5.081s] -- Up-to-date: /home/zsy/sy_git/ROS2/CHAPT3_WS/topic_ws/install/demo_cpp_topic/share/demo_cpp_topic/environment/ament_prefix_path.dsv
[5.081s] -- Up-to-date: /home/zsy/sy_git/ROS2/CHAPT3_WS/topic_ws/install/demo_cpp_topic/share/demo_cpp_topic/environment/path.sh
[5.081s] -- Up-to-date: /home/zsy/sy_git/ROS2/CHAPT3_WS/topic_ws/install/demo_cpp_topic/share/demo_cpp_topic/environment/path.dsv
[5.081s] -- Up-to-date: /home/zsy/sy_git/ROS2/CHAPT3_WS/topic_ws/install/demo_cpp_topic/share/demo_cpp_topic/local_setup.bash
[5.081s] -- Up-to-date: /home/zsy/sy_git/ROS2/CHAPT3_WS/topic_ws/install/demo_cpp_topic/share/demo_cpp_topic/local_setup.sh
[5.081s] -- Up-to-date: /home/zsy/sy_git/ROS2/CHAPT3_WS/topic_ws/install/demo_cpp_topic/share/demo_cpp_topic/local_setup.zsh
[5.081s] -- Up-to-date: /home/zsy/sy_git/ROS2/CHAPT3_WS/topic_ws/install/demo_cpp_topic/share/demo_cpp_topic/local_setup.dsv
[5.081s] -- Installing: /home/zsy/sy_git/ROS2/CHAPT3_WS/topic_ws/install/demo_cpp_topic/share/demo_cpp_topic/package.dsv
[5.081s] -- Up-to-date: /home/zsy/sy_git/ROS2/CHAPT3_WS/topic_ws/install/demo_cpp_topic/share/ament_index/resource_index/packages/demo_cpp_topic
[5.081s] -- Up-to-date: /home/zsy/sy_git/ROS2/CHAPT3_WS/topic_ws/install/demo_cpp_topic/share/demo_cpp_topic/cmake/demo_cpp_topicConfig.cmake
[5.081s] -- Up-to-date: /home/zsy/sy_git/ROS2/CHAPT3_WS/topic_ws/install/demo_cpp_topic/share/demo_cpp_topic/cmake/demo_cpp_topicConfig-version.cmake
[5.081s] -- Up-to-date: /home/zsy/sy_git/ROS2/CHAPT3_WS/topic_ws/install/demo_cpp_topic/share/demo_cpp_topic/package.xml
[5.083s] Invoked command in '/home/zsy/sy_git/ROS2/CHAPT3_WS/topic_ws/build/demo_cpp_topic' returned '0': CMAKE_PREFIX_PATH=/opt/ros/humble /usr/bin/cmake --install /home/zsy/sy_git/ROS2/CHAPT3_WS/topic_ws/build/demo_cpp_topic
